Archive member included to satisfy reference by file (symbol)

/opt/st/stm32cubeide_1.15.1/plugins/com.st.stm32cube.ide.mcu.externaltools.gnu-tools-for-stm32.12.3.rel1.linux64_1.0.100.202403111256/tools/bin/../lib/gcc/arm-none-eabi/12.3.1/../../../../arm-none-eabi/lib/thumb/v7e-m+fp/hard/libc_nano.a(libc_a-exit.o)
                              /opt/st/stm32cubeide_1.15.1/plugins/com.st.stm32cube.ide.mcu.externaltools.gnu-tools-for-stm32.12.3.rel1.linux64_1.0.100.202403111256/tools/bin/../lib/gcc/arm-none-eabi/12.3.1/../../../../arm-none-eabi/lib/thumb/v7e-m+fp/hard/crt0.o (exit)
/opt/st/stm32cubeide_1.15.1/plugins/com.st.stm32cube.ide.mcu.externaltools.gnu-tools-for-stm32.12.3.rel1.linux64_1.0.100.202403111256/tools/bin/../lib/gcc/arm-none-eabi/12.3.1/../../../../arm-none-eabi/lib/thumb/v7e-m+fp/hard/libc_nano.a(libc_a-findfp.o)
                              /opt/st/stm32cubeide_1.15.1/plugins/com.st.stm32cube.ide.mcu.externaltools.gnu-tools-for-stm32.12.3.rel1.linux64_1.0.100.202403111256/tools/bin/../lib/gcc/arm-none-eabi/12.3.1/../../../../arm-none-eabi/lib/thumb/v7e-m+fp/hard/libc_nano.a(libc_a-exit.o) (__stdio_exit_handler)
/opt/st/stm32cubeide_1.15.1/plugins/com.st.stm32cube.ide.mcu.externaltools.gnu-tools-for-stm32.12.3.rel1.linux64_1.0.100.202403111256/tools/bin/../lib/gcc/arm-none-eabi/12.3.1/../../../../arm-none-eabi/lib/thumb/v7e-m+fp/hard/libc_nano.a(libc_a-fwalk.o)
                              /opt/st/stm32cubeide_1.15.1/plugins/com.st.stm32cube.ide.mcu.externaltools.gnu-tools-for-stm32.12.3.rel1.linux64_1.0.100.202403111256/tools/bin/../lib/gcc/arm-none-eabi/12.3.1/../../../../arm-none-eabi/lib/thumb/v7e-m+fp/hard/libc_nano.a(libc_a-findfp.o) (_fwalk_sglue)
/opt/st/stm32cubeide_1.15.1/plugins/com.st.stm32cube.ide.mcu.externaltools.gnu-tools-for-stm32.12.3.rel1.linux64_1.0.100.202403111256/tools/bin/../lib/gcc/arm-none-eabi/12.3.1/../../../../arm-none-eabi/lib/thumb/v7e-m+fp/hard/libc_nano.a(libc_a-sprintf.o)
                              ./Core/Src/main.o (sprintf)
/opt/st/stm32cubeide_1.15.1/plugins/com.st.stm32cube.ide.mcu.externaltools.gnu-tools-for-stm32.12.3.rel1.linux64_1.0.100.202403111256/tools/bin/../lib/gcc/arm-none-eabi/12.3.1/../../../../arm-none-eabi/lib/thumb/v7e-m+fp/hard/libc_nano.a(libc_a-stdio.o)
                              /opt/st/stm32cubeide_1.15.1/plugins/com.st.stm32cube.ide.mcu.externaltools.gnu-tools-for-stm32.12.3.rel1.linux64_1.0.100.202403111256/tools/bin/../lib/gcc/arm-none-eabi/12.3.1/../../../../arm-none-eabi/lib/thumb/v7e-m+fp/hard/libc_nano.a(libc_a-findfp.o) (__sread)
/opt/st/stm32cubeide_1.15.1/plugins/com.st.stm32cube.ide.mcu.externaltools.gnu-tools-for-stm32.12.3.rel1.linux64_1.0.100.202403111256/tools/bin/../lib/gcc/arm-none-eabi/12.3.1/../../../../arm-none-eabi/lib/thumb/v7e-m+fp/hard/libc_nano.a(libc_a-memset.o)
                              /opt/st/stm32cubeide_1.15.1/plugins/com.st.stm32cube.ide.mcu.externaltools.gnu-tools-for-stm32.12.3.rel1.linux64_1.0.100.202403111256/tools/bin/../lib/gcc/arm-none-eabi/12.3.1/../../../../arm-none-eabi/lib/thumb/v7e-m+fp/hard/crt0.o (memset)
/opt/st/stm32cubeide_1.15.1/plugins/com.st.stm32cube.ide.mcu.externaltools.gnu-tools-for-stm32.12.3.rel1.linux64_1.0.100.202403111256/tools/bin/../lib/gcc/arm-none-eabi/12.3.1/../../../../arm-none-eabi/lib/thumb/v7e-m+fp/hard/libc_nano.a(libc_a-closer.o)
                              /opt/st/stm32cubeide_1.15.1/plugins/com.st.stm32cube.ide.mcu.externaltools.gnu-tools-for-stm32.12.3.rel1.linux64_1.0.100.202403111256/tools/bin/../lib/gcc/arm-none-eabi/12.3.1/../../../../arm-none-eabi/lib/thumb/v7e-m+fp/hard/libc_nano.a(libc_a-stdio.o) (_close_r)
/opt/st/stm32cubeide_1.15.1/plugins/com.st.stm32cube.ide.mcu.externaltools.gnu-tools-for-stm32.12.3.rel1.linux64_1.0.100.202403111256/tools/bin/../lib/gcc/arm-none-eabi/12.3.1/../../../../arm-none-eabi/lib/thumb/v7e-m+fp/hard/libc_nano.a(libc_a-reent.o)
                              /opt/st/stm32cubeide_1.15.1/plugins/com.st.stm32cube.ide.mcu.externaltools.gnu-tools-for-stm32.12.3.rel1.linux64_1.0.100.202403111256/tools/bin/../lib/gcc/arm-none-eabi/12.3.1/../../../../arm-none-eabi/lib/thumb/v7e-m+fp/hard/libc_nano.a(libc_a-closer.o) (errno)
/opt/st/stm32cubeide_1.15.1/plugins/com.st.stm32cube.ide.mcu.externaltools.gnu-tools-for-stm32.12.3.rel1.linux64_1.0.100.202403111256/tools/bin/../lib/gcc/arm-none-eabi/12.3.1/../../../../arm-none-eabi/lib/thumb/v7e-m+fp/hard/libc_nano.a(libc_a-impure.o)
                              /opt/st/stm32cubeide_1.15.1/plugins/com.st.stm32cube.ide.mcu.externaltools.gnu-tools-for-stm32.12.3.rel1.linux64_1.0.100.202403111256/tools/bin/../lib/gcc/arm-none-eabi/12.3.1/../../../../arm-none-eabi/lib/thumb/v7e-m+fp/hard/libc_nano.a(libc_a-sprintf.o) (_impure_ptr)
/opt/st/stm32cubeide_1.15.1/plugins/com.st.stm32cube.ide.mcu.externaltools.gnu-tools-for-stm32.12.3.rel1.linux64_1.0.100.202403111256/tools/bin/../lib/gcc/arm-none-eabi/12.3.1/../../../../arm-none-eabi/lib/thumb/v7e-m+fp/hard/libc_nano.a(libc_a-lseekr.o)
[...]
Memory Configuration

Name             Origin             Length             Attributes
RAM              0x20000000         0x00020000         xrw
FLASH            0x08000000         0x00080000         xr
*default*        0x00000000         0xffffffff

Linker script and memory map

LOAD /opt/st/stm32cubeide_1.15.1/plugins/com.st.stm32cube.ide.mcu.externaltools.gnu-tools-for-stm32.12.3.rel1.linux64_1.0.100.202403111256/tools/bin/../lib/gcc/arm-none-eabi/12.3.1/thumb/v7e-m+fp/hard/crti.o
LOAD /opt/st/stm32cubeide_1.15.1/plugins/com.st.stm32cube.ide.mcu.externaltools.gnu-tools-for-stm32.12.3.rel1.linux64_1.0.100.202403111256/tools/bin/../lib/gcc/arm-none-eabi/12.3.1/thumb/v7e-m+fp/hard/crtbegin.o
LOAD /opt/st/stm32cubeide_1.15.1/plugins/com.st.stm32cube.ide.mcu.externaltools.gnu-tools-for-stm32.12.3.rel1.linux64_1.0.100.202403111256/tools/bin/../lib/gcc/arm-none-eabi/12.3.1/../../../../arm-none-eabi/lib/thumb/v7e-m+fp/hard/crt0.o
LOAD ./Core/Src/ARGB.o
LOAD ./Core/Src/MicroMenu.o
LOAD ./Core/Src/fonts.o
LOAD ./Core/Src/main.o
LOAD ./Core/Src/ssd1306.o
LOAD ./Core/Src/stm32f4xx_hal_msp.o
LOAD ./Core/Src/stm32f4xx_it.o
LOAD ./Core/Src/syscalls.o
LOAD ./Core/Src/sysmem.o
LOAD ./Core/Src/system_stm32f4xx.o
LOAD ./Core/Startup/startup_stm32f411ceux.o
LOAD ./Drivers/STM32F4xx_HAL_Driver/Src/stm32f4xx_hal.o
LOAD ./Drivers/STM32F4xx_HAL_Driver/Src/stm32f4xx_hal_adc.o
LOAD ./Drivers/STM32F4xx_HAL_Driver/Src/stm32f4xx_hal_adc_ex.o
LOAD ./Drivers/STM32F4xx_HAL_Driver/Src/stm32f4xx_hal_cortex.o
LOAD ./Drivers/STM32F4xx_HAL_Driver/Src/stm32f4xx_hal_dma.o
LOAD ./Drivers/STM32F4xx_HAL_Driver/Src/stm32f4xx_hal_dma_ex.o
LOAD ./Drivers/STM32F4xx_HAL_Driver/Src/stm32f4xx_hal_exti.o
LOAD ./Drivers/STM32F4xx_HAL_Driver/Src/stm32f4xx_hal_flash.o
LOAD ./Drivers/STM32F4xx_HAL_Driver/Src/stm32f4xx_hal_flash_ex.o
LOAD ./Drivers/STM32F4xx_HAL_Driver/Src/stm32f4xx_hal_flash_ramfunc.o
LOAD ./Drivers/STM32F4xx_HAL_Driver/Src/stm32f4xx_hal_gpio.o
LOAD ./Drivers/STM32F4xx_HAL_Driver/Src/stm32f4xx_hal_i2c.o
LOAD ./Drivers/STM32F4xx_HAL_Driver/Src/stm32f4xx_hal_i2c_ex.o
LOAD ./Drivers/STM32F4xx_HAL_Driver/Src/stm32f4xx_hal_pcd.o
LOAD ./Drivers/STM32F4xx_HAL_Driver/Src/stm32f4xx_hal_pcd_ex.o
LOAD ./Drivers/STM32F4xx_HAL_Driver/Src/stm32f4xx_hal_pwr.o
LOAD ./Drivers/STM32F4xx_HAL_Driver/Src/stm32f4xx_hal_pwr_ex.o
LOAD ./Drivers/STM32F4xx_HAL_Driver/Src/stm32f4xx_hal_rcc.o
LOAD ./Drivers/STM32F4xx_HAL_Driver/Src/stm32f4xx_hal_rcc_ex.o
LOAD ./Drivers/STM32F4xx_HAL_Driver/Src/stm32f4xx_hal_tim.o
LOAD ./Drivers/STM32F4xx_HAL_Driver/Src/stm32f4xx_hal_tim_ex.o
LOAD ./Drivers/STM32F4xx_HAL_Driver/Src/stm32f4xx_ll_adc.o
LOAD ./Drivers/STM32F4xx_HAL_Driver/Src/stm32f4xx_ll_usb.o
LOAD ./Middlewares/ST/STM32_USB_Device_Library/Class/HID/Src/usbd_hid.o
LOAD ./Middlewares/ST/STM32_USB_Device_Library/Core/Src/usbd_core.o
LOAD ./Middlewares/ST/STM32_USB_Device_Library/Core/Src/usbd_ctlreq.o
LOAD ./Middlewares/ST/STM32_USB_Device_Library/Core/Src/usbd_ioreq.o
LOAD ./USB_DEVICE/App/usb_device.o
LOAD ./USB_DEVICE/App/usbd_desc.o
LOAD ./USB_DEVICE/Target/usbd_conf.o
START GROUP
LOAD /opt/st/stm32cubeide_1.15.1/plugins/com.st.stm32cube.ide.mcu.externaltools.gnu-tools-for-stm32.12.3.rel1.linux64_1.0.100.202403111256/tools/bin/../lib/gcc/arm-none-eabi/12.3.1/../../../../arm-none-eabi/lib/thumb/v7e-m+fp/hard/libc_nano.a
LOAD /opt/st/stm32cubeide_1.15.1/plugins/com.st.stm32cube.ide.mcu.externaltools.gnu-tools-for-stm32.12.3.rel1.linux64_1.0.100.202403111256/tools/bin/../lib/gcc/arm-none-eabi/12.3.1/../../../../arm-none-eabi/lib/thumb/v7e-m+fp/hard/libm.a
END GROUP
START GROUP
LOAD /opt/st/stm32cubeide_1.15.1/plugins/com.st.stm32cube.ide.mcu.externaltools.gnu-tools-for-stm32.12.3.rel1.linux64_1.0.100.202403111256/tools/bin/../lib/gcc/arm-none-eabi/12.3.1/thumb/v7e-m+fp/hard/libgcc.a
LOAD /opt/st/stm32cubeide_1.15.1/plugins/com.st.stm32cube.ide.mcu.externaltools.gnu-tools-for-stm32.12.3.rel1.linux64_1.0.100.202403111256/tools/bin/../lib/gcc/arm-none-eabi/12.3.1/../../../../arm-none-eabi/lib/thumb/v7e-m+fp/hard/libc_nano.a
END GROUP
START GROUP
LOAD /opt/st/stm32cubeide_1.15.1/plugins/com.st.stm32cube.ide.mcu.externaltools.gnu-tools-for-stm32.12.3.rel1.linux64_1.0.100.202403111256/tools/bin/../lib/gcc/arm-none-eabi/12.3.1/thumb/v7e-m+fp/hard/libgcc.a
LOAD /opt/st/stm32cubeide_1.15.1/plugins/com.st.stm32cube.ide.mcu.externaltools.gnu-tools-for-stm32.12.3.rel1.linux64_1.0.100.202403111256/tools/bin/../lib/gcc/arm-none-eabi/12.3.1/../../../../arm-none-eabi/lib/thumb/v7e-m+fp/hard/libc_nano.a
LOAD /opt/st/stm32cubeide_1.15.1/plugins/com.st.stm32cube.ide.mcu.externaltools.gnu-tools-for-stm32.12.3.rel1.linux64_1.0.100.202403111256/tools/bin/../lib/gcc/arm-none-eabi/12.3.1/../../../../arm-none-eabi/lib/thumb/v7e-m+fp/hard/libnosys.a
END GROUP
START GROUP
LOAD /opt/st/stm32cubeide_1.15.1/plugins/com.st.stm32cube.ide.mcu.externaltools.gnu-tools-for-stm32.12.3.rel1.linux64_1.0.100.202403111256/tools/bin/../lib/gcc/arm-none-eabi/12.3.1/thumb/v7e-m+fp/hard/libgcc.a
LOAD /opt/st/stm32cubeide_1.15.1/plugins/com.st.stm32cube.ide.mcu.externaltools.gnu-tools-for-stm32.12.3.rel1.linux64_1.0.100.202403111256/tools/bin/../lib/gcc/arm-none-eabi/12.3.1/../../../../arm-none-eabi/lib/thumb/v7e-m+fp/hard/libc_nano.a
LOAD /opt/st/stm32cubeide_1.15.1/plugins/com.st.stm32cube.ide.mcu.externaltools.gnu-tools-for-stm32.12.3.rel1.linux64_1.0.100.202403111256/tools/bin/../lib/gcc/arm-none-eabi/12.3.1/../../../../arm-none-eabi/lib/thumb/v7e-m+fp/hard/libnosys.a
END GROUP
LOAD /opt/st/stm32cubeide_1.15.1/plugins/com.st.stm32cube.ide.mcu.externaltools.gnu-tools-for-stm32.12.3.rel1.linux64_1.0.100.202403111256/tools/bin/../lib/gcc/arm-none-eabi/12.3.1/thumb/v7e-m+fp/hard/crtend.o
LOAD /opt/st/stm32cubeide_1.15.1/plugins/com.st.stm32cube.ide.mcu.externaltools.gnu-tools-for-stm32.12.3.rel1.linux64_1.0.100.202403111256/tools/bin/../lib/gcc/arm-none-eabi/12.3.1/thumb/v7e-m+fp/hard/crtn.o
                0x20020000                        _estack = (ORIGIN (RAM) + LENGTH (RAM))
                0x00000200                        _Min_Heap_Size = 0x200
                0x00000400                        _Min_Stack_Size = 0x400

.isr_vector     0x08000000      0x198
                0x08000000                        . = ALIGN (0x4)
 *(.isr_vector)
 .isr_vector    0x08000000      0x198 ./Core/Startup/startup_stm32f411ceux.o
                0x08000000                g_pfnVectors
                0x08000198                        . = ALIGN (0x4)

.text           0x080001a0     0xe4c4
                0x080001a0                        . = ALIGN (0x4)
 *(.text)
 .text          0x080001a0       0x40 /opt/st/stm32cubeide_1.15.1/plugins/com.st.stm32cube.ide.mcu.externaltools.gnu-tools-for-stm32.12.3.rel1.linux64_1.0.100.202403111256/tools/bin/../lib/gcc/arm-none-eabi/12.3.1/thumb/v7e-m+fp/hard/crtbegin.o
 .text          0x080001e0       0xa0 /opt/st/stm32cubeide_1.15.1/plugins/com.st.stm32cube.ide.mcu.externaltools.gnu-tools-for-stm32.12.3.rel1.linux64_1.0.100.202403111256/tools/bin/../lib/gcc/arm-none-eabi/12.3.1/../../../../arm-none-eabi/lib/thumb/v7e-m+fp/hard/libc_nano.a(libc_a-memchr.o)
                0x080001e0                memchr
 .text          0x08000280      0x254 /opt/st/stm32cubeide_1.15.1/plugins/com.st.stm32cube.ide.mcu.externaltools.gnu-tools-for-stm32.12.3.rel1.linux64_1.0.100.202403111256/tools/bin/../lib/gcc/arm-none-eabi/12.3.1/thumb/v7e-m+fp/hard/libgcc.a(_arm_muldf3.o)
                0x08000280                __aeabi_dmul
                0x08000280                __muldf3
 .text          0x080004d4      0x378 /opt/st/stm32cubeide_1.15.1/plugins/com.st.stm32cube.ide.mcu.externaltools.gnu-tools-for-stm32.12.3.rel1.linux64_1.0.100.202403111256/tools/bin/../lib/gcc/arm-none-eabi/12.3.1/thumb/v7e-m+fp/hard/libgcc.a(_arm_addsubdf3.o)
                0x080004d4                __aeabi_drsub
                0x080004dc                __aeabi_dsub
                0x080004dc                __subdf3
                0x080004e0                __adddf3
                0x080004e0                __aeabi_dadd
                0x08000758                __aeabi_ui2d
                0x08000758                __floatunsidf
                0x08000778                __floatsidf
                0x08000778                __aeabi_i2d
                0x0800079c                __extendsfdf2
                0x0800079c                __aeabi_f2d
                0x080007e0                __aeabi_ul2d
                0x080007e0                __floatundidf
                0x080007f0                __floatdidf
                0x080007f0                __aeabi_l2d
 .text          0x0800084c       0x40 /opt/st/stm32cubeide_1.15.1/plugins/com.st.stm32cube.ide.mcu.externaltools.gnu-tools-for-stm32.12.3.rel1.linux64_1.0.100.202403111256/tools/bin/../lib/gcc/arm-none-eabi/12.3.1/thumb/v7e-m+fp/hard/libgcc.a(_arm_fixunsdfsi.o)
                0x0800084c                __fixunsdfsi
                0x0800084c                __aeabi_d2uiz
 .text          0x0800088c       0x30 /opt/st/stm32cubeide_1.15.1/plugins/com.st.stm32cube.ide.mcu.externaltools.gnu-tools-for-stm32.12.3.rel1.linux64_1.0.100.202403111256/tools/bin/../lib/gcc/arm-none-eabi/12.3.1/thumb/v7e-m+fp/hard/libgcc.a(_aeabi_uldivmod.o)
                0x0800088c                __aeabi_uldivmod
 .text          0x080008bc      0x2bc /opt/st/stm32cubeide_1.15.1/plugins/com.st.stm32cube.ide.mcu.externaltools.gnu-tools-for-stm32.12.3.rel1.linux64_1.0.100.202403111256/tools/bin/../lib/gcc/arm-none-eabi/12.3.1/thumb/v7e-m+fp/hard/libgcc.a(_udivmoddi4.o)
                0x080008bc                __udivmoddi4
 .text          0x08000b78        0x4 /opt/st/stm32cubeide_1.15.1/plugins/com.st.stm32cube.ide.mcu.externaltools.gnu-tools-for-stm32.12.3.rel1.linux64_1.0.100.202403111256/tools/bin/../lib/gcc/arm-none-eabi/12.3.1/thumb/v7e-m+fp/hard/libgcc.a(_dvmd_tls.o)
                0x08000b78                __aeabi_ldiv0
                0x08000b78                __aeabi_idiv0
 *(.text*)
 .text.ARGB_Init
                0x08000b7c       0xe8 ./Core/Src/ARGB.o
                0x08000b7c                ARGB_Init
 .text.ARGB_Clear
                0x08000c64       0x12 ./Core/Src/ARGB.o
                0x08000c64                ARGB_Clear
 *fill*         0x08000c76        0x2 
 .text.ARGB_SetBrightness
                0x08000c78       0x20 ./Core/Src/ARGB.o
                0x08000c78                ARGB_SetBrightness
 .text.ARGB_SetRGB
                0x08000c98       0xfc ./Core/Src/ARGB.o
                0x08000c98                ARGB_SetRGB
 .text.ARGB_FillRGB
                0x08000d94       0x42 ./Core/Src/ARGB.o
                0x08000d94                ARGB_FillRGB
 *fill*         0x08000dd6        0x2 
 .text.ARGB_Show
                0x08000dd8      0x2f4 ./Core/Src/ARGB.o
                0x08000dd8                ARGB_Show
 .text.scale8   0x080010cc       0x28 ./Core/Src/ARGB.o
 .text.ARGB_TIM_DMADelayPulseCplt
                0x080010f4      0x2b0 ./Core/Src/ARGB.o
 .text.ARGB_TIM_DMADelayPulseHalfCplt
                0x080013a4      0x17c ./Core/Src/ARGB.o
 .text.READ_FLASH
                0x08001520       0x1a ./Core/Src/main.o
                0x08001520                READ_FLASH
 *fill*         0x0800153a        0x2 
 .text.WRITE_FLASH
                0x0800153c       0xf0 ./Core/Src/main.o
                0x0800153c                WRITE_FLASH
 .text.ADC_SELECTOR
                0x0800162c       0x48 ./Core/Src/main.o
                0x0800162c                ADC_SELECTOR
 .text.ADC_GET_VALUE
                0x08001674       0x24 ./Core/Src/main.o
                0x08001674                ADC_GET_VALUE
 .text.SELECT_MUX_CH
                0x08001698       0x74 ./Core/Src/main.o
                0x08001698                SELECT_MUX_CH
 .text.KEY_PRESS
                0x0800170c       0x78 ./Core/Src/main.o
                0x0800170c                KEY_PRESS
 .text.main     0x08001784      0xf58 ./Core/Src/main.o
                0x08001784                main
 .text.SystemClock_Config
                0x080026dc       0xd0 ./Core/Src/main.o
                0x080026dc                SystemClock_Config
 .text.MX_ADC1_Init
                0x080027ac       0x84 ./Core/Src/main.o
 .text.MX_I2C1_Init
                0x08002830       0x5c ./Core/Src/main.o
 .text.MX_TIM1_Init
                0x0800288c      0x140 ./Core/Src/main.o
 .text.MX_TIM3_Init
                0x080029cc       0xa8 ./Core/Src/main.o
 .text.MX_DMA_Init
                0x08002a74       0x7c ./Core/Src/main.o
 .text.MX_GPIO_Init
                0x08002af0       0xc4 ./Core/Src/main.o
 .text.Error_Handler
                0x08002bb4        0xc ./Core/Src/main.o
                0x08002bb4                Error_Handler
 .text.SSD1306_DrawBitmap
                0x08002bc0       0xd0 ./Core/Src/ssd1306.o
                0x08002bc0                SSD1306_DrawBitmap
 .text.SSD1306_Init
                0x08002c90      0x188 ./Core/Src/ssd1306.o
                0x08002c90                SSD1306_Init
 .text.SSD1306_UpdateScreen
                0x08002e18       0x5c ./Core/Src/ssd1306.o
                0x08002e18                SSD1306_UpdateScreen
 .text.SSD1306_Fill
                0x08002e74       0x30 ./Core/Src/ssd1306.o
                0x08002e74                SSD1306_Fill
 .text.SSD1306_DrawPixel
                0x08002ea4       0xc0 ./Core/Src/ssd1306.o
                0x08002ea4                SSD1306_DrawPixel
 .text.SSD1306_GotoXY
                0x08002f64       0x2c ./Core/Src/ssd1306.o
                0x08002f64                SSD1306_GotoXY
 .text.SSD1306_Putc
                0x08002f90       0xfc ./Core/Src/ssd1306.o
                0x08002f90                SSD1306_Putc
 .text.SSD1306_Puts
                0x0800308c       0x4a ./Core/Src/ssd1306.o
                0x0800308c                SSD1306_Puts
 .text.SSD1306_DrawLine
                0x080030d6      0x1f6 ./Core/Src/ssd1306.o
                0x080030d6                SSD1306_DrawLine
 .text.ssd1306_I2C_Init
                0x080032cc       0x2c ./Core/Src/ssd1306.o
                0x080032cc                ssd1306_I2C_Init
 .text.ssd1306_I2C_WriteMulti
                0x080032f8       0xcc ./Core/Src/ssd1306.o
                0x080032f8                ssd1306_I2C_WriteMulti
 .text.ssd1306_I2C_Write
                0x080033c4       0x3c ./Core/Src/ssd1306.o
                0x080033c4                ssd1306_I2C_Write
 .text.HAL_MspInit
                0x08003400       0x50 ./Core/Src/stm32f4xx_hal_msp.o
                0x08003400                HAL_MspInit
 .text.HAL_ADC_MspInit
                0x08003450      0x100 ./Core/Src/stm32f4xx_hal_msp.o
                0x08003450                HAL_ADC_MspInit
 .text.HAL_I2C_MspInit
                0x08003550      0x104 ./Core/Src/stm32f4xx_hal_msp.o
                0x08003550                HAL_I2C_MspInit
 .text.HAL_TIM_Base_MspInit
                0x08003654       0xac ./Core/Src/stm32f4xx_hal_msp.o
                0x08003654                HAL_TIM_Base_MspInit
 .text.HAL_TIM_Encoder_MspInit
                0x08003700       0x90 ./Core/Src/stm32f4xx_hal_msp.o
                0x08003700                HAL_TIM_Encoder_MspInit
 .text.HAL_TIM_MspPostInit
                0x08003790       0x74 ./Core/Src/stm32f4xx_hal_msp.o
                0x08003790                HAL_TIM_MspPostInit
 .text.NMI_Handler
                0x08003804        0x8 ./Core/Src/stm32f4xx_it.o
                0x08003804                NMI_Handler
 .text.HardFault_Handler
                0x0800380c        0x8 ./Core/Src/stm32f4xx_it.o
                0x0800380c                HardFault_Handler
 .text.MemManage_Handler
                0x08003814        0x8 ./Core/Src/stm32f4xx_it.o
                0x08003814                MemManage_Handler
 .text.BusFault_Handler
                0x0800381c        0x8 ./Core/Src/stm32f4xx_it.o
                0x0800381c                BusFault_Handler
 .text.UsageFault_Handler
                0x08003824        0x8 ./Core/Src/stm32f4xx_it.o
                0x08003824                UsageFault_Handler
 .text.SVC_Handler
                0x0800382c        0xe ./Core/Src/stm32f4xx_it.o
                0x0800382c                SVC_Handler
 .text.DebugMon_Handler
                0x0800383a        0xe ./Core/Src/stm32f4xx_it.o
                0x0800383a                DebugMon_Handler
 .text.PendSV_Handler
                0x08003848        0xe ./Core/Src/stm32f4xx_it.o
                0x08003848                PendSV_Handler
 .text.SysTick_Handler
                0x08003856        0xc ./Core/Src/stm32f4xx_it.o
                0x08003856                SysTick_Handler
 *fill*         0x08003862        0x2 
 .text.DMA1_Stream6_IRQHandler
                0x08003864       0x14 ./Core/Src/stm32f4xx_it.o
                0x08003864                DMA1_Stream6_IRQHandler
 .text.I2C1_EV_IRQHandler
                0x08003878       0x14 ./Core/Src/stm32f4xx_it.o
                0x08003878                I2C1_EV_IRQHandler
 .text.DMA2_Stream2_IRQHandler
                0x0800388c       0x14 ./Core/Src/stm32f4xx_it.o
                0x0800388c                DMA2_Stream2_IRQHandler
 .text.DMA2_Stream4_IRQHandler
                0x080038a0       0x14 ./Core/Src/stm32f4xx_it.o
                0x080038a0                DMA2_Stream4_IRQHandler
 .text.OTG_FS_IRQHandler
                0x080038b4       0x14 ./Core/Src/stm32f4xx_it.o
                0x080038b4                OTG_FS_IRQHandler
 .text._sbrk    0x080038c8       0x6c ./Core/Src/sysmem.o
                0x080038c8                _sbrk
 .text.SystemInit
                0x08003934       0x24 ./Core/Src/system_stm32f4xx.o
                0x08003934                SystemInit
 .text.Reset_Handler
                0x08003958       0x50 ./Core/Startup/startup_stm32f411ceux.o
                0x08003958                Reset_Handler
 .text.Default_Handler
                0x080039a8        0x2 ./Core/Startup/startup_stm32f411ceux.o
                0x080039a8                RTC_Alarm_IRQHandler
                0x080039a8                EXTI2_IRQHandler
                0x080039a8                SPI4_IRQHandler
                0x080039a8                TIM1_CC_IRQHandler
                0x080039a8                DMA2_Stream5_IRQHandler
                0x080039a8                DMA1_Stream5_IRQHandler
                0x080039a8                PVD_IRQHandler
                0x080039a8                SDIO_IRQHandler
                0x080039a8                TAMP_STAMP_IRQHandler
                0x080039a8                EXTI3_IRQHandler
                0x080039a8                TIM1_UP_TIM10_IRQHandler
                0x080039a8                I2C3_ER_IRQHandler
                0x080039a8                EXTI0_IRQHandler
                0x080039a8                I2C2_EV_IRQHandler
                0x080039a8                DMA1_Stream2_IRQHandler
                0x080039a8                FPU_IRQHandler
                0x080039a8                SPI1_IRQHandler
                0x080039a8                TIM1_BRK_TIM9_IRQHandler
                0x080039a8                DMA2_Stream3_IRQHandler
                0x080039a8                USART6_IRQHandler
                0x080039a8                DMA2_Stream0_IRQHandler
                0x080039a8                TIM4_IRQHandler
                0x080039a8                DMA1_Stream1_IRQHandler
                0x080039a8                TIM3_IRQHandler
                0x080039a8                RCC_IRQHandler
                0x080039a8                Default_Handler
                0x080039a8                EXTI15_10_IRQHandler
                0x080039a8                ADC_IRQHandler
                0x080039a8                DMA1_Stream7_IRQHandler
                0x080039a8                SPI5_IRQHandler
                0x080039a8                TIM5_IRQHandler
                0x080039a8                DMA2_Stream7_IRQHandler
                0x080039a8                I2C3_EV_IRQHandler
                0x080039a8                EXTI9_5_IRQHandler
                0x080039a8                RTC_WKUP_IRQHandler
                0x080039a8                SPI2_IRQHandler
                0x080039a8                DMA1_Stream0_IRQHandler
                0x080039a8                EXTI4_IRQHandler
                0x080039a8                WWDG_IRQHandler
                0x080039a8                TIM2_IRQHandler
                0x080039a8                OTG_FS_WKUP_IRQHandler
                0x080039a8                TIM1_TRG_COM_TIM11_IRQHandler
                0x080039a8                EXTI1_IRQHandler
                0x080039a8                USART2_IRQHandler
                0x080039a8                I2C2_ER_IRQHandler
                0x080039a8                DMA2_Stream1_IRQHandler
                0x080039a8                FLASH_IRQHandler
                0x080039a8                USART1_IRQHandler
                0x080039a8                SPI3_IRQHandler
                0x080039a8                DMA1_Stream4_IRQHandler
                0x080039a8                I2C1_ER_IRQHandler
                0x080039a8                DMA2_Stream6_IRQHandler
                0x080039a8                DMA1_Stream3_IRQHandler
 *fill*         0x080039aa        0x2 
 .text.HAL_Init
                0x080039ac       0x44 ./Drivers/STM32F4xx_HAL_Driver/Src/stm32f4xx_hal.o
                0x080039ac                HAL_Init
 .text.HAL_InitTick
                0x080039f0       0x60 ./Drivers/STM32F4xx_HAL_Driver/Src/stm32f4xx_hal.o
                0x080039f0                HAL_InitTick
 .text.HAL_IncTick
                0x08003a50       0x28 ./Drivers/STM32F4xx_HAL_Driver/Src/stm32f4xx_hal.o
                0x08003a50                HAL_IncTick
 .text.HAL_GetTick
                0x08003a78       0x18 ./Drivers/STM32F4xx_HAL_Driver/Src/stm32f4xx_hal.o
                0x08003a78                HAL_GetTick
 .text.HAL_Delay
                0x08003a90       0x48 ./Drivers/STM32F4xx_HAL_Driver/Src/stm32f4xx_hal.o
                0x08003a90                HAL_Delay
 .text.HAL_ADC_Init
                0x08003ad8       0x86 ./Drivers/STM32F4xx_HAL_Driver/Src/stm32f4xx_hal_adc.o
                0x08003ad8                HAL_ADC_Init
 *fill*         0x08003b5e        0x2 
 .text.HAL_ADC_Start
                0x08003b60      0x168 ./Drivers/STM32F4xx_HAL_Driver/Src/stm32f4xx_hal_adc.o
                0x08003b60                HAL_ADC_Start
 .text.HAL_ADC_PollForConversion
                0x08003cc8      0x116 ./Drivers/STM32F4xx_HAL_Driver/Src/stm32f4xx_hal_adc.o
                0x08003cc8                HAL_ADC_PollForConversion
 .text.HAL_ADC_GetValue
                0x08003dde       0x1a ./Drivers/STM32F4xx_HAL_Driver/Src/stm32f4xx_hal_adc.o
                0x08003dde                HAL_ADC_GetValue
 .text.HAL_ADC_ConfigChannel
                0x08003df8      0x264 ./Drivers/STM32F4xx_HAL_Driver/Src/stm32f4xx_hal_adc.o
                0x08003df8                HAL_ADC_ConfigChannel
 .text.ADC_Init
                0x0800405c      0x1f8 ./Drivers/STM32F4xx_HAL_Driver/Src/stm32f4xx_hal_adc.o
 .text.__NVIC_SetPriorityGrouping
                0x08004254       0x48 ./Drivers/STM32F4xx_HAL_Driver/Src/stm32f4xx_hal_cortex.o
 .text.__NVIC_GetPriorityGrouping
                0x0800429c       0x1c ./Drivers/STM32F4xx_HAL_Driver/Src/stm32f4xx_hal_cortex.o
 .text.__NVIC_EnableIRQ
                0x080042b8       0x3c ./Drivers/STM32F4xx_HAL_Driver/Src/stm32f4xx_hal_cortex.o
 .text.__NVIC_SetPriority
                0x080042f4       0x54 ./Drivers/STM32F4xx_HAL_Driver/Src/stm32f4xx_hal_cortex.o
 .text.NVIC_EncodePriority
                0x08004348       0x66 ./Drivers/STM32F4xx_HAL_Driver/Src/stm32f4xx_hal_cortex.o
 *fill*         0x080043ae        0x2 
 .text.SysTick_Config
                0x080043b0       0x44 ./Drivers/STM32F4xx_HAL_Driver/Src/stm32f4xx_hal_cortex.o
 .text.HAL_NVIC_SetPriorityGrouping
                0x080043f4       0x16 ./Drivers/STM32F4xx_HAL_Driver/Src/stm32f4xx_hal_cortex.o
                0x080043f4                HAL_NVIC_SetPriorityGrouping
 .text.HAL_NVIC_SetPriority
                0x0800440a       0x38 ./Drivers/STM32F4xx_HAL_Driver/Src/stm32f4xx_hal_cortex.o
                0x0800440a                HAL_NVIC_SetPriority
 .text.HAL_NVIC_EnableIRQ
                0x08004442       0x1c ./Drivers/STM32F4xx_HAL_Driver/Src/stm32f4xx_hal_cortex.o
                0x08004442                HAL_NVIC_EnableIRQ
 .text.HAL_SYSTICK_Config
                0x0800445e       0x18 ./Drivers/STM32F4xx_HAL_Driver/Src/stm32f4xx_hal_cortex.o
                0x0800445e                HAL_SYSTICK_Config
 *fill*         0x08004476        0x2 
 .text.HAL_DMA_Init
                0x08004478      0x15c ./Drivers/STM32F4xx_HAL_Driver/Src/stm32f4xx_hal_dma.o
                0x08004478                HAL_DMA_Init
 .text.HAL_DMA_Start_IT
                0x080045d4       0xb0 ./Drivers/STM32F4xx_HAL_Driver/Src/stm32f4xx_hal_dma.o
                0x080045d4                HAL_DMA_Start_IT
 .text.HAL_DMA_Abort_IT
                0x08004684       0x44 ./Drivers/STM32F4xx_HAL_Driver/Src/stm32f4xx_hal_dma.o
                0x08004684                HAL_DMA_Abort_IT
 .text.HAL_DMA_IRQHandler
                0x080046c8      0x314 ./Drivers/STM32F4xx_HAL_Driver/Src/stm32f4xx_hal_dma.o
                0x080046c8                HAL_DMA_IRQHandler
 .text.HAL_DMA_GetState
                0x080049dc       0x1c ./Drivers/STM32F4xx_HAL_Driver/Src/stm32f4xx_hal_dma.o
                0x080049dc                HAL_DMA_GetState
 .text.DMA_SetConfig
                0x080049f8       0x5c ./Drivers/STM32F4xx_HAL_Driver/Src/stm32f4xx_hal_dma.o
 .text.DMA_CalcBaseAndBitshift
                0x08004a54       0x6c ./Drivers/STM32F4xx_HAL_Driver/Src/stm32f4xx_hal_dma.o
 .text.DMA_CheckFifoParam
                0x08004ac0       0xf8 ./Drivers/STM32F4xx_HAL_Driver/Src/stm32f4xx_hal_dma.o
 .text.HAL_FLASH_Program
                0x08004bb8       0xa8 ./Drivers/STM32F4xx_HAL_Driver/Src/stm32f4xx_hal_flash.o
                0x08004bb8                HAL_FLASH_Program
 .text.HAL_FLASH_Unlock
                0x08004c60       0x44 ./Drivers/STM32F4xx_HAL_Driver/Src/stm32f4xx_hal_flash.o
                0x08004c60                HAL_FLASH_Unlock
 .text.HAL_FLASH_Lock
                0x08004ca4       0x20 ./Drivers/STM32F4xx_HAL_Driver/Src/stm32f4xx_hal_flash.o
                0x08004ca4                HAL_FLASH_Lock
 .text.FLASH_WaitForLastOperation
                0x08004cc4       0x80 ./Drivers/STM32F4xx_HAL_Driver/Src/stm32f4xx_hal_flash.o
                0x08004cc4                FLASH_WaitForLastOperation
 .text.FLASH_Program_DoubleWord
                0x08004d44       0x64 ./Drivers/STM32F4xx_HAL_Driver/Src/stm32f4xx_hal_flash.o
 .text.FLASH_Program_Word
                0x08004da8       0x44 ./Drivers/STM32F4xx_HAL_Driver/Src/stm32f4xx_hal_flash.o
 .text.FLASH_Program_HalfWord
                0x08004dec       0x48 ./Drivers/STM32F4xx_HAL_Driver/Src/stm32f4xx_hal_flash.o
 .text.FLASH_Program_Byte
                0x08004e34       0x44 ./Drivers/STM32F4xx_HAL_Driver/Src/stm32f4xx_hal_flash.o
 .text.FLASH_SetErrorCode
                0x08004e78       0xcc ./Drivers/STM32F4xx_HAL_Driver/Src/stm32f4xx_hal_flash.o
 .text.HAL_FLASHEx_Erase
                0x08004f44       0xe0 ./Drivers/STM32F4xx_HAL_Driver/Src/stm32f4xx_hal_flash_ex.o
                0x08004f44                HAL_FLASHEx_Erase
 .text.FLASH_MassErase
                0x08005024       0x48 ./Drivers/STM32F4xx_HAL_Driver/Src/stm32f4xx_hal_flash_ex.o
 .text.FLASH_Erase_Sector
                0x0800506c       0x90 ./Drivers/STM32F4xx_HAL_Driver/Src/stm32f4xx_hal_flash_ex.o
                0x0800506c                FLASH_Erase_Sector
 .text.FLASH_FlushCaches
                0x080050fc       0x8c ./Drivers/STM32F4xx_HAL_Driver/Src/stm32f4xx_hal_flash_ex.o
                0x080050fc                FLASH_FlushCaches
 .text.HAL_GPIO_Init
                0x08005188      0x308 ./Drivers/STM32F4xx_HAL_Driver/Src/stm32f4xx_hal_gpio.o
                0x08005188                HAL_GPIO_Init
 .text.HAL_GPIO_ReadPin
                0x08005490       0x30 ./Drivers/STM32F4xx_HAL_Driver/Src/stm32f4xx_hal_gpio.o
                0x08005490                HAL_GPIO_ReadPin
 .text.HAL_GPIO_WritePin
                0x080054c0       0x32 ./Drivers/STM32F4xx_HAL_Driver/Src/stm32f4xx_hal_gpio.o
                0x080054c0                HAL_GPIO_WritePin
 *fill*         0x080054f2        0x2 
 .text.HAL_I2C_Init
                0x080054f4      0x288 ./Drivers/STM32F4xx_HAL_Driver/Src/stm32f4xx_hal_i2c.o
                0x080054f4                HAL_I2C_Init
 .text.HAL_I2C_Master_Transmit
                0x0800577c      0x1fc ./Drivers/STM32F4xx_HAL_Driver/Src/stm32f4xx_hal_i2c.o
                0x0800577c                HAL_I2C_Master_Transmit
 .text.HAL_I2C_IsDeviceReady
                0x08005978      0x25c ./Drivers/STM32F4xx_HAL_Driver/Src/stm32f4xx_hal_i2c.o
                0x08005978                HAL_I2C_IsDeviceReady
 .text.HAL_I2C_EV_IRQHandler
                0x08005bd4      0x2a6 ./Drivers/STM32F4xx_HAL_Driver/Src/stm32f4xx_hal_i2c.o
                0x08005bd4                HAL_I2C_EV_IRQHandler
 .text.HAL_I2C_MasterTxCpltCallback
                0x08005e7a       0x14 ./Drivers/STM32F4xx_HAL_Driver/Src/stm32f4xx_hal_i2c.o
                0x08005e7a                HAL_I2C_MasterTxCpltCallback
 .text.HAL_I2C_MasterRxCpltCallback
                0x08005e8e       0x14 ./Drivers/STM32F4xx_HAL_Driver/Src/stm32f4xx_hal_i2c.o
                0x08005e8e                HAL_I2C_MasterRxCpltCallback
 .text.HAL_I2C_SlaveTxCpltCallback
                0x08005ea2       0x14 ./Drivers/STM32F4xx_HAL_Driver/Src/stm32f4xx_hal_i2c.o
                0x08005ea2                HAL_I2C_SlaveTxCpltCallback
 .text.HAL_I2C_SlaveRxCpltCallback
                0x08005eb6       0x14 ./Drivers/STM32F4xx_HAL_Driver/Src/stm32f4xx_hal_i2c.o
                0x08005eb6                HAL_I2C_SlaveRxCpltCallback
 .text.HAL_I2C_AddrCallback
                0x08005eca       0x1c ./Drivers/STM32F4xx_HAL_Driver/Src/stm32f4xx_hal_i2c.o
                0x08005eca                HAL_I2C_AddrCallback
 .text.HAL_I2C_ListenCpltCallback
                0x08005ee6       0x14 ./Drivers/STM32F4xx_HAL_Driver/Src/stm32f4xx_hal_i2c.o
                0x08005ee6                HAL_I2C_ListenCpltCallback
 .text.HAL_I2C_MemTxCpltCallback
                0x08005efa       0x14 ./Drivers/STM32F4xx_HAL_Driver/Src/stm32f4xx_hal_i2c.o
                0x08005efa                HAL_I2C_MemTxCpltCallback
 .text.HAL_I2C_MemRxCpltCallback
                0x08005f0e       0x14 ./Drivers/STM32F4xx_HAL_Driver/Src/stm32f4xx_hal_i2c.o
                0x08005f0e                HAL_I2C_MemRxCpltCallback
 .text.HAL_I2C_ErrorCallback
                0x08005f22       0x14 ./Drivers/STM32F4xx_HAL_Driver/Src/stm32f4xx_hal_i2c.o
                0x08005f22                HAL_I2C_ErrorCallback
 .text.HAL_I2C_AbortCpltCallback
                0x08005f36       0x14 ./Drivers/STM32F4xx_HAL_Driver/Src/stm32f4xx_hal_i2c.o
                0x08005f36                HAL_I2C_AbortCpltCallback
 .text.I2C_MasterTransmit_TXE
                0x08005f4a      0x138 ./Drivers/STM32F4xx_HAL_Driver/Src/stm32f4xx_hal_i2c.o
 .text.I2C_MasterTransmit_BTF
                0x08006082       0xec ./Drivers/STM32F4xx_HAL_Driver/Src/stm32f4xx_hal_i2c.o
 .text.I2C_MemoryTransmit_TXE_BTF
                0x0800616e      0x128 ./Drivers/STM32F4xx_HAL_Driver/Src/stm32f4xx_hal_i2c.o
 .text.I2C_MasterReceive_RXNE
                0x08006296      0x176 ./Drivers/STM32F4xx_HAL_Driver/Src/stm32f4xx_hal_i2c.o
 .text.I2C_MasterReceive_BTF
                0x0800640c      0x1d4 ./Drivers/STM32F4xx_HAL_Driver/Src/stm32f4xx_hal_i2c.o
 .text.I2C_Master_SB
                0x080065e0      0x10c ./Drivers/STM32F4xx_HAL_Driver/Src/stm32f4xx_hal_i2c.o
 .text.I2C_Master_ADD10
                0x080066ec       0x54 ./Drivers/STM32F4xx_HAL_Driver/Src/stm32f4xx_hal_i2c.o
 .text.I2C_Master_ADDR
                0x08006740      0x322 ./Drivers/STM32F4xx_HAL_Driver/Src/stm32f4xx_hal_i2c.o
 .text.I2C_SlaveTransmit_TXE
                0x08006a62       0x7a ./Drivers/STM32F4xx_HAL_Driver/Src/stm32f4xx_hal_i2c.o
 .text.I2C_SlaveTransmit_BTF
                0x08006adc       0x42 ./Drivers/STM32F4xx_HAL_Driver/Src/stm32f4xx_hal_i2c.o
 .text.I2C_SlaveReceive_RXNE
                0x08006b1e       0x7c ./Drivers/STM32F4xx_HAL_Driver/Src/stm32f4xx_hal_i2c.o
 .text.I2C_SlaveReceive_BTF
                0x08006b9a       0x44 ./Drivers/STM32F4xx_HAL_Driver/Src/stm32f4xx_hal_i2c.o
 .text.I2C_Slave_ADDR
                0x08006bde       0x90 ./Drivers/STM32F4xx_HAL_Driver/Src/stm32f4xx_hal_i2c.o
 *fill*         0x08006c6e        0x2 
 .text.I2C_Slave_STOPF
                0x08006c70      0x260 ./Drivers/STM32F4xx_HAL_Driver/Src/stm32f4xx_hal_i2c.o
 .text.I2C_ITError
                0x08006ed0      0x264 ./Drivers/STM32F4xx_HAL_Driver/Src/stm32f4xx_hal_i2c.o
 .text.I2C_MasterRequestWrite
                0x08007134      0x104 ./Drivers/STM32F4xx_HAL_Driver/Src/stm32f4xx_hal_i2c.o
 .text.I2C_DMAAbort
                0x08007238      0x150 ./Drivers/STM32F4xx_HAL_Driver/Src/stm32f4xx_hal_i2c.o
 .text.I2C_WaitOnFlagUntilTimeout
                0x08007388       0xae ./Drivers/STM32F4xx_HAL_Driver/Src/stm32f4xx_hal_i2c.o
 .text.I2C_WaitOnMasterAddressFlagUntilTimeout
                0x08007436       0xfe ./Drivers/STM32F4xx_HAL_Driver/Src/stm32f4xx_hal_i2c.o
 .text.I2C_WaitOnTXEFlagUntilTimeout
                0x08007534       0x82 ./Drivers/STM32F4xx_HAL_Driver/Src/stm32f4xx_hal_i2c.o
 .text.I2C_WaitOnBTFFlagUntilTimeout
                0x080075b6       0x82 ./Drivers/STM32F4xx_HAL_Driver/Src/stm32f4xx_hal_i2c.o
 .text.I2C_WaitOnSTOPRequestThroughIT
                0x08007638       0x64 ./Drivers/STM32F4xx_HAL_Driver/Src/stm32f4xx_hal_i2c.o
 .text.I2C_IsAcknowledgeFailed
                0x0800769c       0x5e ./Drivers/STM32F4xx_HAL_Driver/Src/stm32f4xx_hal_i2c.o
 .text.I2C_ConvertOtherXferOptions
                0x080076fa       0x36 ./Drivers/STM32F4xx_HAL_Driver/Src/stm32f4xx_hal_i2c.o
 .text.HAL_PCD_Init
                0x08007730      0x23a ./Drivers/STM32F4xx_HAL_Driver/Src/stm32f4xx_hal_pcd.o
                0x08007730                HAL_PCD_Init
 .text.HAL_PCD_Start
                0x0800796a       0x66 ./Drivers/STM32F4xx_HAL_Driver/Src/stm32f4xx_hal_pcd.o
                0x0800796a                HAL_PCD_Start
 .text.HAL_PCD_IRQHandler
                0x080079d0      0x93e ./Drivers/STM32F4xx_HAL_Driver/Src/stm32f4xx_hal_pcd.o
                0x080079d0                HAL_PCD_IRQHandler
 .text.HAL_PCD_SetAddress
                0x0800830e       0x4a ./Drivers/STM32F4xx_HAL_Driver/Src/stm32f4xx_hal_pcd.o
                0x0800830e                HAL_PCD_SetAddress
 .text.HAL_PCD_EP_Open
                0x08008358       0xd0 ./Drivers/STM32F4xx_HAL_Driver/Src/stm32f4xx_hal_pcd.o
                0x08008358                HAL_PCD_EP_Open
 .text.HAL_PCD_EP_Close
                0x08008428       0x94 ./Drivers/STM32F4xx_HAL_Driver/Src/stm32f4xx_hal_pcd.o
                0x08008428                HAL_PCD_EP_Close
 .text.HAL_PCD_EP_Receive
                0x080084bc       0x96 ./Drivers/STM32F4xx_HAL_Driver/Src/stm32f4xx_hal_pcd.o
                0x080084bc                HAL_PCD_EP_Receive
 .text.HAL_PCD_EP_Transmit
                0x08008552       0x94 ./Drivers/STM32F4xx_HAL_Driver/Src/stm32f4xx_hal_pcd.o
                0x08008552                HAL_PCD_EP_Transmit
 .text.HAL_PCD_EP_SetStall
                0x080085e6       0xc8 ./Drivers/STM32F4xx_HAL_Driver/Src/stm32f4xx_hal_pcd.o
                0x080085e6                HAL_PCD_EP_SetStall
 .text.HAL_PCD_EP_ClrStall
                0x080086ae       0xac ./Drivers/STM32F4xx_HAL_Driver/Src/stm32f4xx_hal_pcd.o
                0x080086ae                HAL_PCD_EP_ClrStall
 .text.HAL_PCD_EP_Abort
                0x0800875a       0x62 ./Drivers/STM32F4xx_HAL_Driver/Src/stm32f4xx_hal_pcd.o
                0x0800875a                HAL_PCD_EP_Abort
 .text.PCD_WriteEmptyTxFifo
                0x080087bc      0x11a ./Drivers/STM32F4xx_HAL_Driver/Src/stm32f4xx_hal_pcd.o
 *fill*         0x080088d6        0x2 
 .text.PCD_EP_OutXfrComplete_int
                0x080088d8      0x1d0 ./Drivers/STM32F4xx_HAL_Driver/Src/stm32f4xx_hal_pcd.o
 .text.PCD_EP_OutSetupPacket_int
                0x08008aa8       0x8c ./Drivers/STM32F4xx_HAL_Driver/Src/stm32f4xx_hal_pcd.o
 .text.HAL_PCDEx_SetTxFiFo
                0x08008b34       0x8e ./Drivers/STM32F4xx_HAL_Driver/Src/stm32f4xx_hal_pcd_ex.o
                0x08008b34                HAL_PCDEx_SetTxFiFo
 .text.HAL_PCDEx_SetRxFiFo
                0x08008bc2       0x22 ./Drivers/STM32F4xx_HAL_Driver/Src/stm32f4xx_hal_pcd_ex.o
                0x08008bc2                HAL_PCDEx_SetRxFiFo
 .text.HAL_PCDEx_LPM_Callback
                0x08008be4       0x18 ./Drivers/STM32F4xx_HAL_Driver/Src/stm32f4xx_hal_pcd_ex.o
                0x08008be4                HAL_PCDEx_LPM_Callback
 .text.HAL_RCC_OscConfig
                0x08008bfc      0x4f0 ./Drivers/STM32F4xx_HAL_Driver/Src/stm32f4xx_hal_rcc.o
                0x08008bfc                HAL_RCC_OscConfig
 .text.HAL_RCC_ClockConfig
                0x080090ec      0x1cc ./Drivers/STM32F4xx_HAL_Driver/Src/stm32f4xx_hal_rcc.o
                0x080090ec                HAL_RCC_ClockConfig
 .text.HAL_RCC_GetSysClockFreq
                0x080092b8      0x18c ./Drivers/STM32F4xx_HAL_Driver/Src/stm32f4xx_hal_rcc.o
                0x080092b8                HAL_RCC_GetSysClockFreq
 .text.HAL_RCC_GetHCLKFreq
                0x08009444       0x18 ./Drivers/STM32F4xx_HAL_Driver/Src/stm32f4xx_hal_rcc.o
                0x08009444                HAL_RCC_GetHCLKFreq
 .text.HAL_RCC_GetPCLK1Freq
                0x0800945c       0x28 ./Drivers/STM32F4xx_HAL_Driver/Src/stm32f4xx_hal_rcc.o
                0x0800945c                HAL_RCC_GetPCLK1Freq
 .text.HAL_TIM_Base_Init
                0x08009484       0x9e ./Drivers/STM32F4xx_HAL_Driver/Src/stm32f4xx_hal_tim.o
                0x08009484                HAL_TIM_Base_Init
 .text.HAL_TIM_PWM_Init
                0x08009522       0x9e ./Drivers/STM32F4xx_HAL_Driver/Src/stm32f4xx_hal_tim.o
                0x08009522                HAL_TIM_PWM_Init
 .text.HAL_TIM_PWM_MspInit
                0x080095c0       0x14 ./Drivers/STM32F4xx_HAL_Driver/Src/stm32f4xx_hal_tim.o
                0x080095c0                HAL_TIM_PWM_MspInit
 .text.HAL_TIM_Encoder_Init
                0x080095d4      0x14c ./Drivers/STM32F4xx_HAL_Driver/Src/stm32f4xx_hal_tim.o
                0x080095d4                HAL_TIM_Encoder_Init
 .text.HAL_TIM_Encoder_Start
                0x08009720      0x11c ./Drivers/STM32F4xx_HAL_Driver/Src/stm32f4xx_hal_tim.o
                0x08009720                HAL_TIM_Encoder_Start
 .text.HAL_TIM_PWM_ConfigChannel
                0x0800983c      0x184 ./Drivers/STM32F4xx_HAL_Driver/Src/stm32f4xx_hal_tim.o
                0x0800983c                HAL_TIM_PWM_ConfigChannel
 .text.HAL_TIM_ConfigClockSource
                0x080099c0      0x18e ./Drivers/STM32F4xx_HAL_Driver/Src/stm32f4xx_hal_tim.o
                0x080099c0                HAL_TIM_ConfigClockSource
 .text.HAL_TIM_ErrorCallback
                0x08009b4e       0x14 ./Drivers/STM32F4xx_HAL_Driver/Src/stm32f4xx_hal_tim.o
                0x08009b4e                HAL_TIM_ErrorCallback
 .text.TIM_DMAError
                0x08009b62       0x92 ./Drivers/STM32F4xx_HAL_Driver/Src/stm32f4xx_hal_tim.o
                0x08009b62                TIM_DMAError
 .text.TIM_Base_SetConfig
                0x08009bf4      0x100 ./Drivers/STM32F4xx_HAL_Driver/Src/stm32f4xx_hal_tim.o
                0x08009bf4                TIM_Base_SetConfig
 .text.TIM_OC1_SetConfig
                0x08009cf4       0xcc ./Drivers/STM32F4xx_HAL_Driver/Src/stm32f4xx_hal_tim.o
 .text.TIM_OC2_SetConfig
                0x08009dc0       0xd8 ./Drivers/STM32F4xx_HAL_Driver/Src/stm32f4xx_hal_tim.o
                0x08009dc0                TIM_OC2_SetConfig
 .text.TIM_OC3_SetConfig
                0x08009e98       0xd4 ./Drivers/STM32F4xx_HAL_Driver/Src/stm32f4xx_hal_tim.o
 .text.TIM_OC4_SetConfig
                0x08009f6c       0xa0 ./Drivers/STM32F4xx_HAL_Driver/Src/stm32f4xx_hal_tim.o
 .text.TIM_TI1_ConfigInputStage
                0x0800a00c       0x5e ./Drivers/STM32F4xx_HAL_Driver/Src/stm32f4xx_hal_tim.o
 .text.TIM_TI2_ConfigInputStage
                0x0800a06a       0x60 ./Drivers/STM32F4xx_HAL_Driver/Src/stm32f4xx_hal_tim.o
 .text.TIM_ITRx_SetConfig
                0x0800a0ca       0x36 ./Drivers/STM32F4xx_HAL_Driver/Src/stm32f4xx_hal_tim.o
 .text.TIM_ETR_SetConfig
                0x0800a100       0x40 ./Drivers/STM32F4xx_HAL_Driver/Src/stm32f4xx_hal_tim.o
                0x0800a100                TIM_ETR_SetConfig
 .text.TIM_CCxChannelCmd
                0x0800a140       0x4a ./Drivers/STM32F4xx_HAL_Driver/Src/stm32f4xx_hal_tim.o
                0x0800a140                TIM_CCxChannelCmd
 *fill*         0x0800a18a        0x2 
 .text.HAL_TIMEx_MasterConfigSynchronization
                0x0800a18c       0xdc ./Drivers/STM32F4xx_HAL_Driver/Src/stm32f4xx_hal_tim_ex.o
                0x0800a18c                HAL_TIMEx_MasterConfigSynchronization
 .text.HAL_TIMEx_ConfigBreakDeadTime
                0x0800a268       0xa4 ./Drivers/STM32F4xx_HAL_Driver/Src/stm32f4xx_hal_tim_ex.o
                0x0800a268                HAL_TIMEx_ConfigBreakDeadTime
 .text.USB_CoreInit
                0x0800a30c       0xc2 ./Drivers/STM32F4xx_HAL_Driver/Src/stm32f4xx_ll_usb.o
                0x0800a30c                USB_CoreInit
 *fill*         0x0800a3ce        0x2 
 .text.USB_SetTurnaroundTime
                0x0800a3d0      0x144 ./Drivers/STM32F4xx_HAL_Driver/Src/stm32f4xx_ll_usb.o
                0x0800a3d0                USB_SetTurnaroundTime
 .text.USB_EnableGlobalInt
                0x0800a514       0x22 ./Drivers/STM32F4xx_HAL_Driver/Src/stm32f4xx_ll_usb.o
                0x0800a514                USB_EnableGlobalInt
 .text.USB_DisableGlobalInt
                0x0800a536       0x22 ./Drivers/STM32F4xx_HAL_Driver/Src/stm32f4xx_ll_usb.o
                0x0800a536                USB_DisableGlobalInt
 .text.USB_SetCurrentMode
                0x0800a558       0x98 ./Drivers/STM32F4xx_HAL_Driver/Src/stm32f4xx_ll_usb.o
                0x0800a558                USB_SetCurrentMode
 .text.USB_DevInit
                0x0800a5f0      0x2c8 ./Drivers/STM32F4xx_HAL_Driver/Src/stm32f4xx_ll_usb.o
                0x0800a5f0                USB_DevInit
 .text.USB_FlushTxFifo
                0x0800a8b8       0x68 ./Drivers/STM32F4xx_HAL_Driver/Src/stm32f4xx_ll_usb.o
                0x0800a8b8                USB_FlushTxFifo
 .text.USB_FlushRxFifo
                0x0800a920       0x60 ./Drivers/STM32F4xx_HAL_Driver/Src/stm32f4xx_ll_usb.o
                0x0800a920                USB_FlushRxFifo
 .text.USB_SetDevSpeed
                0x0800a980       0x32 ./Drivers/STM32F4xx_HAL_Driver/Src/stm32f4xx_ll_usb.o
                0x0800a980                USB_SetDevSpeed
 .text.USB_GetDevSpeed
                0x0800a9b2       0x4a ./Drivers/STM32F4xx_HAL_Driver/Src/stm32f4xx_ll_usb.o
                0x0800a9b2                USB_GetDevSpeed
 .text.USB_ActivateEndpoint
                0x0800a9fc      0x10e ./Drivers/STM32F4xx_HAL_Driver/Src/stm32f4xx_ll_usb.o
                0x0800a9fc                USB_ActivateEndpoint
 *fill*         0x0800ab0a        0x2 
 .text.USB_DeactivateEndpoint
                0x0800ab0c      0x1b8 ./Drivers/STM32F4xx_HAL_Driver/Src/stm32f4xx_ll_usb.o
                0x0800ab0c                USB_DeactivateEndpoint
 .text.USB_EPStartXfer
                0x0800acc4      0x490 ./Drivers/STM32F4xx_HAL_Driver/Src/stm32f4xx_ll_usb.o
                0x0800acc4                USB_EPStartXfer
 .text.USB_EP0StartXfer
                0x0800b154      0x2b0 ./Drivers/STM32F4xx_HAL_Driver/Src/stm32f4xx_ll_usb.o
                0x0800b154                USB_EP0StartXfer
 .text.USB_EPStopXfer
                0x0800b404      0x154 ./Drivers/STM32F4xx_HAL_Driver/Src/stm32f4xx_ll_usb.o
                0x0800b404                USB_EPStopXfer
 .text.USB_WritePacket
                0x0800b558       0x7c ./Drivers/STM32F4xx_HAL_Driver/Src/stm32f4xx_ll_usb.o
                0x0800b558                USB_WritePacket
 .text.USB_ReadPacket
                0x0800b5d4       0xb0 ./Drivers/STM32F4xx_HAL_Driver/Src/stm32f4xx_ll_usb.o
                0x0800b5d4                USB_ReadPacket
 .text.USB_EPSetStall
                0x0800b684       0xdc ./Drivers/STM32F4xx_HAL_Driver/Src/stm32f4xx_ll_usb.o
                0x0800b684                USB_EPSetStall
 .text.USB_EPClearStall
                0x0800b760       0xcc ./Drivers/STM32F4xx_HAL_Driver/Src/stm32f4xx_ll_usb.o
                0x0800b760                USB_EPClearStall
 .text.USB_SetDevAddress
                0x0800b82c       0x4c ./Drivers/STM32F4xx_HAL_Driver/Src/stm32f4xx_ll_usb.o
                0x0800b82c                USB_SetDevAddress
 .text.USB_DevConnect
                0x0800b878       0x42 ./Drivers/STM32F4xx_HAL_Driver/Src/stm32f4xx_ll_usb.o
                0x0800b878                USB_DevConnect
 .text.USB_DevDisconnect
                0x0800b8ba       0x42 ./Drivers/STM32F4xx_HAL_Driver/Src/stm32f4xx_ll_usb.o
                0x0800b8ba                USB_DevDisconnect
 .text.USB_ReadInterrupts
                0x0800b8fc       0x26 ./Drivers/STM32F4xx_HAL_Driver/Src/stm32f4xx_ll_usb.o
                0x0800b8fc                USB_ReadInterrupts
 .text.USB_ReadDevAllOutEpInterrupt
                0x0800b922       0x34 ./Drivers/STM32F4xx_HAL_Driver/Src/stm32f4xx_ll_usb.o
                0x0800b922                USB_ReadDevAllOutEpInterrupt
 .text.USB_ReadDevAllInEpInterrupt
                0x0800b956       0x34 ./Drivers/STM32F4xx_HAL_Driver/Src/stm32f4xx_ll_usb.o
                0x0800b956                USB_ReadDevAllInEpInterrupt
 .text.USB_ReadDevOutEPInterrupt
                0x0800b98a       0x3c ./Drivers/STM32F4xx_HAL_Driver/Src/stm32f4xx_ll_usb.o
                0x0800b98a                USB_ReadDevOutEPInterrupt
 .text.USB_ReadDevInEPInterrupt
                0x0800b9c6       0x5c ./Drivers/STM32F4xx_HAL_Driver/Src/stm32f4xx_ll_usb.o
                0x0800b9c6                USB_ReadDevInEPInterrupt
 .text.USB_GetMode
                0x0800ba22       0x1c ./Drivers/STM32F4xx_HAL_Driver/Src/stm32f4xx_ll_usb.o
                0x0800ba22                USB_GetMode
 .text.USB_ActivateSetup
                0x0800ba3e       0x46 ./Drivers/STM32F4xx_HAL_Driver/Src/stm32f4xx_ll_usb.o
                0x0800ba3e                USB_ActivateSetup
 .text.USB_EP0_OutStart
                0x0800ba84       0xbc ./Drivers/STM32F4xx_HAL_Driver/Src/stm32f4xx_ll_usb.o
                0x0800ba84                USB_EP0_OutStart
 .text.USB_CoreReset
                0x0800bb40       0x68 ./Drivers/STM32F4xx_HAL_Driver/Src/stm32f4xx_ll_usb.o
 .text.USBD_HID_Init
                0x0800bba8       0x6c ./Middlewares/ST/STM32_USB_Device_Library/Class/HID/Src/usbd_hid.o
 .text.USBD_HID_DeInit
                0x0800bc14       0x42 ./Middlewares/ST/STM32_USB_Device_Library/Class/HID/Src/usbd_hid.o
 *fill*         0x0800bc56        0x2 
 .text.USBD_HID_Setup
                0x0800bc58      0x200 ./Middlewares/ST/STM32_USB_Device_Library/Class/HID/Src/usbd_hid.o
 .text.USBD_HID_SendReport
                0x0800be58       0x46 ./Middlewares/ST/STM32_USB_Device_Library/Class/HID/Src/usbd_hid.o
                0x0800be58                USBD_HID_SendReport
 .text.USBD_HID_GetPollingInterval
                0x0800be9e       0x2c ./Middlewares/ST/STM32_USB_Device_Library/Class/HID/Src/usbd_hid.o
                0x0800be9e                USBD_HID_GetPollingInterval
 *fill*         0x0800beca        0x2 
 .text.USBD_HID_GetFSCfgDesc
                0x0800becc       0x20 ./Middlewares/ST/STM32_USB_Device_Library/Class/HID/Src/usbd_hid.o
 .text.USBD_HID_GetHSCfgDesc
                0x0800beec       0x20 ./Middlewares/ST/STM32_USB_Device_Library/Class/HID/Src/usbd_hid.o
 .text.USBD_HID_GetOtherSpeedCfgDesc
                0x0800bf0c       0x20 ./Middlewares/ST/STM32_USB_Device_Library/Class/HID/Src/usbd_hid.o
 .text.USBD_HID_DataIn
                0x0800bf2c       0x24 ./Middlewares/ST/STM32_USB_Device_Library/Class/HID/Src/usbd_hid.o
 .text.USBD_HID_DataOut
                0x0800bf50       0x2c ./Middlewares/ST/STM32_USB_Device_Library/Class/HID/Src/usbd_hid.o
 .text.USBD_HID_GetData
                0x0800bf7c       0x14 ./Middlewares/ST/STM32_USB_Device_Library/Class/HID/Src/usbd_hid.o
                0x0800bf7c                USBD_HID_GetData
 .text.USBD_HID_GetDeviceQualifierDesc
                0x0800bf90       0x20 ./Middlewares/ST/STM32_USB_Device_Library/Class/HID/Src/usbd_hid.o
 .text.USBD_Init
                0x0800bfb0       0x60 ./Middlewares/ST/STM32_USB_Device_Library/Core/Src/usbd_core.o
                0x0800bfb0                USBD_Init
 .text.USBD_RegisterClass
                0x0800c010       0x6c ./Middlewares/ST/STM32_USB_Device_Library/Core/Src/usbd_core.o
                0x0800c010                USBD_RegisterClass
 .text.USBD_Start
                0x0800c07c       0x18 ./Middlewares/ST/STM32_USB_Device_Library/Core/Src/usbd_core.o
                0x0800c07c                USBD_Start
 .text.USBD_RunTestMode
                0x0800c094       0x16 ./Middlewares/ST/STM32_USB_Device_Library/Core/Src/usbd_core.o
                0x0800c094                USBD_RunTestMode
 .text.USBD_SetClassConfig
                0x0800c0aa       0x38 ./Middlewares/ST/STM32_USB_Device_Library/Core/Src/usbd_core.o
                0x0800c0aa                USBD_SetClassConfig
 .text.USBD_ClrClassConfig
                0x0800c0e2       0x34 ./Middlewares/ST/STM32_USB_Device_Library/Core/Src/usbd_core.o
                0x0800c0e2                USBD_ClrClassConfig
 .text.USBD_LL_SetupStage
                0x0800c116       0xaa ./Middlewares/ST/STM32_USB_Device_Library/Core/Src/usbd_core.o
                0x0800c116                USBD_LL_SetupStage
 .text.USBD_LL_DataOutStage
                0x0800c1c0      0x166 ./Middlewares/ST/STM32_USB_Device_Library/Core/Src/usbd_core.o
                0x0800c1c0                USBD_LL_DataOutStage
 .text.USBD_LL_DataInStage
                0x0800c326      0x164 ./Middlewares/ST/STM32_USB_Device_Library/Core/Src/usbd_core.o
                0x0800c326                USBD_LL_DataInStage
 .text.USBD_LL_Reset
                0x0800c48a       0xa4 ./Middlewares/ST/STM32_USB_Device_Library/Core/Src/usbd_core.o
                0x0800c48a                USBD_LL_Reset
 .text.USBD_LL_SetSpeed
                0x0800c52e       0x20 ./Middlewares/ST/STM32_USB_Device_Library/Core/Src/usbd_core.o
                0x0800c52e                USBD_LL_SetSpeed
 .text.USBD_LL_Suspend
                0x0800c54e       0x2c ./Middlewares/ST/STM32_USB_Device_Library/Core/Src/usbd_core.o
                0x0800c54e                USBD_LL_Suspend
 .text.USBD_LL_Resume
                0x0800c57a       0x30 ./Middlewares/ST/STM32_USB_Device_Library/Core/Src/usbd_core.o
                0x0800c57a                USBD_LL_Resume
 .text.USBD_LL_SOF
                0x0800c5aa       0x40 ./Middlewares/ST/STM32_USB_Device_Library/Core/Src/usbd_core.o
                0x0800c5aa                USBD_LL_SOF
 .text.USBD_LL_IsoINIncomplete
                0x0800c5ea       0x64 ./Middlewares/ST/STM32_USB_Device_Library/Core/Src/usbd_core.o
                0x0800c5ea                USBD_LL_IsoINIncomplete
 .text.USBD_LL_IsoOUTIncomplete
                0x0800c64e       0x64 ./Middlewares/ST/STM32_USB_Device_Library/Core/Src/usbd_core.o
                0x0800c64e                USBD_LL_IsoOUTIncomplete
 .text.USBD_LL_DevConnected
                0x0800c6b2       0x16 ./Middlewares/ST/STM32_USB_Device_Library/Core/Src/usbd_core.o
                0x0800c6b2                USBD_LL_DevConnected
 .text.USBD_LL_DevDisconnected
                0x0800c6c8       0x46 ./Middlewares/ST/STM32_USB_Device_Library/Core/Src/usbd_core.o
                0x0800c6c8                USBD_LL_DevDisconnected
 .text.USBD_CoreFindIF
                0x0800c70e       0x1a ./Middlewares/ST/STM32_USB_Device_Library/Core/Src/usbd_core.o
                0x0800c70e                USBD_CoreFindIF
 .text.USBD_CoreFindEP
                0x0800c728       0x1a ./Middlewares/ST/STM32_USB_Device_Library/Core/Src/usbd_core.o
                0x0800c728                USBD_CoreFindEP
 .text.SWAPBYTE
                0x0800c742       0x3c ./Middlewares/ST/STM32_USB_Device_Library/Core/Src/usbd_ctlreq.o
 *fill*         0x0800c77e        0x2 
 .text.USBD_StdDevReq
                0x0800c780       0xe4 ./Middlewares/ST/STM32_USB_Device_Library/Core/Src/usbd_ctlreq.o
                0x0800c780                USBD_StdDevReq
 .text.USBD_StdItfReq
                0x0800c864       0xd8 ./Middlewares/ST/STM32_USB_Device_Library/Core/Src/usbd_ctlreq.o
                0x0800c864                USBD_StdItfReq
 .text.USBD_StdEPReq
                0x0800c93c      0x33a ./Middlewares/ST/STM32_USB_Device_Library/Core/Src/usbd_ctlreq.o
                0x0800c93c                USBD_StdEPReq
 *fill*         0x0800cc76        0x2 
 .text.USBD_GetDescriptor
                0x0800cc78      0x2d4 ./Middlewares/ST/STM32_USB_Device_Library/Core/Src/usbd_ctlreq.o
 .text.USBD_SetAddress
                0x0800cf4c       0x88 ./Middlewares/ST/STM32_USB_Device_Library/Core/Src/usbd_ctlreq.o
 .text.USBD_SetConfig
                0x0800cfd4      0x154 ./Middlewares/ST/STM32_USB_Device_Library/Core/Src/usbd_ctlreq.o
 .text.USBD_GetConfig
                0x0800d128       0x6c ./Middlewares/ST/STM32_USB_Device_Library/Core/Src/usbd_ctlreq.o
 .text.USBD_GetStatus
                0x0800d194       0x68 ./Middlewares/ST/STM32_USB_Device_Library/Core/Src/usbd_ctlreq.o
 .text.USBD_SetFeature
                0x0800d1fc       0x52 ./Middlewares/ST/STM32_USB_Device_Library/Core/Src/usbd_ctlreq.o
 .text.USBD_ClrFeature
                0x0800d24e       0x44 ./Middlewares/ST/STM32_USB_Device_Library/Core/Src/usbd_ctlreq.o
 .text.USBD_ParseSetupRequest
                0x0800d292       0x74 ./Middlewares/ST/STM32_USB_Device_Library/Core/Src/usbd_ctlreq.o
                0x0800d292                USBD_ParseSetupRequest
 .text.USBD_CtlError
                0x0800d306       0x22 ./Middlewares/ST/STM32_USB_Device_Library/Core/Src/usbd_ctlreq.o
                0x0800d306                USBD_CtlError
 .text.USBD_GetString
                0x0800d328       0x8c ./Middlewares/ST/STM32_USB_Device_Library/Core/Src/usbd_ctlreq.o
                0x0800d328                USBD_GetString
 .text.USBD_GetLen
                0x0800d3b4       0x34 ./Middlewares/ST/STM32_USB_Device_Library/Core/Src/usbd_ctlreq.o
 .text.USBD_CtlSendData
                0x0800d3e8       0x36 ./Middlewares/ST/STM32_USB_Device_Library/Core/Src/usbd_ioreq.o
                0x0800d3e8                USBD_CtlSendData
 .text.USBD_CtlContinueSendData
                0x0800d41e       0x22 ./Middlewares/ST/STM32_USB_Device_Library/Core/Src/usbd_ioreq.o
                0x0800d41e                USBD_CtlContinueSendData
 .text.USBD_CtlContinueRx
                0x0800d440       0x22 ./Middlewares/ST/STM32_USB_Device_Library/Core/Src/usbd_ioreq.o
                0x0800d440                USBD_CtlContinueRx
 .text.USBD_CtlSendStatus
                0x0800d462       0x26 ./Middlewares/ST/STM32_USB_Device_Library/Core/Src/usbd_ioreq.o
                0x0800d462                USBD_CtlSendStatus
 .text.USBD_CtlReceiveStatus
                0x0800d488       0x26 ./Middlewares/ST/STM32_USB_Device_Library/Core/Src/usbd_ioreq.o
                0x0800d488                USBD_CtlReceiveStatus
 *fill*         0x0800d4ae        0x2 
 .text.MX_USB_DEVICE_Init
                0x0800d4b0       0x4c ./USB_DEVICE/App/usb_device.o
                0x0800d4b0                MX_USB_DEVICE_Init
 .text.USBD_FS_DeviceDescriptor
                0x0800d4fc       0x24 ./USB_DEVICE/App/usbd_desc.o
                0x0800d4fc                USBD_FS_DeviceDescriptor
 .text.USBD_FS_LangIDStrDescriptor
                0x0800d520       0x24 ./USB_DEVICE/App/usbd_desc.o
                0x0800d520                USBD_FS_LangIDStrDescriptor
 .text.USBD_FS_ProductStrDescriptor
                0x0800d544       0x3c ./USB_DEVICE/App/usbd_desc.o
                0x0800d544                USBD_FS_ProductStrDescriptor
 .text.USBD_FS_ManufacturerStrDescriptor
                0x0800d580       0x28 ./USB_DEVICE/App/usbd_desc.o
                0x0800d580                USBD_FS_ManufacturerStrDescriptor
 .text.USBD_FS_SerialStrDescriptor
                0x0800d5a8       0x24 ./USB_DEVICE/App/usbd_desc.o
                0x0800d5a8                USBD_FS_SerialStrDescriptor
 .text.USBD_FS_ConfigStrDescriptor
                0x0800d5cc       0x3c ./USB_DEVICE/App/usbd_desc.o
                0x0800d5cc                USBD_FS_ConfigStrDescriptor
 .text.USBD_FS_InterfaceStrDescriptor
                0x0800d608       0x3c ./USB_DEVICE/App/usbd_desc.o
                0x0800d608                USBD_FS_InterfaceStrDescriptor
 .text.Get_SerialNum
                0x0800d644       0x58 ./USB_DEVICE/App/usbd_desc.o
 .text.IntToUnicode
                0x0800d69c       0x7e ./USB_DEVICE/App/usbd_desc.o
 *fill*         0x0800d71a        0x2 
 .text.HAL_PCD_MspInit
                0x0800d71c       0xa8 ./USB_DEVICE/Target/usbd_conf.o
                0x0800d71c                HAL_PCD_MspInit
 .text.HAL_PCD_SetupStageCallback
                0x0800d7c4       0x24 ./USB_DEVICE/Target/usbd_conf.o
                0x0800d7c4                HAL_PCD_SetupStageCallback
 .text.HAL_PCD_DataOutStageCallback
                0x0800d7e8       0x36 ./USB_DEVICE/Target/usbd_conf.o
                0x0800d7e8                HAL_PCD_DataOutStageCallback
 .text.HAL_PCD_DataInStageCallback
                0x0800d81e       0x34 ./USB_DEVICE/Target/usbd_conf.o
                0x0800d81e                HAL_PCD_DataInStageCallback
 .text.HAL_PCD_SOFCallback
                0x0800d852       0x1c ./USB_DEVICE/Target/usbd_conf.o
                0x0800d852                HAL_PCD_SOFCallback
 .text.HAL_PCD_ResetCallback
                0x0800d86e       0x3c ./USB_DEVICE/Target/usbd_conf.o
                0x0800d86e                HAL_PCD_ResetCallback
 *fill*         0x0800d8aa        0x2 
 .text.HAL_PCD_SuspendCallback
                0x0800d8ac       0x4c ./USB_DEVICE/Target/usbd_conf.o
                0x0800d8ac                HAL_PCD_SuspendCallback
 .text.HAL_PCD_ResumeCallback
                0x0800d8f8       0x1c ./USB_DEVICE/Target/usbd_conf.o
                0x0800d8f8                HAL_PCD_ResumeCallback
 .text.HAL_PCD_ISOOUTIncompleteCallback
                0x0800d914       0x24 ./USB_DEVICE/Target/usbd_conf.o
                0x0800d914                HAL_PCD_ISOOUTIncompleteCallback
 .text.HAL_PCD_ISOINIncompleteCallback
                0x0800d938       0x24 ./USB_DEVICE/Target/usbd_conf.o
                0x0800d938                HAL_PCD_ISOINIncompleteCallback
 .text.HAL_PCD_ConnectCallback
                0x0800d95c       0x1c ./USB_DEVICE/Target/usbd_conf.o
                0x0800d95c                HAL_PCD_ConnectCallback
 .text.HAL_PCD_DisconnectCallback
                0x0800d978       0x1c ./USB_DEVICE/Target/usbd_conf.o
                0x0800d978                HAL_PCD_DisconnectCallback
 .text.USBD_LL_Init
                0x0800d994       0x98 ./USB_DEVICE/Target/usbd_conf.o
                0x0800d994                USBD_LL_Init
 .text.USBD_LL_Start
                0x0800da2c       0x36 ./USB_DEVICE/Target/usbd_conf.o
                0x0800da2c                USBD_LL_Start
 .text.USBD_LL_OpenEP
                0x0800da62       0x4c ./USB_DEVICE/Target/usbd_conf.o
                0x0800da62                USBD_LL_OpenEP
 .text.USBD_LL_CloseEP
                0x0800daae       0x3e ./USB_DEVICE/Target/usbd_conf.o
                0x0800daae                USBD_LL_CloseEP
 .text.USBD_LL_StallEP
                0x0800daec       0x3e ./USB_DEVICE/Target/usbd_conf.o
                0x0800daec                USBD_LL_StallEP
 .text.USBD_LL_ClearStallEP
                0x0800db2a       0x3e ./USB_DEVICE/Target/usbd_conf.o
                0x0800db2a                USBD_LL_ClearStallEP
 .text.USBD_LL_IsStallEP
                0x0800db68       0x58 ./USB_DEVICE/Target/usbd_conf.o
                0x0800db68                USBD_LL_IsStallEP
 .text.USBD_LL_SetUSBAddress
                0x0800dbc0       0x3e ./USB_DEVICE/Target/usbd_conf.o
                0x0800dbc0                USBD_LL_SetUSBAddress
 .text.USBD_LL_Transmit
                0x0800dbfe       0x42 ./USB_DEVICE/Target/usbd_conf.o
                0x0800dbfe                USBD_LL_Transmit
 .text.USBD_LL_PrepareReceive
                0x0800dc40       0x42 ./USB_DEVICE/Target/usbd_conf.o
                0x0800dc40                USBD_LL_PrepareReceive
 *fill*         0x0800dc82        0x2 
 .text.USBD_static_malloc
                0x0800dc84       0x1c ./USB_DEVICE/Target/usbd_conf.o
                0x0800dc84                USBD_static_malloc
 .text.USBD_static_free
                0x0800dca0       0x14 ./USB_DEVICE/Target/usbd_conf.o
                0x0800dca0                USBD_static_free
 .text.USBD_Get_USB_Status
                0x0800dcb4       0x58 ./USB_DEVICE/Target/usbd_conf.o
                0x0800dcb4                USBD_Get_USB_Status
 .text.sprintf  0x0800dd0c       0x40 /opt/st/stm32cubeide_1.15.1/plugins/com.st.stm32cube.ide.mcu.externaltools.gnu-tools-for-stm32.12.3.rel1.linux64_1.0.100.202403111256/tools/bin/../lib/gcc/arm-none-eabi/12.3.1/../../../../arm-none-eabi/lib/thumb/v7e-m+fp/hard/libc_nano.a(libc_a-sprintf.o)
                0x0800dd0c                sprintf
                0x0800dd0c                siprintf
 .text.memset   0x0800dd4c       0x10 /opt/st/stm32cubeide_1.15.1/plugins/com.st.stm32cube.ide.mcu.externaltools.gnu-tools-for-stm32.12.3.rel1.linux64_1.0.100.202403111256/tools/bin/../lib/gcc/arm-none-eabi/12.3.1/../../../../arm-none-eabi/lib/thumb/v7e-m+fp/hard/libc_nano.a(libc_a-memset.o)
                0x0800dd4c                memset
 .text.__errno  0x0800dd5c        0xc /opt/st/stm32cubeide_1.15.1/plugins/com.st.stm32cube.ide.mcu.externaltools.gnu-tools-for-stm32.12.3.rel1.linux64_1.0.100.202403111256/tools/bin/../lib/gcc/arm-none-eabi/12.3.1/../../../../arm-none-eabi/lib/thumb/v7e-m+fp/hard/libc_nano.a(libc_a-errno.o)
                0x0800dd5c                __errno
 .text.__libc_init_array
                0x0800dd68       0x48 /opt/st/stm32cubeide_1.15.1/plugins/com.st.stm32cube.ide.mcu.externaltools.gnu-tools-for-stm32.12.3.rel1.linux64_1.0.100.202403111256/tools/bin/../lib/gcc/arm-none-eabi/12.3.1/../../../../arm-none-eabi/lib/thumb/v7e-m+fp/hard/libc_nano.a(libc_a-init.o)
                0x0800dd68                __libc_init_array
 .text.__retarget_lock_acquire_recursive
                0x0800ddb0        0x2 /opt/st/stm32cubeide_1.15.1/plugins/com.st.stm32cube.ide.mcu.externaltools.gnu-tools-for-stm32.12.3.rel1.linux64_1.0.100.202403111256/tools/bin/../lib/gcc/arm-none-eabi/12.3.1/../../../../arm-none-eabi/lib/thumb/v7e-m+fp/hard/libc_nano.a(libc_a-lock.o)
                0x0800ddb0                __retarget_lock_acquire_recursive
 .text.__retarget_lock_release_recursive
                0x0800ddb2        0x2 /opt/st/stm32cubeide_1.15.1/plugins/com.st.stm32cube.ide.mcu.externaltools.gnu-tools-for-stm32.12.3.rel1.linux64_1.0.100.202403111256/tools/bin/../lib/gcc/arm-none-eabi/12.3.1/../../../../arm-none-eabi/lib/thumb/v7e-m+fp/hard/libc_nano.a(libc_a-lock.o)
                0x0800ddb2                __retarget_lock_release_recursive
 .text._free_r  0x0800ddb4       0x94 /opt/st/stm32cubeide_1.15.1/plugins/com.st.stm32cube.ide.mcu.externaltools.gnu-tools-for-stm32.12.3.rel1.linux64_1.0.100.202403111256/tools/bin/../lib/gcc/arm-none-eabi/12.3.1/../../../../arm-none-eabi/lib/thumb/v7e-m+fp/hard/libc_nano.a(libc_a-freer.o)
                0x0800ddb4                _free_r
 .text.sbrk_aligned
                0x0800de48       0x44 /opt/st/stm32cubeide_1.15.1/plugins/com.st.stm32cube.ide.mcu.externaltools.gnu-tools-for-stm32.12.3.rel1.linux64_1.0.100.202403111256/tools/bin/../lib/gcc/arm-none-eabi/12.3.1/../../../../arm-none-eabi/lib/thumb/v7e-m+fp/hard/libc_nano.a(libc_a-mallocr.o)
 .text._malloc_r
                0x0800de8c      0x100 /opt/st/stm32cubeide_1.15.1/plugins/com.st.stm32cube.ide.mcu.externaltools.gnu-tools-for-stm32.12.3.rel1.linux64_1.0.100.202403111256/tools/bin/../lib/gcc/arm-none-eabi/12.3.1/../../../../arm-none-eabi/lib/thumb/v7e-m+fp/hard/libc_nano.a(libc_a-mallocr.o)
                0x0800de8c                _malloc_r
 .text.__malloc_lock
                0x0800df8c        0xc /opt/st/stm32cubeide_1.15.1/plugins/com.st.stm32cube.ide.mcu.externaltools.gnu-tools-for-stm32.12.3.rel1.linux64_1.0.100.202403111256/tools/bin/../lib/gcc/arm-none-eabi/12.3.1/../../../../arm-none-eabi/lib/thumb/v7e-m+fp/hard/libc_nano.a(libc_a-mlock.o)
                0x0800df8c                __malloc_lock
 .text.__malloc_unlock
                0x0800df98        0xc /opt/st/stm32cubeide_1.15.1/plugins/com.st.stm32cube.ide.mcu.externaltools.gnu-tools-for-stm32.12.3.rel1.linux64_1.0.100.202403111256/tools/bin/../lib/gcc/arm-none-eabi/12.3.1/../../../../arm-none-eabi/lib/thumb/v7e-m+fp/hard/libc_nano.a(libc_a-mlock.o)
                0x0800df98                __malloc_unlock
 .text.__ssputs_r
                0x0800dfa4       0xb6 /opt/st/stm32cubeide_1.15.1/plugins/com.st.stm32cube.ide.mcu.externaltools.gnu-tools-for-stm32.12.3.rel1.linux64_1.0.100.202403111256/tools/bin/../lib/gcc/arm-none-eabi/12.3.1/../../../../arm-none-eabi/lib/thumb/v7e-m+fp/hard/libc_nano.a(libc_a-nano-svfprintf.o)
                0x0800dfa4                __ssputs_r
 *fill*         0x0800e05a        0x2 
 .text._svfprintf_r
                0x0800e05c      0x1f8 /opt/st/stm32cubeide_1.15.1/plugins/com.st.stm32cube.ide.mcu.externaltools.gnu-tools-for-stm32.12.3.rel1.linux64_1.0.100.202403111256/tools/bin/../lib/gcc/arm-none-eabi/12.3.1/../../../../arm-none-eabi/lib/thumb/v7e-m+fp/hard/libc_nano.a(libc_a-nano-svfprintf.o)
                0x0800e05c                _svfprintf_r
                0x0800e05c                _svfiprintf_r
 .text._printf_common
                0x0800e254       0xda /opt/st/stm32cubeide_1.15.1/plugins/com.st.stm32cube.ide.mcu.externaltools.gnu-tools-for-stm32.12.3.rel1.linux64_1.0.100.202403111256/tools/bin/../lib/gcc/arm-none-eabi/12.3.1/../../../../arm-none-eabi/lib/thumb/v7e-m+fp/hard/libc_nano.a(libc_a-nano-vfprintf_i.o)
                0x0800e254                _printf_common
 *fill*         0x0800e32e        0x2 
 .text._printf_i
                0x0800e330      0x240 /opt/st/stm32cubeide_1.15.1/plugins/com.st.stm32cube.ide.mcu.externaltools.gnu-tools-for-stm32.12.3.rel1.linux64_1.0.100.202403111256/tools/bin/../lib/gcc/arm-none-eabi/12.3.1/../../../../arm-none-eabi/lib/thumb/v7e-m+fp/hard/libc_nano.a(libc_a-nano-vfprintf_i.o)
                0x0800e330                _printf_i
 .text.memmove  0x0800e570       0x34 /opt/st/stm32cubeide_1.15.1/plugins/com.st.stm32cube.ide.mcu.externaltools.gnu-tools-for-stm32.12.3.rel1.linux64_1.0.100.202403111256/tools/bin/../lib/gcc/arm-none-eabi/12.3.1/../../../../arm-none-eabi/lib/thumb/v7e-m+fp/hard/libc_nano.a(libc_a-memmove.o)
                0x0800e570                memmove
 .text._sbrk_r  0x0800e5a4       0x20 /opt/st/stm32cubeide_1.15.1/plugins/com.st.stm32cube.ide.mcu.externaltools.gnu-tools-for-stm32.12.3.rel1.linux64_1.0.100.202403111256/tools/bin/../lib/gcc/arm-none-eabi/12.3.1/../../../../arm-none-eabi/lib/thumb/v7e-m+fp/hard/libc_nano.a(libc_a-sbrkr.o)
                0x0800e5a4                _sbrk_r
 .text.memcpy   0x0800e5c4       0x1c /opt/st/stm32cubeide_1.15.1/plugins/com.st.stm32cube.ide.mcu.externaltools.gnu-tools-for-stm32.12.3.rel1.linux64_1.0.100.202403111256/tools/bin/../lib/gcc/arm-none-eabi/12.3.1/../../../../arm-none-eabi/lib/thumb/v7e-m+fp/hard/libc_nano.a(libc_a-memcpy-stub.o)
                0x0800e5c4                memcpy
 .text._realloc_r
                0x0800e5e0       0x5c /opt/st/stm32cubeide_1.15.1/plugins/com.st.stm32cube.ide.mcu.externaltools.gnu-tools-for-stm32.12.3.rel1.linux64_1.0.100.202403111256/tools/bin/../lib/gcc/arm-none-eabi/12.3.1/../../../../arm-none-eabi/lib/thumb/v7e-m+fp/hard/libc_nano.a(libc_a-reallocr.o)
                0x0800e5e0                _realloc_r
 .text._malloc_usable_size_r
                0x0800e63c       0x10 /opt/st/stm32cubeide_1.15.1/plugins/com.st.stm32cube.ide.mcu.externaltools.gnu-tools-for-stm32.12.3.rel1.linux64_1.0.100.202403111256/tools/bin/../lib/gcc/arm-none-eabi/12.3.1/../../../../arm-none-eabi/lib/thumb/v7e-m+fp/hard/libc_nano.a(libc_a-msizer.o)
                0x0800e63c                _malloc_usable_size_r
 *(.glue_7)
 .glue_7        0x0800e64c        0x0 linker stubs
 *(.glue_7t)
 .glue_7t       0x0800e64c        0x0 linker stubs
 *(.eh_frame)
 .eh_frame      0x0800e64c        0x0 /opt/st/stm32cubeide_1.15.1/plugins/com.st.stm32cube.ide.mcu.externaltools.gnu-tools-for-stm32.12.3.rel1.linux64_1.0.100.202403111256/tools/bin/../lib/gcc/arm-none-eabi/12.3.1/thumb/v7e-m+fp/hard/crtbegin.o
 *(.init)
 .init          0x0800e64c        0x4 /opt/st/stm32cubeide_1.15.1/plugins/com.st.stm32cube.ide.mcu.externaltools.gnu-tools-for-stm32.12.3.rel1.linux64_1.0.100.202403111256/tools/bin/../lib/gcc/arm-none-eabi/12.3.1/thumb/v7e-m+fp/hard/crti.o
                0x0800e64c                _init
 .init          0x0800e650        0x8 /opt/st/stm32cubeide_1.15.1/plugins/com.st.stm32cube.ide.mcu.externaltools.gnu-tools-for-stm32.12.3.rel1.linux64_1.0.100.202403111256/tools/bin/../lib/gcc/arm-none-eabi/12.3.1/thumb/v7e-m+fp/hard/crtn.o
 *(.fini)
 .fini          0x0800e658        0x4 /opt/st/stm32cubeide_1.15.1/plugins/com.st.stm32cube.ide.mcu.externaltools.gnu-tools-for-stm32.12.3.rel1.linux64_1.0.100.202403111256/tools/bin/../lib/gcc/arm-none-eabi/12.3.1/thumb/v7e-m+fp/hard/crti.o
                0x0800e658                _fini
 .fini          0x0800e65c        0x8 /opt/st/stm32cubeide_1.15.1/plugins/com.st.stm32cube.ide.mcu.externaltools.gnu-tools-for-stm32.12.3.rel1.linux64_1.0.100.202403111256/tools/bin/../lib/gcc/arm-none-eabi/12.3.1/thumb/v7e-m+fp/hard/crtn.o
                0x0800e664                        . = ALIGN (0x4)
                0x0800e664                        _etext = .

.vfp11_veneer   0x0800e664        0x0
 .vfp11_veneer  0x0800e664        0x0 linker stubs

.v4_bx          0x0800e664        0x0
 .v4_bx         0x0800e664        0x0 linker stubs

.iplt           0x0800e664        0x0
 .iplt          0x0800e664        0x0 /opt/st/stm32cubeide_1.15.1/plugins/com.st.stm32cube.ide.mcu.externaltools.gnu-tools-for-stm32.12.3.rel1.linux64_1.0.100.202403111256/tools/bin/../lib/gcc/arm-none-eabi/12.3.1/thumb/v7e-m+fp/hard/crtbegin.o

.rodata         0x0800e664      0xae4
                0x0800e664                        . = ALIGN (0x4)
 *(.rodata)
 .rodata        0x0800e664       0x81 ./Core/Src/main.o
 *fill*         0x0800e6e5        0x3 
 .rodata        0x0800e6e8       0x3a ./USB_DEVICE/App/usbd_desc.o
 *(.rodata*)
 *fill*         0x0800e722        0x2 
 .rodata.Font7x10
                0x0800e724      0x76c ./Core/Src/fonts.o
                0x0800e724                Font7x10
 .rodata.StartLogo
                0x0800ee90      0x200 ./Core/Src/main.o
                0x0800ee90                StartLogo
 .rodata.HEX_Map
                0x0800f090       0x61 ./Core/Src/main.o
                0x0800f090                HEX_Map
 *fill*         0x0800f0f1        0x3 
 .rodata.AHBPrescTable
                0x0800f0f4       0x10 ./Core/Src/system_stm32f4xx.o
                0x0800f0f4                AHBPrescTable
 .rodata.APBPrescTable
                0x0800f104        0x8 ./Core/Src/system_stm32f4xx.o
                0x0800f104                APBPrescTable
 .rodata.flagBitshiftOffset.0
                0x0800f10c        0x8 ./Drivers/STM32F4xx_HAL_Driver/Src/stm32f4xx_hal_dma.o
 .rodata._svfprintf_r.str1.1
                0x0800f114       0x11 /opt/st/stm32cubeide_1.15.1/plugins/com.st.stm32cube.ide.mcu.externaltools.gnu-tools-for-stm32.12.3.rel1.linux64_1.0.100.202403111256/tools/bin/../lib/gcc/arm-none-eabi/12.3.1/../../../../arm-none-eabi/lib/thumb/v7e-m+fp/hard/libc_nano.a(libc_a-nano-svfprintf.o)
 .rodata._printf_i.str1.1
                0x0800f125       0x22 /opt/st/stm32cubeide_1.15.1/plugins/com.st.stm32cube.ide.mcu.externaltools.gnu-tools-for-stm32.12.3.rel1.linux64_1.0.100.202403111256/tools/bin/../lib/gcc/arm-none-eabi/12.3.1/../../../../arm-none-eabi/lib/thumb/v7e-m+fp/hard/libc_nano.a(libc_a-nano-vfprintf_i.o)
                0x0800f148                        . = ALIGN (0x4)
 *fill*         0x0800f147        0x1 

.ARM.extab      0x0800f148        0x0
                0x0800f148                        . = ALIGN (0x4)
 *(.ARM.extab* .gnu.linkonce.armextab.*)
                0x0800f148                        . = ALIGN (0x4)

.ARM            0x0800f148        0x8
                0x0800f148                        . = ALIGN (0x4)
                0x0800f148                        __exidx_start = .
 *(.ARM.exidx*)
 .ARM.exidx     0x0800f148        0x8 /opt/st/stm32cubeide_1.15.1/plugins/com.st.stm32cube.ide.mcu.externaltools.gnu-tools-for-stm32.12.3.rel1.linux64_1.0.100.202403111256/tools/bin/../lib/gcc/arm-none-eabi/12.3.1/../../../../arm-none-eabi/lib/thumb/v7e-m+fp/hard/libc_nano.a(libc_a-memchr.o)
 .ARM.exidx     0x0800f150        0x0 /opt/st/stm32cubeide_1.15.1/plugins/com.st.stm32cube.ide.mcu.externaltools.gnu-tools-for-stm32.12.3.rel1.linux64_1.0.100.202403111256/tools/bin/../lib/gcc/arm-none-eabi/12.3.1/thumb/v7e-m+fp/hard/libgcc.a(_udivmoddi4.o)
                                  0x8 (size before relaxing)
                0x0800f150                        __exidx_end = .
                0x0800f150                        . = ALIGN (0x4)

.rel.dyn        0x0800f150        0x0
 .rel.iplt      0x0800f150        0x0 /opt/st/stm32cubeide_1.15.1/plugins/com.st.stm32cube.ide.mcu.externaltools.gnu-tools-for-stm32.12.3.rel1.linux64_1.0.100.202403111256/tools/bin/../lib/gcc/arm-none-eabi/12.3.1/thumb/v7e-m+fp/hard/crtbegin.o

.preinit_array  0x0800f150        0x0
                0x0800f150                        . = ALIGN (0x4)
                0x0800f150                        PROVIDE (__preinit_array_start = .)
 *(.preinit_array*)
                0x0800f150                        PROVIDE (__preinit_array_end = .)
                0x0800f150                        . = ALIGN (0x4)

.init_array     0x0800f150        0x4
                0x0800f150                        . = ALIGN (0x4)
                0x0800f150                        PROVIDE (__init_array_start = .)
 *(SORT_BY_NAME(.init_array.*))
 *(.init_array*)
 .init_array    0x0800f150        0x4 /opt/st/stm32cubeide_1.15.1/plugins/com.st.stm32cube.ide.mcu.externaltools.gnu-tools-for-stm32.12.3.rel1.linux64_1.0.100.202403111256/tools/bin/../lib/gcc/arm-none-eabi/12.3.1/thumb/v7e-m+fp/hard/crtbegin.o
                0x0800f154                        PROVIDE (__init_array_end = .)
                0x0800f154                        . = ALIGN (0x4)

.fini_array     0x0800f154        0x4
                0x0800f154                        . = ALIGN (0x4)
                [!provide]                        PROVIDE (__fini_array_start = .)
 *(SORT_BY_NAME(.fini_array.*))
 *(.fini_array*)
 .fini_array    0x0800f154        0x4 /opt/st/stm32cubeide_1.15.1/plugins/com.st.stm32cube.ide.mcu.externaltools.gnu-tools-for-stm32.12.3.rel1.linux64_1.0.100.202403111256/tools/bin/../lib/gcc/arm-none-eabi/12.3.1/thumb/v7e-m+fp/hard/crtbegin.o
                [!provide]                        PROVIDE (__fini_array_end = .)
                0x0800f158                        . = ALIGN (0x4)
                0x0800f158                        _sidata = LOADADDR (.data)

.data           0x20000000      0x1ec load address 0x0800f158
                0x20000000                        . = ALIGN (0x4)
                0x20000000                        _sdata = .
 *(.data)
 *(.data*)
 .data.ARGB_BR  0x20000000        0x1 ./Core/Src/ARGB.o
                0x20000000                ARGB_BR
 *fill*         0x20000001        0x3 
 .data.Font_7x10
                0x20000004        0x8 ./Core/Src/fonts.o
                0x20000004                Font_7x10
 .data.SystemCoreClock
                0x2000000c        0x4 ./Core/Src/system_stm32f4xx.o
                0x2000000c                SystemCoreClock
 .data.uwTickPrio
                0x20000010        0x4 ./Drivers/STM32F4xx_HAL_Driver/Src/stm32f4xx_hal.o
                0x20000010                uwTickPrio
 .data.uwTickFreq
                0x20000014        0x1 ./Drivers/STM32F4xx_HAL_Driver/Src/stm32f4xx_hal.o
                0x20000014                uwTickFreq
 *fill*         0x20000015        0x3 
 .data.USBD_HID
                0x20000018       0x38 ./Middlewares/ST/STM32_USB_Device_Library/Class/HID/Src/usbd_hid.o
                0x20000018                USBD_HID
 .data.USBD_HID_CfgFSDesc
                0x20000050       0x29 ./Middlewares/ST/STM32_USB_Device_Library/Class/HID/Src/usbd_hid.o
 *fill*         0x20000079        0x3 
 .data.USBD_HID_CfgHSDesc
                0x2000007c       0x29 ./Middlewares/ST/STM32_USB_Device_Library/Class/HID/Src/usbd_hid.o
 *fill*         0x200000a5        0x3 
 .data.USBD_HID_OtherSpeedCfgDesc
                0x200000a8       0x29 ./Middlewares/ST/STM32_USB_Device_Library/Class/HID/Src/usbd_hid.o
 *fill*         0x200000d1        0x3 
 .data.USBD_HID_Desc
                0x200000d4        0x9 ./Middlewares/ST/STM32_USB_Device_Library/Class/HID/Src/usbd_hid.o
 *fill*         0x200000dd        0x3 
 .data.USBD_HID_DeviceQualifierDesc
                0x200000e0        0xa ./Middlewares/ST/STM32_USB_Device_Library/Class/HID/Src/usbd_hid.o
 *fill*         0x200000ea        0x2 
 .data.HID_KEYBOARD_ReportDesc
                0x200000ec       0x5e ./Middlewares/ST/STM32_USB_Device_Library/Class/HID/Src/usbd_hid.o
 *fill*         0x2000014a        0x2 
 .data.FS_Desc  0x2000014c       0x1c ./USB_DEVICE/App/usbd_desc.o
                0x2000014c                FS_Desc
 .data.USBD_FS_DeviceDesc
                0x20000168       0x12 ./USB_DEVICE/App/usbd_desc.o
                0x20000168                USBD_FS_DeviceDesc
 *fill*         0x2000017a        0x2 
 .data.USBD_LangIDDesc
                0x2000017c        0x4 ./USB_DEVICE/App/usbd_desc.o
                0x2000017c                USBD_LangIDDesc
 .data.USBD_StringSerial
                0x20000180       0x1a ./USB_DEVICE/App/usbd_desc.o
                0x20000180                USBD_StringSerial
 *fill*         0x2000019a        0x2 
 .data._impure_ptr
                0x2000019c        0x4 /opt/st/stm32cubeide_1.15.1/plugins/com.st.stm32cube.ide.mcu.externaltools.gnu-tools-for-stm32.12.3.rel1.linux64_1.0.100.202403111256/tools/bin/../lib/gcc/arm-none-eabi/12.3.1/../../../../arm-none-eabi/lib/thumb/v7e-m+fp/hard/libc_nano.a(libc_a-impure.o)
                0x2000019c                _impure_ptr
 .data._impure_data
                0x200001a0       0x4c /opt/st/stm32cubeide_1.15.1/plugins/com.st.stm32cube.ide.mcu.externaltools.gnu-tools-for-stm32.12.3.rel1.linux64_1.0.100.202403111256/tools/bin/../lib/gcc/arm-none-eabi/12.3.1/../../../../arm-none-eabi/lib/thumb/v7e-m+fp/hard/libc_nano.a(libc_a-impure.o)
                0x200001a0                _impure_data
 *(.RamFunc)
 *(.RamFunc*)
                0x200001ec                        . = ALIGN (0x4)
                0x200001ec                        _edata = .

.igot.plt       0x200001ec        0x0 load address 0x0800f344
 .igot.plt      0x200001ec        0x0 /opt/st/stm32cubeide_1.15.1/plugins/com.st.stm32cube.ide.mcu.externaltools.gnu-tools-for-stm32.12.3.rel1.linux64_1.0.100.202403111256/tools/bin/../lib/gcc/arm-none-eabi/12.3.1/thumb/v7e-m+fp/hard/crtbegin.o
                0x200001ec                        . = ALIGN (0x4)

.bss            0x200001ec     0x1200 load address 0x0800f344
                0x200001ec                        _sbss = .
                0x200001ec                        __bss_start__ = _sbss
 *(.bss)
 .bss           0x200001ec       0x1c /opt/st/stm32cubeide_1.15.1/plugins/com.st.stm32cube.ide.mcu.externaltools.gnu-tools-for-stm32.12.3.rel1.linux64_1.0.100.202403111256/tools/bin/../lib/gcc/arm-none-eabi/12.3.1/thumb/v7e-m+fp/hard/crtbegin.o
 *(.bss*)
 .bss.PWM_HI    0x20000208        0x1 ./Core/Src/ARGB.o
                0x20000208                PWM_HI
 .bss.PWM_LO    0x20000209        0x1 ./Core/Src/ARGB.o
                0x20000209                PWM_LO
 *fill*         0x2000020a        0x2 
 .bss.RGB_BUF   0x2000020c      0x12c ./Core/Src/ARGB.o
                0x2000020c                RGB_BUF
 .bss.PWM_BUF   0x20000338       0xc0 ./Core/Src/ARGB.o
                0x20000338                PWM_BUF
 .bss.BUF_COUNTER
                0x200003f8        0x2 ./Core/Src/ARGB.o
                0x200003f8                BUF_COUNTER
 .bss.ARGB_LOC_ST
                0x200003fa        0x1 ./Core/Src/ARGB.o
                0x200003fa                ARGB_LOC_ST
 *fill*         0x200003fb        0x1 
 .bss.hadc1     0x200003fc       0x48 ./Core/Src/main.o
                0x200003fc                hadc1
 .bss.hdma_adc1
                0x20000444       0x60 ./Core/Src/main.o
                0x20000444                hdma_adc1
 .bss.hi2c1     0x200004a4       0x54 ./Core/Src/main.o
                0x200004a4                hi2c1
 .bss.hdma_i2c1_tx
                0x200004f8       0x60 ./Core/Src/main.o
                0x200004f8                hdma_i2c1_tx
 .bss.htim1     0x20000558       0x48 ./Core/Src/main.o
                0x20000558                htim1
 .bss.htim3     0x200005a0       0x48 ./Core/Src/main.o
                0x200005a0                htim3
 .bss.hdma_tim1_ch2
                0x200005e8       0x60 ./Core/Src/main.o
                0x200005e8                hdma_tim1_ch2
 .bss.EncRotRig
                0x20000648        0x1 ./Core/Src/main.o
                0x20000648                EncRotRig
 .bss.EncRotLft
                0x20000649        0x1 ./Core/Src/main.o
                0x20000649                EncRotLft
 .bss.FnBtnState
                0x2000064a        0x1 ./Core/Src/main.o
                0x2000064a                FnBtnState
 *fill*         0x2000064b        0x1 
 .bss.keycodes  0x2000064c        0xa ./Core/Src/main.o
                0x2000064c                keycodes
 *fill*         0x20000656        0x2 
 .bss.MediaReport
                0x20000658        0x2 ./Core/Src/main.o
                0x20000658                MediaReport
 *fill*         0x2000065a        0x2 
 .bss.DisplayText
                0x2000065c        0x8 ./Core/Src/main.o
                0x2000065c                DisplayText
 .bss.Red       0x20000664        0x1 ./Core/Src/main.o
                0x20000664                Red
 .bss.Green     0x20000665        0x1 ./Core/Src/main.o
                0x20000665                Green
 .bss.Blue      0x20000666        0x1 ./Core/Src/main.o
                0x20000666                Blue
 .bss.LedBrightness
                0x20000667        0x1 ./Core/Src/main.o
                0x20000667                LedBrightness
 .bss.ArgbMode  0x20000668        0x1 ./Core/Src/main.o
                0x20000668                ArgbMode
 .bss.SwitchMode
                0x20000669        0x1 ./Core/Src/main.o
                0x20000669                SwitchMode
 .bss.MenuOpenFlag
                0x2000066a        0x1 ./Core/Src/main.o
                0x2000066a                MenuOpenFlag
 .bss.MenuDeniedFlag
                0x2000066b        0x1 ./Core/Src/main.o
                0x2000066b                MenuDeniedFlag
 .bss.RedMenu   0x2000066c        0x1 ./Core/Src/main.o
                0x2000066c                RedMenu
 .bss.GreenMenu
                0x2000066d        0x1 ./Core/Src/main.o
                0x2000066d                GreenMenu
 .bss.BlueMenu  0x2000066e        0x1 ./Core/Src/main.o
                0x2000066e                BlueMenu
 .bss.BrMenu    0x2000066f        0x1 ./Core/Src/main.o
                0x2000066f                BrMenu
 .bss.SubMenu   0x20000670        0x1 ./Core/Src/main.o
                0x20000670                SubMenu
 .bss.SubMenuDeniedFlag
                0x20000671        0x1 ./Core/Src/main.o
                0x20000671                SubMenuDeniedFlag
 .bss.MenuEncCounter
                0x20000672        0x1 ./Core/Src/main.o
                0x20000672                MenuEncCounter
 .bss.SubMenuEncCounter
                0x20000673        0x1 ./Core/Src/main.o
                0x20000673                SubMenuEncCounter
 .bss.SSD1306_Buffer
                0x20000674      0x200 ./Core/Src/ssd1306.o
 .bss.SSD1306   0x20000874        0x6 ./Core/Src/ssd1306.o
 *fill*         0x2000087a        0x2 
 .bss.__sbrk_heap_end
                0x2000087c        0x4 ./Core/Src/sysmem.o
 .bss.uwTick    0x20000880        0x4 ./Drivers/STM32F4xx_HAL_Driver/Src/stm32f4xx_hal.o
                0x20000880                uwTick
 .bss.pFlash    0x20000884       0x20 ./Drivers/STM32F4xx_HAL_Driver/Src/stm32f4xx_hal_flash.o
                0x20000884                pFlash
 .bss.rx_buf    0x200008a4        0x1 ./Middlewares/ST/STM32_USB_Device_Library/Class/HID/Src/usbd_hid.o
 .bss.cfgidx.0  0x200008a5        0x1 ./Middlewares/ST/STM32_USB_Device_Library/Core/Src/usbd_ctlreq.o
 *fill*         0x200008a6        0x2 
 .bss.hUsbDeviceFS
                0x200008a8      0x2dc ./USB_DEVICE/App/usb_device.o
                0x200008a8                hUsbDeviceFS
 .bss.USBD_StrDesc
                0x20000b84      0x200 ./USB_DEVICE/App/usbd_desc.o
                0x20000b84                USBD_StrDesc
 .bss.hpcd_USB_OTG_FS
                0x20000d84      0x50c ./USB_DEVICE/Target/usbd_conf.o
                0x20000d84                hpcd_USB_OTG_FS
 .bss.mem.0     0x20001290       0x14 ./USB_DEVICE/Target/usbd_conf.o
 .bss.__sf      0x200012a4      0x138 /opt/st/stm32cubeide_1.15.1/plugins/com.st.stm32cube.ide.mcu.externaltools.gnu-tools-for-stm32.12.3.rel1.linux64_1.0.100.202403111256/tools/bin/../lib/gcc/arm-none-eabi/12.3.1/../../../../arm-none-eabi/lib/thumb/v7e-m+fp/hard/libc_nano.a(libc_a-findfp.o)
                0x200012a4                __sf
 .bss.errno     0x200013dc        0x4 /opt/st/stm32cubeide_1.15.1/plugins/com.st.stm32cube.ide.mcu.externaltools.gnu-tools-for-stm32.12.3.rel1.linux64_1.0.100.202403111256/tools/bin/../lib/gcc/arm-none-eabi/12.3.1/../../../../arm-none-eabi/lib/thumb/v7e-m+fp/hard/libc_nano.a(libc_a-reent.o)
                0x200013dc                errno
 .bss.__lock___malloc_recursive_mutex
                0x200013e0        0x1 /opt/st/stm32cubeide_1.15.1/plugins/com.st.stm32cube.ide.mcu.externaltools.gnu-tools-for-stm32.12.3.rel1.linux64_1.0.100.202403111256/tools/bin/../lib/gcc/arm-none-eabi/12.3.1/../../../../arm-none-eabi/lib/thumb/v7e-m+fp/hard/libc_nano.a(libc_a-lock.o)
                0x200013e0                __lock___malloc_recursive_mutex
 *fill*         0x200013e1        0x3 
 .bss.__malloc_sbrk_start
                0x200013e4        0x4 /opt/st/stm32cubeide_1.15.1/plugins/com.st.stm32cube.ide.mcu.externaltools.gnu-tools-for-stm32.12.3.rel1.linux64_1.0.100.202403111256/tools/bin/../lib/gcc/arm-none-eabi/12.3.1/../../../../arm-none-eabi/lib/thumb/v7e-m+fp/hard/libc_nano.a(libc_a-mallocr.o)
                0x200013e4                __malloc_sbrk_start
 .bss.__malloc_free_list
                0x200013e8        0x4 /opt/st/stm32cubeide_1.15.1/plugins/com.st.stm32cube.ide.mcu.externaltools.gnu-tools-for-stm32.12.3.rel1.linux64_1.0.100.202403111256/tools/bin/../lib/gcc/arm-none-eabi/12.3.1/../../../../arm-none-eabi/lib/thumb/v7e-m+fp/hard/libc_nano.a(libc_a-mallocr.o)
                0x200013e8                __malloc_free_list
 *(COMMON)
                0x200013ec                        . = ALIGN (0x4)
                0x200013ec                        _ebss = .
                0x200013ec                        __bss_end__ = _ebss

._user_heap_stack
                0x200013ec      0x604 load address 0x0800f344
                0x200013f0                        . = ALIGN (0x8)
 *fill*         0x200013ec        0x4 
                [!provide]                        PROVIDE (end = .)
                0x200013f0                        PROVIDE (_end = .)
                0x200015f0                        . = (. + _Min_Heap_Size)
 *fill*         0x200013f0      0x200 
                0x200019f0                        . = (. + _Min_Stack_Size)
 *fill*         0x200015f0      0x400 
                0x200019f0                        . = ALIGN (0x8)

/DISCARD/
 libc.a(*)
 libm.a(*)
 libgcc.a(*)

.ARM.attributes
                0x00000000       0x30
 *(.ARM.attributes)
 .ARM.attributes
                0x00000000       0x22 /opt/st/stm32cubeide_1.15.1/plugins/com.st.stm32cube.ide.mcu.externaltools.gnu-tools-for-stm32.12.3.rel1.linux64_1.0.100.202403111256/tools/bin/../lib/gcc/arm-none-eabi/12.3.1/thumb/v7e-m+fp/hard/crti.o
 .ARM.attributes
                0x00000022       0x34 /opt/st/stm32cubeide_1.15.1/plugins/com.st.stm32cube.ide.mcu.externaltools.gnu-tools-for-stm32.12.3.rel1.linux64_1.0.100.202403111256/tools/bin/../lib/gcc/arm-none-eabi/12.3.1/thumb/v7e-m+fp/hard/crtbegin.o
 .ARM.attributes
                0x00000056       0x34 ./Core/Src/ARGB.o
 .ARM.attributes
                0x0000008a       0x34 ./Core/Src/fonts.o
 .ARM.attributes
                0x000000be       0x34 ./Core/Src/main.o
 .ARM.attributes
                0x000000f2       0x34 ./Core/Src/ssd1306.o
 .ARM.attributes
                0x00000126       0x34 ./Core/Src/stm32f4xx_hal_msp.o
 .ARM.attributes
                0x0000015a       0x34 ./Core/Src/stm32f4xx_it.o
 .ARM.attributes
                0x0000018e       0x34 ./Core/Src/sysmem.o
 .ARM.attributes
                0x000001c2       0x34 ./Core/Src/system_stm32f4xx.o
 .ARM.attributes
                0x000001f6       0x21 ./Core/Startup/startup_stm32f411ceux.o
 .ARM.attributes
                0x00000217       0x34 ./Drivers/STM32F4xx_HAL_Driver/Src/stm32f4xx_hal.o
 .ARM.attributes
                0x0000024b       0x34 ./Drivers/STM32F4xx_HAL_Driver/Src/stm32f4xx_hal_adc.o
 .ARM.attributes
                0x0000027f       0x34 ./Drivers/STM32F4xx_HAL_Driver/Src/stm32f4xx_hal_cortex.o
 .ARM.attributes
                0x000002b3       0x34 ./Drivers/STM32F4xx_HAL_Driver/Src/stm32f4xx_hal_dma.o
 .ARM.attributes
                0x000002e7       0x34 ./Drivers/STM32F4xx_HAL_Driver/Src/stm32f4xx_hal_flash.o
 .ARM.attributes
                0x0000031b       0x34 ./Drivers/STM32F4xx_HAL_Driver/Src/stm32f4xx_hal_flash_ex.o
 .ARM.attributes
                0x0000034f       0x34 ./Drivers/STM32F4xx_HAL_Driver/Src/stm32f4xx_hal_gpio.o
 .ARM.attributes
                0x00000383       0x34 ./Drivers/STM32F4xx_HAL_Driver/Src/stm32f4xx_hal_i2c.o
 .ARM.attributes
                0x000003b7       0x34 ./Drivers/STM32F4xx_HAL_Driver/Src/stm32f4xx_hal_pcd.o
 .ARM.attributes
                0x000003eb       0x34 ./Drivers/STM32F4xx_HAL_Driver/Src/stm32f4xx_hal_pcd_ex.o
 .ARM.attributes
                0x0000041f       0x34 ./Drivers/STM32F4xx_HAL_Driver/Src/stm32f4xx_hal_rcc.o
 .ARM.attributes
                0x00000453       0x34 ./Drivers/STM32F4xx_HAL_Driver/Src/stm32f4xx_hal_tim.o
 .ARM.attributes
                0x00000487       0x34 ./Drivers/STM32F4xx_HAL_Driver/Src/stm32f4xx_hal_tim_ex.o
 .ARM.attributes
                0x000004bb       0x34 ./Drivers/STM32F4xx_HAL_Driver/Src/stm32f4xx_ll_usb.o
 .ARM.attributes
                0x000004ef       0x34 ./Middlewares/ST/STM32_USB_Device_Library/Class/HID/Src/usbd_hid.o
 .ARM.attributes
                0x00000523       0x34 ./Middlewares/ST/STM32_USB_Device_Library/Core/Src/usbd_core.o
 .ARM.attributes
                0x00000557       0x34 ./Middlewares/ST/STM32_USB_Device_Library/Core/Src/usbd_ctlreq.o
 .ARM.attributes
                0x0000058b       0x34 ./Middlewares/ST/STM32_USB_Device_Library/Core/Src/usbd_ioreq.o
 .ARM.attributes
                0x000005bf       0x34 ./USB_DEVICE/App/usb_device.o
 .ARM.attributes
                0x000005f3       0x34 ./USB_DEVICE/App/usbd_desc.o
 .ARM.attributes
                0x00000627       0x34 ./USB_DEVICE/Target/usbd_conf.o
 .ARM.attributes
                0x0000065b       0x34 /opt/st/stm32cubeide_1.15.1/plugins/com.st.stm32cube.ide.mcu.externaltools.gnu-tools-for-stm32.12.3.rel1.linux64_1.0.100.202403111256/tools/bin/../lib/gcc/arm-none-eabi/12.3.1/../../../../arm-none-eabi/lib/thumb/v7e-m+fp/hard/libc_nano.a(libc_a-findfp.o)
 .ARM.attributes
                0x0000068f       0x34 /opt/st/stm32cubeide_1.15.1/plugins/com.st.stm32cube.ide.mcu.externaltools.gnu-tools-for-stm32.12.3.rel1.linux64_1.0.100.202403111256/tools/bin/../lib/gcc/arm-none-eabi/12.3.1/../../../../arm-none-eabi/lib/thumb/v7e-m+fp/hard/libc_nano.a(libc_a-sprintf.o)
 .ARM.attributes
                0x000006c3       0x34 /opt/st/stm32cubeide_1.15.1/plugins/com.st.stm32cube.ide.mcu.externaltools.gnu-tools-for-stm32.12.3.rel1.linux64_1.0.100.202403111256/tools/bin/../lib/gcc/arm-none-eabi/12.3.1/../../../../arm-none-eabi/lib/thumb/v7e-m+fp/hard/libc_nano.a(libc_a-memset.o)
 .ARM.attributes
                0x000006f7       0x34 /opt/st/stm32cubeide_1.15.1/plugins/com.st.stm32cube.ide.mcu.externaltools.gnu-tools-for-stm32.12.3.rel1.linux64_1.0.100.202403111256/tools/bin/../lib/gcc/arm-none-eabi/12.3.1/../../../../arm-none-eabi/lib/thumb/v7e-m+fp/hard/libc_nano.a(libc_a-reent.o)
 .ARM.attributes
                0x0000072b       0x34 /opt/st/stm32cubeide_1.15.1/plugins/com.st.stm32cube.ide.mcu.externaltools.gnu-tools-for-stm32.12.3.rel1.linux64_1.0.100.202403111256/tools/bin/../lib/gcc/arm-none-eabi/12.3.1/../../../../arm-none-eabi/lib/thumb/v7e-m+fp/hard/libc_nano.a(libc_a-impure.o)
 .ARM.attributes
                0x0000075f       0x34 /opt/st/stm32cubeide_1.15.1/plugins/com.st.stm32cube.ide.mcu.externaltools.gnu-tools-for-stm32.12.3.rel1.linux64_1.0.100.202403111256/tools/bin/../lib/gcc/arm-none-eabi/12.3.1/../../../../arm-none-eabi/lib/thumb/v7e-m+fp/hard/libc_nano.a(libc_a-errno.o)
 .ARM.attributes
                0x00000793       0x34 /opt/st/stm32cubeide_1.15.1/plugins/com.st.stm32cube.ide.mcu.externaltools.gnu-tools-for-stm32.12.3.rel1.linux64_1.0.100.202403111256/tools/bin/../lib/gcc/arm-none-eabi/12.3.1/../../../../arm-none-eabi/lib/thumb/v7e-m+fp/hard/libc_nano.a(libc_a-init.o)
 .ARM.attributes