Archive member included to satisfy reference by file (symbol)

C:/Program Files/STMicroelectronics/STM32Cube/STM32CubeIDE/STM32CubeIDE/plugins/com.st.stm32cube.ide.mcu.externaltools.gnu-tools-for-stm32.11.3.rel1.win32_1.1.100.202309141235/tools/bin/../lib/gcc/arm-none-eabi/11.3.1/../../../../arm-none-eabi/lib/thumb/v7e-m+fp/hard\libc_nano.a(libc_a-exit.o)
                              C:/Program Files/STMicroelectronics/STM32Cube/STM32CubeIDE/STM32CubeIDE/plugins/com.st.stm32cube.ide.mcu.externaltools.gnu-tools-for-stm32.11.3.rel1.win32_1.1.100.202309141235/tools/bin/../lib/gcc/arm-none-eabi/11.3.1/../../../../arm-none-eabi/lib/thumb/v7e-m+fp/hard/crt0.o (exit)
C:/Program Files/STMicroelectronics/STM32Cube/STM32CubeIDE/STM32CubeIDE/plugins/com.st.stm32cube.ide.mcu.externaltools.gnu-tools-for-stm32.11.3.rel1.win32_1.1.100.202309141235/tools/bin/../lib/gcc/arm-none-eabi/11.3.1/../../../../arm-none-eabi/lib/thumb/v7e-m+fp/hard\libc_nano.a(libc_a-findfp.o)
                              C:/Program Files/STMicroelectronics/STM32Cube/STM32CubeIDE/STM32CubeIDE/plugins/com.st.stm32cube.ide.mcu.externaltools.gnu-tools-for-stm32.11.3.rel1.win32_1.1.100.202309141235/tools/bin/../lib/gcc/arm-none-eabi/11.3.1/../../../../arm-none-eabi/lib/thumb/v7e-m+fp/hard\libc_nano.a(libc_a-exit.o) (__stdio_exit_handler)
C:/Program Files/STMicroelectronics/STM32Cube/STM32CubeIDE/STM32CubeIDE/plugins/com.st.stm32cube.ide.mcu.externaltools.gnu-tools-for-stm32.11.3.rel1.win32_1.1.100.202309141235/tools/bin/../lib/gcc/arm-none-eabi/11.3.1/../../../../arm-none-eabi/lib/thumb/v7e-m+fp/hard\libc_nano.a(libc_a-fwalk.o)
                              C:/Program Files/STMicroelectronics/STM32Cube/STM32CubeIDE/STM32CubeIDE/plugins/com.st.stm32cube.ide.mcu.externaltools.gnu-tools-for-stm32.11.3.rel1.win32_1.1.100.202309141235/tools/bin/../lib/gcc/arm-none-eabi/11.3.1/../../../../arm-none-eabi/lib/thumb/v7e-m+fp/hard\libc_nano.a(libc_a-findfp.o) (_fwalk_sglue)
C:/Program Files/STMicroelectronics/STM32Cube/STM32CubeIDE/STM32CubeIDE/plugins/com.st.stm32cube.ide.mcu.externaltools.gnu-tools-for-stm32.11.3.rel1.win32_1.1.100.202309141235/tools/bin/../lib/gcc/arm-none-eabi/11.3.1/../../../../arm-none-eabi/lib/thumb/v7e-m+fp/hard\libc_nano.a(libc_a-sprintf.o)
                              ./Core/Src/main.o (sprintf)
C:/Program Files/STMicroelectronics/STM32Cube/STM32CubeIDE/STM32CubeIDE/plugins/com.st.stm32cube.ide.mcu.externaltools.gnu-tools-for-stm32.11.3.rel1.win32_1.1.100.202309141235/tools/bin/../lib/gcc/arm-none-eabi/11.3.1/../../../../arm-none-eabi/lib/thumb/v7e-m+fp/hard\libc_nano.a(libc_a-stdio.o)
                              C:/Program Files/STMicroelectronics/STM32Cube/STM32CubeIDE/STM32CubeIDE/plugins/com.st.stm32cube.ide.mcu.externaltools.gnu-tools-for-stm32.11.3.rel1.win32_1.1.100.202309141235/tools/bin/../lib/gcc/arm-none-eabi/11.3.1/../../../../arm-none-eabi/lib/thumb/v7e-m+fp/hard\libc_nano.a(libc_a-findfp.o) (__sread)
C:/Program Files/STMicroelectronics/STM32Cube/STM32CubeIDE/STM32CubeIDE/plugins/com.st.stm32cube.ide.mcu.externaltools.gnu-tools-for-stm32.11.3.rel1.win32_1.1.100.202309141235/tools/bin/../lib/gcc/arm-none-eabi/11.3.1/../../../../arm-none-eabi/lib/thumb/v7e-m+fp/hard\libc_nano.a(libc_a-memset.o)
                              C:/Program Files/STMicroelectronics/STM32Cube/STM32CubeIDE/STM32CubeIDE/plugins/com.st.stm32cube.ide.mcu.externaltools.gnu-tools-for-stm32.11.3.rel1.win32_1.1.100.202309141235/tools/bin/../lib/gcc/arm-none-eabi/11.3.1/../../../../arm-none-eabi/lib/thumb/v7e-m+fp/hard/crt0.o (memset)
C:/Program Files/STMicroelectronics/STM32Cube/STM32CubeIDE/STM32CubeIDE/plugins/com.st.stm32cube.ide.mcu.externaltools.gnu-tools-for-stm32.11.3.rel1.win32_1.1.100.202309141235/tools/bin/../lib/gcc/arm-none-eabi/11.3.1/../../../../arm-none-eabi/lib/thumb/v7e-m+fp/hard\libc_nano.a(libc_a-closer.o)
                              C:/Program Files/STMicroelectronics/STM32Cube/STM32CubeIDE/STM32CubeIDE/plugins/com.st.stm32cube.ide.mcu.externaltools.gnu-tools-for-stm32.11.3.rel1.win32_1.1.100.202309141235/tools/bin/../lib/gcc/arm-none-eabi/11.3.1/../../../../arm-none-eabi/lib/thumb/v7e-m+fp/hard\libc_nano.a(libc_a-stdio.o) (_close_r)
C:/Program Files/STMicroelectronics/STM32Cube/STM32CubeIDE/STM32CubeIDE/plugins/com.st.stm32cube.ide.mcu.externaltools.gnu-tools-for-stm32.11.3.rel1.win32_1.1.100.202309141235/tools/bin/../lib/gcc/arm-none-eabi/11.3.1/../../../../arm-none-eabi/lib/thumb/v7e-m+fp/hard\libc_nano.a(libc_a-reent.o)
                              C:/Program Files/STMicroelectronics/STM32Cube/STM32CubeIDE/STM32CubeIDE/plugins/com.st.stm32cube.ide.mcu.externaltools.gnu-tools-for-stm32.11.3.rel1.win32_1.1.100.202309141235/tools/bin/../lib/gcc/arm-none-eabi/11.3.1/../../../../arm-none-eabi/lib/thumb/v7e-m+fp/hard\libc_nano.a(libc_a-closer.o) (errno)
[...]
Memory Configuration

Name             Origin             Length             Attributes
RAM              0x0000000020000000 0x0000000000020000 xrw
FLASH            0x0000000008000000 0x0000000000080000 xr
*default*        0x0000000000000000 0xffffffffffffffff

Linker script and memory map

LOAD C:/Program Files/STMicroelectronics/STM32Cube/STM32CubeIDE/STM32CubeIDE/plugins/com.st.stm32cube.ide.mcu.externaltools.gnu-tools-for-stm32.11.3.rel1.win32_1.1.100.202309141235/tools/bin/../lib/gcc/arm-none-eabi/11.3.1/thumb/v7e-m+fp/hard/crti.o
LOAD C:/Program Files/STMicroelectronics/STM32Cube/STM32CubeIDE/STM32CubeIDE/plugins/com.st.stm32cube.ide.mcu.externaltools.gnu-tools-for-stm32.11.3.rel1.win32_1.1.100.202309141235/tools/bin/../lib/gcc/arm-none-eabi/11.3.1/thumb/v7e-m+fp/hard/crtbegin.o
LOAD C:/Program Files/STMicroelectronics/STM32Cube/STM32CubeIDE/STM32CubeIDE/plugins/com.st.stm32cube.ide.mcu.externaltools.gnu-tools-for-stm32.11.3.rel1.win32_1.1.100.202309141235/tools/bin/../lib/gcc/arm-none-eabi/11.3.1/../../../../arm-none-eabi/lib/thumb/v7e-m+fp/hard/crt0.o
LOAD ./Core/Src/ARGB.o
LOAD ./Core/Src/MicroMenu.o
LOAD ./Core/Src/fonts.o
LOAD ./Core/Src/main.o
LOAD ./Core/Src/ssd1306.o
LOAD ./Core/Src/stm32f4xx_hal_msp.o
LOAD ./Core/Src/stm32f4xx_it.o
LOAD ./Core/Src/syscalls.o
LOAD ./Core/Src/sysmem.o
LOAD ./Core/Src/system_stm32f4xx.o
LOAD ./Core/Startup/startup_stm32f411ceux.o
LOAD ./Drivers/STM32F4xx_HAL_Driver/Src/stm32f4xx_hal.o
LOAD ./Drivers/STM32F4xx_HAL_Driver/Src/stm32f4xx_hal_adc.o
LOAD ./Drivers/STM32F4xx_HAL_Driver/Src/stm32f4xx_hal_adc_ex.o
LOAD ./Drivers/STM32F4xx_HAL_Driver/Src/stm32f4xx_hal_cortex.o
LOAD ./Drivers/STM32F4xx_HAL_Driver/Src/stm32f4xx_hal_dma.o
LOAD ./Drivers/STM32F4xx_HAL_Driver/Src/stm32f4xx_hal_dma_ex.o
LOAD ./Drivers/STM32F4xx_HAL_Driver/Src/stm32f4xx_hal_exti.o
LOAD ./Drivers/STM32F4xx_HAL_Driver/Src/stm32f4xx_hal_flash.o
LOAD ./Drivers/STM32F4xx_HAL_Driver/Src/stm32f4xx_hal_flash_ex.o
LOAD ./Drivers/STM32F4xx_HAL_Driver/Src/stm32f4xx_hal_flash_ramfunc.o
LOAD ./Drivers/STM32F4xx_HAL_Driver/Src/stm32f4xx_hal_gpio.o
LOAD ./Drivers/STM32F4xx_HAL_Driver/Src/stm32f4xx_hal_i2c.o
LOAD ./Drivers/STM32F4xx_HAL_Driver/Src/stm32f4xx_hal_i2c_ex.o
LOAD ./Drivers/STM32F4xx_HAL_Driver/Src/stm32f4xx_hal_pcd.o
LOAD ./Drivers/STM32F4xx_HAL_Driver/Src/stm32f4xx_hal_pcd_ex.o
LOAD ./Drivers/STM32F4xx_HAL_Driver/Src/stm32f4xx_hal_pwr.o
LOAD ./Drivers/STM32F4xx_HAL_Driver/Src/stm32f4xx_hal_pwr_ex.o
LOAD ./Drivers/STM32F4xx_HAL_Driver/Src/stm32f4xx_hal_rcc.o
LOAD ./Drivers/STM32F4xx_HAL_Driver/Src/stm32f4xx_hal_rcc_ex.o
LOAD ./Drivers/STM32F4xx_HAL_Driver/Src/stm32f4xx_hal_tim.o
LOAD ./Drivers/STM32F4xx_HAL_Driver/Src/stm32f4xx_hal_tim_ex.o
LOAD ./Drivers/STM32F4xx_HAL_Driver/Src/stm32f4xx_ll_adc.o
LOAD ./Drivers/STM32F4xx_HAL_Driver/Src/stm32f4xx_ll_usb.o
LOAD ./Middlewares/ST/STM32_USB_Device_Library/Class/HID/Src/usbd_hid.o
LOAD ./Middlewares/ST/STM32_USB_Device_Library/Core/Src/usbd_core.o
LOAD ./Middlewares/ST/STM32_USB_Device_Library/Core/Src/usbd_ctlreq.o
LOAD ./Middlewares/ST/STM32_USB_Device_Library/Core/Src/usbd_ioreq.o
LOAD ./USB_DEVICE/App/usb_device.o
LOAD ./USB_DEVICE/App/usbd_desc.o
LOAD ./USB_DEVICE/Target/usbd_conf.o
START GROUP
LOAD C:/Program Files/STMicroelectronics/STM32Cube/STM32CubeIDE/STM32CubeIDE/plugins/com.st.stm32cube.ide.mcu.externaltools.gnu-tools-for-stm32.11.3.rel1.win32_1.1.100.202309141235/tools/bin/../lib/gcc/arm-none-eabi/11.3.1/../../../../arm-none-eabi/lib/thumb/v7e-m+fp/hard\libc_nano.a
LOAD C:/Program Files/STMicroelectronics/STM32Cube/STM32CubeIDE/STM32CubeIDE/plugins/com.st.stm32cube.ide.mcu.externaltools.gnu-tools-for-stm32.11.3.rel1.win32_1.1.100.202309141235/tools/bin/../lib/gcc/arm-none-eabi/11.3.1/../../../../arm-none-eabi/lib/thumb/v7e-m+fp/hard\libm.a
END GROUP
START GROUP
LOAD C:/Program Files/STMicroelectronics/STM32Cube/STM32CubeIDE/STM32CubeIDE/plugins/com.st.stm32cube.ide.mcu.externaltools.gnu-tools-for-stm32.11.3.rel1.win32_1.1.100.202309141235/tools/bin/../lib/gcc/arm-none-eabi/11.3.1/thumb/v7e-m+fp/hard\libgcc.a
LOAD C:/Program Files/STMicroelectronics/STM32Cube/STM32CubeIDE/STM32CubeIDE/plugins/com.st.stm32cube.ide.mcu.externaltools.gnu-tools-for-stm32.11.3.rel1.win32_1.1.100.202309141235/tools/bin/../lib/gcc/arm-none-eabi/11.3.1/../../../../arm-none-eabi/lib/thumb/v7e-m+fp/hard\libc_nano.a
END GROUP
START GROUP
LOAD C:/Program Files/STMicroelectronics/STM32Cube/STM32CubeIDE/STM32CubeIDE/plugins/com.st.stm32cube.ide.mcu.externaltools.gnu-tools-for-stm32.11.3.rel1.win32_1.1.100.202309141235/tools/bin/../lib/gcc/arm-none-eabi/11.3.1/thumb/v7e-m+fp/hard\libgcc.a
LOAD C:/Program Files/STMicroelectronics/STM32Cube/STM32CubeIDE/STM32CubeIDE/plugins/com.st.stm32cube.ide.mcu.externaltools.gnu-tools-for-stm32.11.3.rel1.win32_1.1.100.202309141235/tools/bin/../lib/gcc/arm-none-eabi/11.3.1/../../../../arm-none-eabi/lib/thumb/v7e-m+fp/hard\libc_nano.a
LOAD C:/Program Files/STMicroelectronics/STM32Cube/STM32CubeIDE/STM32CubeIDE/plugins/com.st.stm32cube.ide.mcu.externaltools.gnu-tools-for-stm32.11.3.rel1.win32_1.1.100.202309141235/tools/bin/../lib/gcc/arm-none-eabi/11.3.1/../../../../arm-none-eabi/lib/thumb/v7e-m+fp/hard\libnosys.a
END GROUP
START GROUP
LOAD C:/Program Files/STMicroelectronics/STM32Cube/STM32CubeIDE/STM32CubeIDE/plugins/com.st.stm32cube.ide.mcu.externaltools.gnu-tools-for-stm32.11.3.rel1.win32_1.1.100.202309141235/tools/bin/../lib/gcc/arm-none-eabi/11.3.1/thumb/v7e-m+fp/hard\libgcc.a
LOAD C:/Program Files/STMicroelectronics/STM32Cube/STM32CubeIDE/STM32CubeIDE/plugins/com.st.stm32cube.ide.mcu.externaltools.gnu-tools-for-stm32.11.3.rel1.win32_1.1.100.202309141235/tools/bin/../lib/gcc/arm-none-eabi/11.3.1/../../../../arm-none-eabi/lib/thumb/v7e-m+fp/hard\libc_nano.a
LOAD C:/Program Files/STMicroelectronics/STM32Cube/STM32CubeIDE/STM32CubeIDE/plugins/com.st.stm32cube.ide.mcu.externaltools.gnu-tools-for-stm32.11.3.rel1.win32_1.1.100.202309141235/tools/bin/../lib/gcc/arm-none-eabi/11.3.1/../../../../arm-none-eabi/lib/thumb/v7e-m+fp/hard\libnosys.a
END GROUP
LOAD C:/Program Files/STMicroelectronics/STM32Cube/STM32CubeIDE/STM32CubeIDE/plugins/com.st.stm32cube.ide.mcu.externaltools.gnu-tools-for-stm32.11.3.rel1.win32_1.1.100.202309141235/tools/bin/../lib/gcc/arm-none-eabi/11.3.1/thumb/v7e-m+fp/hard/crtend.o
LOAD C:/Program Files/STMicroelectronics/STM32Cube/STM32CubeIDE/STM32CubeIDE/plugins/com.st.stm32cube.ide.mcu.externaltools.gnu-tools-for-stm32.11.3.rel1.win32_1.1.100.202309141235/tools/bin/../lib/gcc/arm-none-eabi/11.3.1/thumb/v7e-m+fp/hard/crtn.o
                0x0000000020020000                _estack = (ORIGIN (RAM) + LENGTH (RAM))
                0x0000000000000200                _Min_Heap_Size = 0x200
                0x0000000000000400                _Min_Stack_Size = 0x400

.isr_vector     0x0000000008000000      0x198
                0x0000000008000000                . = ALIGN (0x4)
 *(.isr_vector)
 .isr_vector    0x0000000008000000      0x198 ./Core/Startup/startup_stm32f411ceux.o
                0x0000000008000000                g_pfnVectors
                0x0000000008000198                . = ALIGN (0x4)

.text           0x00000000080001a0     0xe4d0
                0x00000000080001a0                . = ALIGN (0x4)
 *(.text)
 .text          0x00000000080001a0       0x40 C:/Program Files/STMicroelectronics/STM32Cube/STM32CubeIDE/STM32CubeIDE/plugins/com.st.stm32cube.ide.mcu.externaltools.gnu-tools-for-stm32.11.3.rel1.win32_1.1.100.202309141235/tools/bin/../lib/gcc/arm-none-eabi/11.3.1/thumb/v7e-m+fp/hard/crtbegin.o
 .text          0x00000000080001e0       0xa0 C:/Program Files/STMicroelectronics/STM32Cube/STM32CubeIDE/STM32CubeIDE/plugins/com.st.stm32cube.ide.mcu.externaltools.gnu-tools-for-stm32.11.3.rel1.win32_1.1.100.202309141235/tools/bin/../lib/gcc/arm-none-eabi/11.3.1/../../../../arm-none-eabi/lib/thumb/v7e-m+fp/hard\libc_nano.a(libc_a-memchr.o)
                0x00000000080001e0                memchr
 .text          0x0000000008000280      0x254 C:/Program Files/STMicroelectronics/STM32Cube/STM32CubeIDE/STM32CubeIDE/plugins/com.st.stm32cube.ide.mcu.externaltools.gnu-tools-for-stm32.11.3.rel1.win32_1.1.100.202309141235/tools/bin/../lib/gcc/arm-none-eabi/11.3.1/thumb/v7e-m+fp/hard\libgcc.a(_arm_muldf3.o)
                0x0000000008000280                __muldf3
                0x0000000008000280                __aeabi_dmul
 .text          0x00000000080004d4      0x378 C:/Program Files/STMicroelectronics/STM32Cube/STM32CubeIDE/STM32CubeIDE/plugins/com.st.stm32cube.ide.mcu.externaltools.gnu-tools-for-stm32.11.3.rel1.win32_1.1.100.202309141235/tools/bin/../lib/gcc/arm-none-eabi/11.3.1/thumb/v7e-m+fp/hard\libgcc.a(_arm_addsubdf3.o)
                0x00000000080004d4                __aeabi_drsub
                0x00000000080004dc                __aeabi_dsub
                0x00000000080004dc                __subdf3
                0x00000000080004e0                __aeabi_dadd
                0x00000000080004e0                __adddf3
                0x0000000008000758                __floatunsidf
                0x0000000008000758                __aeabi_ui2d
                0x0000000008000778                __floatsidf
                0x0000000008000778                __aeabi_i2d
                0x000000000800079c                __aeabi_f2d
                0x000000000800079c                __extendsfdf2
                0x00000000080007e0                __floatundidf
                0x00000000080007e0                __aeabi_ul2d
                0x00000000080007f0                __floatdidf
                0x00000000080007f0                __aeabi_l2d
 .text          0x000000000800084c       0x40 C:/Program Files/STMicroelectronics/STM32Cube/STM32CubeIDE/STM32CubeIDE/plugins/com.st.stm32cube.ide.mcu.externaltools.gnu-tools-for-stm32.11.3.rel1.win32_1.1.100.202309141235/tools/bin/../lib/gcc/arm-none-eabi/11.3.1/thumb/v7e-m+fp/hard\libgcc.a(_arm_fixunsdfsi.o)
                0x000000000800084c                __aeabi_d2uiz
                0x000000000800084c                __fixunsdfsi
 .text          0x000000000800088c       0x30 C:/Program Files/STMicroelectronics/STM32Cube/STM32CubeIDE/STM32CubeIDE/plugins/com.st.stm32cube.ide.mcu.externaltools.gnu-tools-for-stm32.11.3.rel1.win32_1.1.100.202309141235/tools/bin/../lib/gcc/arm-none-eabi/11.3.1/thumb/v7e-m+fp/hard\libgcc.a(_aeabi_uldivmod.o)
                0x000000000800088c                __aeabi_uldivmod
 .text          0x00000000080008bc      0x2c8 C:/Program Files/STMicroelectronics/STM32Cube/STM32CubeIDE/STM32CubeIDE/plugins/com.st.stm32cube.ide.mcu.externaltools.gnu-tools-for-stm32.11.3.rel1.win32_1.1.100.202309141235/tools/bin/../lib/gcc/arm-none-eabi/11.3.1/thumb/v7e-m+fp/hard\libgcc.a(_udivmoddi4.o)
                0x00000000080008bc                __udivmoddi4
 .text          0x0000000008000b84        0x4 C:/Program Files/STMicroelectronics/STM32Cube/STM32CubeIDE/STM32CubeIDE/plugins/com.st.stm32cube.ide.mcu.externaltools.gnu-tools-for-stm32.11.3.rel1.win32_1.1.100.202309141235/tools/bin/../lib/gcc/arm-none-eabi/11.3.1/thumb/v7e-m+fp/hard\libgcc.a(_dvmd_tls.o)
                0x0000000008000b84                __aeabi_idiv0
                0x0000000008000b84                __aeabi_ldiv0
 *(.text*)
 .text.ARGB_Init
                0x0000000008000b88       0xe8 ./Core/Src/ARGB.o
                0x0000000008000b88                ARGB_Init
 .text.ARGB_Clear
                0x0000000008000c70       0x12 ./Core/Src/ARGB.o
                0x0000000008000c70                ARGB_Clear
 *fill*         0x0000000008000c82        0x2 
 .text.ARGB_SetBrightness
                0x0000000008000c84       0x20 ./Core/Src/ARGB.o
                0x0000000008000c84                ARGB_SetBrightness
 .text.ARGB_SetRGB
                0x0000000008000ca4       0xfc ./Core/Src/ARGB.o
                0x0000000008000ca4                ARGB_SetRGB
 .text.ARGB_FillRGB
                0x0000000008000da0       0x42 ./Core/Src/ARGB.o
                0x0000000008000da0                ARGB_FillRGB
 *fill*         0x0000000008000de2        0x2 
 .text.ARGB_Show
                0x0000000008000de4      0x2f4 ./Core/Src/ARGB.o
                0x0000000008000de4                ARGB_Show
 .text.scale8   0x00000000080010d8       0x28 ./Core/Src/ARGB.o
 .text.ARGB_TIM_DMADelayPulseCplt
                0x0000000008001100      0x2b0 ./Core/Src/ARGB.o
 .text.ARGB_TIM_DMADelayPulseHalfCplt
                0x00000000080013b0      0x17c ./Core/Src/ARGB.o
 .text.READ_FLASH
                0x000000000800152c       0x1a ./Core/Src/main.o
                0x000000000800152c                READ_FLASH
 *fill*         0x0000000008001546        0x2 
 .text.WRITE_FLASH
                0x0000000008001548       0xf0 ./Core/Src/main.o
                0x0000000008001548                WRITE_FLASH
 .text.ADC_SELECTOR
                0x0000000008001638       0x48 ./Core/Src/main.o
                0x0000000008001638                ADC_SELECTOR
 .text.ADC_GET_VALUE
                0x0000000008001680       0x24 ./Core/Src/main.o
                0x0000000008001680                ADC_GET_VALUE
 .text.SELECT_MUX_CH
                0x00000000080016a4       0x74 ./Core/Src/main.o
                0x00000000080016a4                SELECT_MUX_CH
 .text.KEY_PRESS
                0x0000000008001718       0x78 ./Core/Src/main.o
                0x0000000008001718                KEY_PRESS
 .text.main     0x0000000008001790      0xf58 ./Core/Src/main.o
                0x0000000008001790                main
 .text.SystemClock_Config
                0x00000000080026e8       0xd0 ./Core/Src/main.o
                0x00000000080026e8                SystemClock_Config
 .text.MX_ADC1_Init
                0x00000000080027b8       0x84 ./Core/Src/main.o
 .text.MX_I2C1_Init
                0x000000000800283c       0x5c ./Core/Src/main.o
 .text.MX_TIM1_Init
                0x0000000008002898      0x140 ./Core/Src/main.o
 .text.MX_TIM3_Init
                0x00000000080029d8       0xa8 ./Core/Src/main.o
 .text.MX_DMA_Init
                0x0000000008002a80       0x7c ./Core/Src/main.o
 .text.MX_GPIO_Init
                0x0000000008002afc       0xc4 ./Core/Src/main.o
 .text.Error_Handler
                0x0000000008002bc0        0xa ./Core/Src/main.o
                0x0000000008002bc0                Error_Handler
 .text.SSD1306_DrawBitmap
                0x0000000008002bca       0xd0 ./Core/Src/ssd1306.o
                0x0000000008002bca                SSD1306_DrawBitmap
 *fill*         0x0000000008002c9a        0x2 
 .text.SSD1306_Init
                0x0000000008002c9c      0x188 ./Core/Src/ssd1306.o
                0x0000000008002c9c                SSD1306_Init
 .text.SSD1306_UpdateScreen
                0x0000000008002e24       0x5c ./Core/Src/ssd1306.o
                0x0000000008002e24                SSD1306_UpdateScreen
 .text.SSD1306_Fill
                0x0000000008002e80       0x30 ./Core/Src/ssd1306.o
                0x0000000008002e80                SSD1306_Fill
 .text.SSD1306_DrawPixel
                0x0000000008002eb0       0xc0 ./Core/Src/ssd1306.o
                0x0000000008002eb0                SSD1306_DrawPixel
 .text.SSD1306_GotoXY
                0x0000000008002f70       0x2c ./Core/Src/ssd1306.o
                0x0000000008002f70                SSD1306_GotoXY
 .text.SSD1306_Putc
                0x0000000008002f9c      0x100 ./Core/Src/ssd1306.o
                0x0000000008002f9c                SSD1306_Putc
 .text.SSD1306_Puts
                0x000000000800309c       0x4a ./Core/Src/ssd1306.o
                0x000000000800309c                SSD1306_Puts
 .text.SSD1306_DrawLine
                0x00000000080030e6      0x1f6 ./Core/Src/ssd1306.o
                0x00000000080030e6                SSD1306_DrawLine
 .text.ssd1306_I2C_Init
                0x00000000080032dc       0x2c ./Core/Src/ssd1306.o
                0x00000000080032dc                ssd1306_I2C_Init
 .text.ssd1306_I2C_WriteMulti
                0x0000000008003308       0xcc ./Core/Src/ssd1306.o
                0x0000000008003308                ssd1306_I2C_WriteMulti
 .text.ssd1306_I2C_Write
                0x00000000080033d4       0x3c ./Core/Src/ssd1306.o
                0x00000000080033d4                ssd1306_I2C_Write
 .text.HAL_MspInit
                0x0000000008003410       0x50 ./Core/Src/stm32f4xx_hal_msp.o
                0x0000000008003410                HAL_MspInit
 .text.HAL_ADC_MspInit
                0x0000000008003460      0x100 ./Core/Src/stm32f4xx_hal_msp.o
                0x0000000008003460                HAL_ADC_MspInit
 .text.HAL_I2C_MspInit
                0x0000000008003560      0x104 ./Core/Src/stm32f4xx_hal_msp.o
                0x0000000008003560                HAL_I2C_MspInit
 .text.HAL_TIM_Base_MspInit
                0x0000000008003664       0xac ./Core/Src/stm32f4xx_hal_msp.o
                0x0000000008003664                HAL_TIM_Base_MspInit
 .text.HAL_TIM_Encoder_MspInit
                0x0000000008003710       0x90 ./Core/Src/stm32f4xx_hal_msp.o
                0x0000000008003710                HAL_TIM_Encoder_MspInit
 .text.HAL_TIM_MspPostInit
                0x00000000080037a0       0x74 ./Core/Src/stm32f4xx_hal_msp.o
                0x00000000080037a0                HAL_TIM_MspPostInit
 .text.NMI_Handler
                0x0000000008003814        0x6 ./Core/Src/stm32f4xx_it.o
                0x0000000008003814                NMI_Handler
 .text.HardFault_Handler
                0x000000000800381a        0x6 ./Core/Src/stm32f4xx_it.o
                0x000000000800381a                HardFault_Handler
 .text.MemManage_Handler
                0x0000000008003820        0x6 ./Core/Src/stm32f4xx_it.o
                0x0000000008003820                MemManage_Handler
 .text.BusFault_Handler
                0x0000000008003826        0x6 ./Core/Src/stm32f4xx_it.o
                0x0000000008003826                BusFault_Handler
 .text.UsageFault_Handler
                0x000000000800382c        0x6 ./Core/Src/stm32f4xx_it.o
                0x000000000800382c                UsageFault_Handler
 .text.SVC_Handler
                0x0000000008003832        0xe ./Core/Src/stm32f4xx_it.o
                0x0000000008003832                SVC_Handler
 .text.DebugMon_Handler
                0x0000000008003840        0xe ./Core/Src/stm32f4xx_it.o
                0x0000000008003840                DebugMon_Handler
 .text.PendSV_Handler
                0x000000000800384e        0xe ./Core/Src/stm32f4xx_it.o
                0x000000000800384e                PendSV_Handler
 .text.SysTick_Handler
                0x000000000800385c        0xc ./Core/Src/stm32f4xx_it.o
                0x000000000800385c                SysTick_Handler
 .text.DMA1_Stream6_IRQHandler
                0x0000000008003868       0x14 ./Core/Src/stm32f4xx_it.o
                0x0000000008003868                DMA1_Stream6_IRQHandler
 .text.I2C1_EV_IRQHandler
                0x000000000800387c       0x14 ./Core/Src/stm32f4xx_it.o
                0x000000000800387c                I2C1_EV_IRQHandler
 .text.DMA2_Stream2_IRQHandler
                0x0000000008003890       0x14 ./Core/Src/stm32f4xx_it.o
                0x0000000008003890                DMA2_Stream2_IRQHandler
 .text.DMA2_Stream4_IRQHandler
                0x00000000080038a4       0x14 ./Core/Src/stm32f4xx_it.o
                0x00000000080038a4                DMA2_Stream4_IRQHandler
 .text.OTG_FS_IRQHandler
                0x00000000080038b8       0x14 ./Core/Src/stm32f4xx_it.o
                0x00000000080038b8                OTG_FS_IRQHandler
 .text._sbrk    0x00000000080038cc       0x6c ./Core/Src/sysmem.o
                0x00000000080038cc                _sbrk
 .text.SystemInit
                0x0000000008003938       0x24 ./Core/Src/system_stm32f4xx.o
                0x0000000008003938                SystemInit
 .text.Reset_Handler
                0x000000000800395c       0x50 ./Core/Startup/startup_stm32f411ceux.o
                0x000000000800395c                Reset_Handler
 .text.Default_Handler
                0x00000000080039ac        0x2 ./Core/Startup/startup_stm32f411ceux.o
                0x00000000080039ac                RTC_Alarm_IRQHandler
                0x00000000080039ac                EXTI2_IRQHandler
                0x00000000080039ac                SPI4_IRQHandler
                0x00000000080039ac                TIM1_CC_IRQHandler
                0x00000000080039ac                DMA2_Stream5_IRQHandler
                0x00000000080039ac                DMA1_Stream5_IRQHandler
                0x00000000080039ac                PVD_IRQHandler
                0x00000000080039ac                SDIO_IRQHandler
                0x00000000080039ac                TAMP_STAMP_IRQHandler
                0x00000000080039ac                EXTI3_IRQHandler
                0x00000000080039ac                TIM1_UP_TIM10_IRQHandler
                0x00000000080039ac                I2C3_ER_IRQHandler
                0x00000000080039ac                EXTI0_IRQHandler
                0x00000000080039ac                I2C2_EV_IRQHandler
                0x00000000080039ac                DMA1_Stream2_IRQHandler
                0x00000000080039ac                FPU_IRQHandler
                0x00000000080039ac                SPI1_IRQHandler
                0x00000000080039ac                TIM1_BRK_TIM9_IRQHandler
                0x00000000080039ac                DMA2_Stream3_IRQHandler
                0x00000000080039ac                USART6_IRQHandler
                0x00000000080039ac                DMA2_Stream0_IRQHandler
                0x00000000080039ac                TIM4_IRQHandler
                0x00000000080039ac                DMA1_Stream1_IRQHandler
                0x00000000080039ac                TIM3_IRQHandler
                0x00000000080039ac                RCC_IRQHandler
                0x00000000080039ac                Default_Handler
                0x00000000080039ac                EXTI15_10_IRQHandler
                0x00000000080039ac                ADC_IRQHandler
                0x00000000080039ac                DMA1_Stream7_IRQHandler
                0x00000000080039ac                SPI5_IRQHandler
                0x00000000080039ac                TIM5_IRQHandler
                0x00000000080039ac                DMA2_Stream7_IRQHandler
                0x00000000080039ac                I2C3_EV_IRQHandler
                0x00000000080039ac                EXTI9_5_IRQHandler
                0x00000000080039ac                RTC_WKUP_IRQHandler
                0x00000000080039ac                SPI2_IRQHandler
                0x00000000080039ac                DMA1_Stream0_IRQHandler
                0x00000000080039ac                EXTI4_IRQHandler
                0x00000000080039ac                WWDG_IRQHandler
                0x00000000080039ac                TIM2_IRQHandler
                0x00000000080039ac                OTG_FS_WKUP_IRQHandler
                0x00000000080039ac                TIM1_TRG_COM_TIM11_IRQHandler
                0x00000000080039ac                EXTI1_IRQHandler
                0x00000000080039ac                USART2_IRQHandler
                0x00000000080039ac                I2C2_ER_IRQHandler
                0x00000000080039ac                DMA2_Stream1_IRQHandler
                0x00000000080039ac                FLASH_IRQHandler
                0x00000000080039ac                USART1_IRQHandler
                0x00000000080039ac                SPI3_IRQHandler
                0x00000000080039ac                DMA1_Stream4_IRQHandler
                0x00000000080039ac                I2C1_ER_IRQHandler
                0x00000000080039ac                DMA2_Stream6_IRQHandler
                0x00000000080039ac                DMA1_Stream3_IRQHandler
 *fill*         0x00000000080039ae        0x2 
 .text.HAL_Init
                0x00000000080039b0       0x44 ./Drivers/STM32F4xx_HAL_Driver/Src/stm32f4xx_hal.o
                0x00000000080039b0                HAL_Init
 .text.HAL_InitTick
                0x00000000080039f4       0x60 ./Drivers/STM32F4xx_HAL_Driver/Src/stm32f4xx_hal.o
                0x00000000080039f4                HAL_InitTick
 .text.HAL_IncTick
                0x0000000008003a54       0x28 ./Drivers/STM32F4xx_HAL_Driver/Src/stm32f4xx_hal.o
                0x0000000008003a54                HAL_IncTick
 .text.HAL_GetTick
                0x0000000008003a7c       0x18 ./Drivers/STM32F4xx_HAL_Driver/Src/stm32f4xx_hal.o
                0x0000000008003a7c                HAL_GetTick
 .text.HAL_Delay
                0x0000000008003a94       0x48 ./Drivers/STM32F4xx_HAL_Driver/Src/stm32f4xx_hal.o
                0x0000000008003a94                HAL_Delay
 .text.HAL_ADC_Init
                0x0000000008003adc       0x86 ./Drivers/STM32F4xx_HAL_Driver/Src/stm32f4xx_hal_adc.o
                0x0000000008003adc                HAL_ADC_Init
 *fill*         0x0000000008003b62        0x2 
 .text.HAL_ADC_Start
                0x0000000008003b64      0x168 ./Drivers/STM32F4xx_HAL_Driver/Src/stm32f4xx_hal_adc.o
                0x0000000008003b64                HAL_ADC_Start
 .text.HAL_ADC_PollForConversion
                0x0000000008003ccc      0x116 ./Drivers/STM32F4xx_HAL_Driver/Src/stm32f4xx_hal_adc.o
                0x0000000008003ccc                HAL_ADC_PollForConversion
 .text.HAL_ADC_GetValue
                0x0000000008003de2       0x1a ./Drivers/STM32F4xx_HAL_Driver/Src/stm32f4xx_hal_adc.o
                0x0000000008003de2                HAL_ADC_GetValue
 .text.HAL_ADC_ConfigChannel
                0x0000000008003dfc      0x264 ./Drivers/STM32F4xx_HAL_Driver/Src/stm32f4xx_hal_adc.o
                0x0000000008003dfc                HAL_ADC_ConfigChannel
 .text.ADC_Init
                0x0000000008004060      0x1f8 ./Drivers/STM32F4xx_HAL_Driver/Src/stm32f4xx_hal_adc.o
 .text.__NVIC_SetPriorityGrouping
                0x0000000008004258       0x48 ./Drivers/STM32F4xx_HAL_Driver/Src/stm32f4xx_hal_cortex.o
 .text.__NVIC_GetPriorityGrouping
                0x00000000080042a0       0x1c ./Drivers/STM32F4xx_HAL_Driver/Src/stm32f4xx_hal_cortex.o
 .text.__NVIC_EnableIRQ
                0x00000000080042bc       0x3c ./Drivers/STM32F4xx_HAL_Driver/Src/stm32f4xx_hal_cortex.o
 .text.__NVIC_SetPriority
                0x00000000080042f8       0x54 ./Drivers/STM32F4xx_HAL_Driver/Src/stm32f4xx_hal_cortex.o
 .text.NVIC_EncodePriority
                0x000000000800434c       0x66 ./Drivers/STM32F4xx_HAL_Driver/Src/stm32f4xx_hal_cortex.o
 *fill*         0x00000000080043b2        0x2 
 .text.SysTick_Config
                0x00000000080043b4       0x44 ./Drivers/STM32F4xx_HAL_Driver/Src/stm32f4xx_hal_cortex.o
 .text.HAL_NVIC_SetPriorityGrouping
                0x00000000080043f8       0x16 ./Drivers/STM32F4xx_HAL_Driver/Src/stm32f4xx_hal_cortex.o
                0x00000000080043f8                HAL_NVIC_SetPriorityGrouping
 .text.HAL_NVIC_SetPriority
                0x000000000800440e       0x38 ./Drivers/STM32F4xx_HAL_Driver/Src/stm32f4xx_hal_cortex.o
                0x000000000800440e                HAL_NVIC_SetPriority
 .text.HAL_NVIC_EnableIRQ
                0x0000000008004446       0x1c ./Drivers/STM32F4xx_HAL_Driver/Src/stm32f4xx_hal_cortex.o
                0x0000000008004446                HAL_NVIC_EnableIRQ
 .text.HAL_SYSTICK_Config
                0x0000000008004462       0x18 ./Drivers/STM32F4xx_HAL_Driver/Src/stm32f4xx_hal_cortex.o
                0x0000000008004462                HAL_SYSTICK_Config
 *fill*         0x000000000800447a        0x2 
 .text.HAL_DMA_Init
                0x000000000800447c      0x15c ./Drivers/STM32F4xx_HAL_Driver/Src/stm32f4xx_hal_dma.o
                0x000000000800447c                HAL_DMA_Init
 .text.HAL_DMA_Start_IT
                0x00000000080045d8       0xb0 ./Drivers/STM32F4xx_HAL_Driver/Src/stm32f4xx_hal_dma.o
                0x00000000080045d8                HAL_DMA_Start_IT
 .text.HAL_DMA_Abort_IT
                0x0000000008004688       0x44 ./Drivers/STM32F4xx_HAL_Driver/Src/stm32f4xx_hal_dma.o
                0x0000000008004688                HAL_DMA_Abort_IT
 .text.HAL_DMA_IRQHandler
                0x00000000080046cc      0x314 ./Drivers/STM32F4xx_HAL_Driver/Src/stm32f4xx_hal_dma.o
                0x00000000080046cc                HAL_DMA_IRQHandler
 .text.HAL_DMA_GetState
                0x00000000080049e0       0x1c ./Drivers/STM32F4xx_HAL_Driver/Src/stm32f4xx_hal_dma.o
                0x00000000080049e0                HAL_DMA_GetState
 .text.DMA_SetConfig
                0x00000000080049fc       0x5c ./Drivers/STM32F4xx_HAL_Driver/Src/stm32f4xx_hal_dma.o
 .text.DMA_CalcBaseAndBitshift
                0x0000000008004a58       0x6c ./Drivers/STM32F4xx_HAL_Driver/Src/stm32f4xx_hal_dma.o
 .text.DMA_CheckFifoParam
                0x0000000008004ac4       0xf8 ./Drivers/STM32F4xx_HAL_Driver/Src/stm32f4xx_hal_dma.o
 .text.HAL_FLASH_Program
                0x0000000008004bbc       0xa8 ./Drivers/STM32F4xx_HAL_Driver/Src/stm32f4xx_hal_flash.o
                0x0000000008004bbc                HAL_FLASH_Program
 .text.HAL_FLASH_Unlock
                0x0000000008004c64       0x44 ./Drivers/STM32F4xx_HAL_Driver/Src/stm32f4xx_hal_flash.o
                0x0000000008004c64                HAL_FLASH_Unlock
 .text.HAL_FLASH_Lock
                0x0000000008004ca8       0x20 ./Drivers/STM32F4xx_HAL_Driver/Src/stm32f4xx_hal_flash.o
                0x0000000008004ca8                HAL_FLASH_Lock
 .text.FLASH_WaitForLastOperation
                0x0000000008004cc8       0x80 ./Drivers/STM32F4xx_HAL_Driver/Src/stm32f4xx_hal_flash.o
                0x0000000008004cc8                FLASH_WaitForLastOperation
 .text.FLASH_Program_DoubleWord
                0x0000000008004d48       0x64 ./Drivers/STM32F4xx_HAL_Driver/Src/stm32f4xx_hal_flash.o
 .text.FLASH_Program_Word
                0x0000000008004dac       0x44 ./Drivers/STM32F4xx_HAL_Driver/Src/stm32f4xx_hal_flash.o
 .text.FLASH_Program_HalfWord
                0x0000000008004df0       0x48 ./Drivers/STM32F4xx_HAL_Driver/Src/stm32f4xx_hal_flash.o
 .text.FLASH_Program_Byte
                0x0000000008004e38       0x44 ./Drivers/STM32F4xx_HAL_Driver/Src/stm32f4xx_hal_flash.o
 .text.FLASH_SetErrorCode
                0x0000000008004e7c       0xcc ./Drivers/STM32F4xx_HAL_Driver/Src/stm32f4xx_hal_flash.o
 .text.HAL_FLASHEx_Erase
                0x0000000008004f48       0xe0 ./Drivers/STM32F4xx_HAL_Driver/Src/stm32f4xx_hal_flash_ex.o
                0x0000000008004f48                HAL_FLASHEx_Erase
 .text.FLASH_MassErase
                0x0000000008005028       0x48 ./Drivers/STM32F4xx_HAL_Driver/Src/stm32f4xx_hal_flash_ex.o
 .text.FLASH_Erase_Sector
                0x0000000008005070       0x90 ./Drivers/STM32F4xx_HAL_Driver/Src/stm32f4xx_hal_flash_ex.o
                0x0000000008005070                FLASH_Erase_Sector
 .text.FLASH_FlushCaches
                0x0000000008005100       0x8c ./Drivers/STM32F4xx_HAL_Driver/Src/stm32f4xx_hal_flash_ex.o
                0x0000000008005100                FLASH_FlushCaches
 .text.HAL_GPIO_Init
                0x000000000800518c      0x308 ./Drivers/STM32F4xx_HAL_Driver/Src/stm32f4xx_hal_gpio.o
                0x000000000800518c                HAL_GPIO_Init
 .text.HAL_GPIO_ReadPin
                0x0000000008005494       0x30 ./Drivers/STM32F4xx_HAL_Driver/Src/stm32f4xx_hal_gpio.o
                0x0000000008005494                HAL_GPIO_ReadPin
 .text.HAL_GPIO_WritePin
                0x00000000080054c4       0x32 ./Drivers/STM32F4xx_HAL_Driver/Src/stm32f4xx_hal_gpio.o
                0x00000000080054c4                HAL_GPIO_WritePin
 *fill*         0x00000000080054f6        0x2 
 .text.HAL_I2C_Init
                0x00000000080054f8      0x288 ./Drivers/STM32F4xx_HAL_Driver/Src/stm32f4xx_hal_i2c.o
                0x00000000080054f8                HAL_I2C_Init
 .text.HAL_I2C_Master_Transmit
                0x0000000008005780      0x1fc ./Drivers/STM32F4xx_HAL_Driver/Src/stm32f4xx_hal_i2c.o
                0x0000000008005780                HAL_I2C_Master_Transmit
 .text.HAL_I2C_IsDeviceReady
                0x000000000800597c      0x25c ./Drivers/STM32F4xx_HAL_Driver/Src/stm32f4xx_hal_i2c.o
                0x000000000800597c                HAL_I2C_IsDeviceReady
 .text.HAL_I2C_EV_IRQHandler
                0x0000000008005bd8      0x2a6 ./Drivers/STM32F4xx_HAL_Driver/Src/stm32f4xx_hal_i2c.o
                0x0000000008005bd8                HAL_I2C_EV_IRQHandler
 .text.HAL_I2C_MasterTxCpltCallback
                0x0000000008005e7e       0x14 ./Drivers/STM32F4xx_HAL_Driver/Src/stm32f4xx_hal_i2c.o
                0x0000000008005e7e                HAL_I2C_MasterTxCpltCallback
 .text.HAL_I2C_MasterRxCpltCallback
                0x0000000008005e92       0x14 ./Drivers/STM32F4xx_HAL_Driver/Src/stm32f4xx_hal_i2c.o
                0x0000000008005e92                HAL_I2C_MasterRxCpltCallback
 .text.HAL_I2C_SlaveTxCpltCallback
                0x0000000008005ea6       0x14 ./Drivers/STM32F4xx_HAL_Driver/Src/stm32f4xx_hal_i2c.o
                0x0000000008005ea6                HAL_I2C_SlaveTxCpltCallback
 .text.HAL_I2C_SlaveRxCpltCallback
                0x0000000008005eba       0x14 ./Drivers/STM32F4xx_HAL_Driver/Src/stm32f4xx_hal_i2c.o
                0x0000000008005eba                HAL_I2C_SlaveRxCpltCallback
 .text.HAL_I2C_AddrCallback
                0x0000000008005ece       0x1c ./Drivers/STM32F4xx_HAL_Driver/Src/stm32f4xx_hal_i2c.o
                0x0000000008005ece                HAL_I2C_AddrCallback
 .text.HAL_I2C_ListenCpltCallback
                0x0000000008005eea       0x14 ./Drivers/STM32F4xx_HAL_Driver/Src/stm32f4xx_hal_i2c.o
                0x0000000008005eea                HAL_I2C_ListenCpltCallback
 .text.HAL_I2C_MemTxCpltCallback
                0x0000000008005efe       0x14 ./Drivers/STM32F4xx_HAL_Driver/Src/stm32f4xx_hal_i2c.o
                0x0000000008005efe                HAL_I2C_MemTxCpltCallback
 .text.HAL_I2C_MemRxCpltCallback
                0x0000000008005f12       0x14 ./Drivers/STM32F4xx_HAL_Driver/Src/stm32f4xx_hal_i2c.o
                0x0000000008005f12                HAL_I2C_MemRxCpltCallback
 .text.HAL_I2C_ErrorCallback
                0x0000000008005f26       0x14 ./Drivers/STM32F4xx_HAL_Driver/Src/stm32f4xx_hal_i2c.o
                0x0000000008005f26                HAL_I2C_ErrorCallback
 .text.HAL_I2C_AbortCpltCallback
                0x0000000008005f3a       0x14 ./Drivers/STM32F4xx_HAL_Driver/Src/stm32f4xx_hal_i2c.o
                0x0000000008005f3a                HAL_I2C_AbortCpltCallback
 .text.I2C_MasterTransmit_TXE
                0x0000000008005f4e      0x138 ./Drivers/STM32F4xx_HAL_Driver/Src/stm32f4xx_hal_i2c.o
 .text.I2C_MasterTransmit_BTF
                0x0000000008006086       0xec ./Drivers/STM32F4xx_HAL_Driver/Src/stm32f4xx_hal_i2c.o
 .text.I2C_MemoryTransmit_TXE_BTF
                0x0000000008006172      0x128 ./Drivers/STM32F4xx_HAL_Driver/Src/stm32f4xx_hal_i2c.o
 .text.I2C_MasterReceive_RXNE
                0x000000000800629a      0x176 ./Drivers/STM32F4xx_HAL_Driver/Src/stm32f4xx_hal_i2c.o
 .text.I2C_MasterReceive_BTF
                0x0000000008006410      0x1d4 ./Drivers/STM32F4xx_HAL_Driver/Src/stm32f4xx_hal_i2c.o
 .text.I2C_Master_SB
                0x00000000080065e4      0x10c ./Drivers/STM32F4xx_HAL_Driver/Src/stm32f4xx_hal_i2c.o
 .text.I2C_Master_ADD10
                0x00000000080066f0       0x54 ./Drivers/STM32F4xx_HAL_Driver/Src/stm32f4xx_hal_i2c.o
 .text.I2C_Master_ADDR
                0x0000000008006744      0x322 ./Drivers/STM32F4xx_HAL_Driver/Src/stm32f4xx_hal_i2c.o
 .text.I2C_SlaveTransmit_TXE
                0x0000000008006a66       0x7a ./Drivers/STM32F4xx_HAL_Driver/Src/stm32f4xx_hal_i2c.o
 .text.I2C_SlaveTransmit_BTF
                0x0000000008006ae0       0x42 ./Drivers/STM32F4xx_HAL_Driver/Src/stm32f4xx_hal_i2c.o
 .text.I2C_SlaveReceive_RXNE
                0x0000000008006b22       0x7c ./Drivers/STM32F4xx_HAL_Driver/Src/stm32f4xx_hal_i2c.o
 .text.I2C_SlaveReceive_BTF
                0x0000000008006b9e       0x44 ./Drivers/STM32F4xx_HAL_Driver/Src/stm32f4xx_hal_i2c.o
 .text.I2C_Slave_ADDR
                0x0000000008006be2       0x90 ./Drivers/STM32F4xx_HAL_Driver/Src/stm32f4xx_hal_i2c.o
 *fill*         0x0000000008006c72        0x2 
 .text.I2C_Slave_STOPF
                0x0000000008006c74      0x260 ./Drivers/STM32F4xx_HAL_Driver/Src/stm32f4xx_hal_i2c.o
 .text.I2C_ITError
                0x0000000008006ed4      0x264 ./Drivers/STM32F4xx_HAL_Driver/Src/stm32f4xx_hal_i2c.o
 .text.I2C_MasterRequestWrite
                0x0000000008007138      0x104 ./Drivers/STM32F4xx_HAL_Driver/Src/stm32f4xx_hal_i2c.o
 .text.I2C_DMAAbort
                0x000000000800723c      0x150 ./Drivers/STM32F4xx_HAL_Driver/Src/stm32f4xx_hal_i2c.o
 .text.I2C_WaitOnFlagUntilTimeout
                0x000000000800738c       0xae ./Drivers/STM32F4xx_HAL_Driver/Src/stm32f4xx_hal_i2c.o
 .text.I2C_WaitOnMasterAddressFlagUntilTimeout
                0x000000000800743a       0xfe ./Drivers/STM32F4xx_HAL_Driver/Src/stm32f4xx_hal_i2c.o
 .text.I2C_WaitOnTXEFlagUntilTimeout
                0x0000000008007538       0x82 ./Drivers/STM32F4xx_HAL_Driver/Src/stm32f4xx_hal_i2c.o
 .text.I2C_WaitOnBTFFlagUntilTimeout
                0x00000000080075ba       0x82 ./Drivers/STM32F4xx_HAL_Driver/Src/stm32f4xx_hal_i2c.o
 .text.I2C_WaitOnSTOPRequestThroughIT
                0x000000000800763c       0x64 ./Drivers/STM32F4xx_HAL_Driver/Src/stm32f4xx_hal_i2c.o
 .text.I2C_IsAcknowledgeFailed
                0x00000000080076a0       0x5e ./Drivers/STM32F4xx_HAL_Driver/Src/stm32f4xx_hal_i2c.o
 .text.I2C_ConvertOtherXferOptions
                0x00000000080076fe       0x36 ./Drivers/STM32F4xx_HAL_Driver/Src/stm32f4xx_hal_i2c.o
 .text.HAL_PCD_Init
                0x0000000008007734      0x23a ./Drivers/STM32F4xx_HAL_Driver/Src/stm32f4xx_hal_pcd.o
                0x0000000008007734                HAL_PCD_Init
 .text.HAL_PCD_Start
                0x000000000800796e       0x66 ./Drivers/STM32F4xx_HAL_Driver/Src/stm32f4xx_hal_pcd.o
                0x000000000800796e                HAL_PCD_Start
 .text.HAL_PCD_IRQHandler
                0x00000000080079d4      0x93e ./Drivers/STM32F4xx_HAL_Driver/Src/stm32f4xx_hal_pcd.o
                0x00000000080079d4                HAL_PCD_IRQHandler
 .text.HAL_PCD_SetAddress
                0x0000000008008312       0x4a ./Drivers/STM32F4xx_HAL_Driver/Src/stm32f4xx_hal_pcd.o
                0x0000000008008312                HAL_PCD_SetAddress
 .text.HAL_PCD_EP_Open
                0x000000000800835c       0xd0 ./Drivers/STM32F4xx_HAL_Driver/Src/stm32f4xx_hal_pcd.o
                0x000000000800835c                HAL_PCD_EP_Open
 .text.HAL_PCD_EP_Close
                0x000000000800842c       0x94 ./Drivers/STM32F4xx_HAL_Driver/Src/stm32f4xx_hal_pcd.o
                0x000000000800842c                HAL_PCD_EP_Close
 .text.HAL_PCD_EP_Receive
                0x00000000080084c0       0x96 ./Drivers/STM32F4xx_HAL_Driver/Src/stm32f4xx_hal_pcd.o
                0x00000000080084c0                HAL_PCD_EP_Receive
 .text.HAL_PCD_EP_Transmit
                0x0000000008008556       0x94 ./Drivers/STM32F4xx_HAL_Driver/Src/stm32f4xx_hal_pcd.o
                0x0000000008008556                HAL_PCD_EP_Transmit
 .text.HAL_PCD_EP_SetStall
                0x00000000080085ea       0xc8 ./Drivers/STM32F4xx_HAL_Driver/Src/stm32f4xx_hal_pcd.o
                0x00000000080085ea                HAL_PCD_EP_SetStall
 .text.HAL_PCD_EP_ClrStall
                0x00000000080086b2       0xac ./Drivers/STM32F4xx_HAL_Driver/Src/stm32f4xx_hal_pcd.o
                0x00000000080086b2                HAL_PCD_EP_ClrStall
 .text.HAL_PCD_EP_Abort
                0x000000000800875e       0x62 ./Drivers/STM32F4xx_HAL_Driver/Src/stm32f4xx_hal_pcd.o
                0x000000000800875e                HAL_PCD_EP_Abort
 .text.PCD_WriteEmptyTxFifo
                0x00000000080087c0      0x11a ./Drivers/STM32F4xx_HAL_Driver/Src/stm32f4xx_hal_pcd.o
 *fill*         0x00000000080088da        0x2 
 .text.PCD_EP_OutXfrComplete_int
                0x00000000080088dc      0x1d0 ./Drivers/STM32F4xx_HAL_Driver/Src/stm32f4xx_hal_pcd.o
 .text.PCD_EP_OutSetupPacket_int
                0x0000000008008aac       0x8c ./Drivers/STM32F4xx_HAL_Driver/Src/stm32f4xx_hal_pcd.o
 .text.HAL_PCDEx_SetTxFiFo
                0x0000000008008b38       0x8e ./Drivers/STM32F4xx_HAL_Driver/Src/stm32f4xx_hal_pcd_ex.o
                0x0000000008008b38                HAL_PCDEx_SetTxFiFo
 .text.HAL_PCDEx_SetRxFiFo
                0x0000000008008bc6       0x22 ./Drivers/STM32F4xx_HAL_Driver/Src/stm32f4xx_hal_pcd_ex.o
                0x0000000008008bc6                HAL_PCDEx_SetRxFiFo
 .text.HAL_PCDEx_LPM_Callback
                0x0000000008008be8       0x18 ./Drivers/STM32F4xx_HAL_Driver/Src/stm32f4xx_hal_pcd_ex.o
                0x0000000008008be8                HAL_PCDEx_LPM_Callback
 .text.HAL_RCC_OscConfig
                0x0000000008008c00      0x4f0 ./Drivers/STM32F4xx_HAL_Driver/Src/stm32f4xx_hal_rcc.o
                0x0000000008008c00                HAL_RCC_OscConfig
 .text.HAL_RCC_ClockConfig
                0x00000000080090f0      0x1cc ./Drivers/STM32F4xx_HAL_Driver/Src/stm32f4xx_hal_rcc.o
                0x00000000080090f0                HAL_RCC_ClockConfig
 .text.HAL_RCC_GetSysClockFreq
                0x00000000080092bc      0x18c ./Drivers/STM32F4xx_HAL_Driver/Src/stm32f4xx_hal_rcc.o
                0x00000000080092bc                HAL_RCC_GetSysClockFreq
 .text.HAL_RCC_GetHCLKFreq
                0x0000000008009448       0x18 ./Drivers/STM32F4xx_HAL_Driver/Src/stm32f4xx_hal_rcc.o
                0x0000000008009448                HAL_RCC_GetHCLKFreq
 .text.HAL_RCC_GetPCLK1Freq
                0x0000000008009460       0x28 ./Drivers/STM32F4xx_HAL_Driver/Src/stm32f4xx_hal_rcc.o
                0x0000000008009460                HAL_RCC_GetPCLK1Freq
 .text.HAL_TIM_Base_Init
                0x0000000008009488       0x9e ./Drivers/STM32F4xx_HAL_Driver/Src/stm32f4xx_hal_tim.o
                0x0000000008009488                HAL_TIM_Base_Init
 .text.HAL_TIM_PWM_Init
                0x0000000008009526       0x9e ./Drivers/STM32F4xx_HAL_Driver/Src/stm32f4xx_hal_tim.o
                0x0000000008009526                HAL_TIM_PWM_Init
 .text.HAL_TIM_PWM_MspInit
                0x00000000080095c4       0x14 ./Drivers/STM32F4xx_HAL_Driver/Src/stm32f4xx_hal_tim.o
                0x00000000080095c4                HAL_TIM_PWM_MspInit
 .text.HAL_TIM_Encoder_Init
                0x00000000080095d8      0x14c ./Drivers/STM32F4xx_HAL_Driver/Src/stm32f4xx_hal_tim.o
                0x00000000080095d8                HAL_TIM_Encoder_Init
 .text.HAL_TIM_Encoder_Start
                0x0000000008009724      0x11c ./Drivers/STM32F4xx_HAL_Driver/Src/stm32f4xx_hal_tim.o
                0x0000000008009724                HAL_TIM_Encoder_Start
 .text.HAL_TIM_PWM_ConfigChannel
                0x0000000008009840      0x184 ./Drivers/STM32F4xx_HAL_Driver/Src/stm32f4xx_hal_tim.o
                0x0000000008009840                HAL_TIM_PWM_ConfigChannel
 .text.HAL_TIM_ConfigClockSource
                0x00000000080099c4      0x18e ./Drivers/STM32F4xx_HAL_Driver/Src/stm32f4xx_hal_tim.o
                0x00000000080099c4                HAL_TIM_ConfigClockSource
 .text.HAL_TIM_ErrorCallback
                0x0000000008009b52       0x14 ./Drivers/STM32F4xx_HAL_Driver/Src/stm32f4xx_hal_tim.o
                0x0000000008009b52                HAL_TIM_ErrorCallback
 .text.TIM_DMAError
                0x0000000008009b66       0x92 ./Drivers/STM32F4xx_HAL_Driver/Src/stm32f4xx_hal_tim.o
                0x0000000008009b66                TIM_DMAError
 .text.TIM_Base_SetConfig
                0x0000000008009bf8      0x100 ./Drivers/STM32F4xx_HAL_Driver/Src/stm32f4xx_hal_tim.o
                0x0000000008009bf8                TIM_Base_SetConfig
 .text.TIM_OC1_SetConfig
                0x0000000008009cf8       0xcc ./Drivers/STM32F4xx_HAL_Driver/Src/stm32f4xx_hal_tim.o
 .text.TIM_OC2_SetConfig
                0x0000000008009dc4       0xd8 ./Drivers/STM32F4xx_HAL_Driver/Src/stm32f4xx_hal_tim.o
                0x0000000008009dc4                TIM_OC2_SetConfig
 .text.TIM_OC3_SetConfig
                0x0000000008009e9c       0xd4 ./Drivers/STM32F4xx_HAL_Driver/Src/stm32f4xx_hal_tim.o
 .text.TIM_OC4_SetConfig
                0x0000000008009f70       0xa0 ./Drivers/STM32F4xx_HAL_Driver/Src/stm32f4xx_hal_tim.o
 .text.TIM_TI1_ConfigInputStage
                0x000000000800a010       0x5e ./Drivers/STM32F4xx_HAL_Driver/Src/stm32f4xx_hal_tim.o
 .text.TIM_TI2_ConfigInputStage
                0x000000000800a06e       0x60 ./Drivers/STM32F4xx_HAL_Driver/Src/stm32f4xx_hal_tim.o
 .text.TIM_ITRx_SetConfig
                0x000000000800a0ce       0x36 ./Drivers/STM32F4xx_HAL_Driver/Src/stm32f4xx_hal_tim.o
 .text.TIM_ETR_SetConfig
                0x000000000800a104       0x40 ./Drivers/STM32F4xx_HAL_Driver/Src/stm32f4xx_hal_tim.o
                0x000000000800a104                TIM_ETR_SetConfig
 .text.TIM_CCxChannelCmd
                0x000000000800a144       0x4a ./Drivers/STM32F4xx_HAL_Driver/Src/stm32f4xx_hal_tim.o
                0x000000000800a144                TIM_CCxChannelCmd
 *fill*         0x000000000800a18e        0x2 
 .text.HAL_TIMEx_MasterConfigSynchronization
                0x000000000800a190       0xdc ./Drivers/STM32F4xx_HAL_Driver/Src/stm32f4xx_hal_tim_ex.o
                0x000000000800a190                HAL_TIMEx_MasterConfigSynchronization
 .text.HAL_TIMEx_ConfigBreakDeadTime
                0x000000000800a26c       0xa4 ./Drivers/STM32F4xx_HAL_Driver/Src/stm32f4xx_hal_tim_ex.o
                0x000000000800a26c                HAL_TIMEx_ConfigBreakDeadTime
 .text.USB_CoreInit
                0x000000000800a310       0xc2 ./Drivers/STM32F4xx_HAL_Driver/Src/stm32f4xx_ll_usb.o
                0x000000000800a310                USB_CoreInit
 *fill*         0x000000000800a3d2        0x2 
 .text.USB_SetTurnaroundTime
                0x000000000800a3d4      0x144 ./Drivers/STM32F4xx_HAL_Driver/Src/stm32f4xx_ll_usb.o
                0x000000000800a3d4                USB_SetTurnaroundTime
 .text.USB_EnableGlobalInt
                0x000000000800a518       0x22 ./Drivers/STM32F4xx_HAL_Driver/Src/stm32f4xx_ll_usb.o
                0x000000000800a518                USB_EnableGlobalInt
 .text.USB_DisableGlobalInt
                0x000000000800a53a       0x22 ./Drivers/STM32F4xx_HAL_Driver/Src/stm32f4xx_ll_usb.o
                0x000000000800a53a                USB_DisableGlobalInt
 .text.USB_SetCurrentMode
                0x000000000800a55c       0x98 ./Drivers/STM32F4xx_HAL_Driver/Src/stm32f4xx_ll_usb.o
                0x000000000800a55c                USB_SetCurrentMode
 .text.USB_DevInit
                0x000000000800a5f4      0x2c8 ./Drivers/STM32F4xx_HAL_Driver/Src/stm32f4xx_ll_usb.o
                0x000000000800a5f4                USB_DevInit
 .text.USB_FlushTxFifo
                0x000000000800a8bc       0x68 ./Drivers/STM32F4xx_HAL_Driver/Src/stm32f4xx_ll_usb.o
                0x000000000800a8bc                USB_FlushTxFifo
 .text.USB_FlushRxFifo
                0x000000000800a924       0x60 ./Drivers/STM32F4xx_HAL_Driver/Src/stm32f4xx_ll_usb.o
                0x000000000800a924                USB_FlushRxFifo
 .text.USB_SetDevSpeed
                0x000000000800a984       0x32 ./Drivers/STM32F4xx_HAL_Driver/Src/stm32f4xx_ll_usb.o
                0x000000000800a984                USB_SetDevSpeed
 .text.USB_GetDevSpeed
                0x000000000800a9b6       0x4a ./Drivers/STM32F4xx_HAL_Driver/Src/stm32f4xx_ll_usb.o
                0x000000000800a9b6                USB_GetDevSpeed
 .text.USB_ActivateEndpoint
                0x000000000800aa00      0x10e ./Drivers/STM32F4xx_HAL_Driver/Src/stm32f4xx_ll_usb.o
                0x000000000800aa00                USB_ActivateEndpoint
 *fill*         0x000000000800ab0e        0x2 
 .text.USB_DeactivateEndpoint
                0x000000000800ab10      0x1b8 ./Drivers/STM32F4xx_HAL_Driver/Src/stm32f4xx_ll_usb.o
                0x000000000800ab10                USB_DeactivateEndpoint
 .text.USB_EPStartXfer
                0x000000000800acc8      0x490 ./Drivers/STM32F4xx_HAL_Driver/Src/stm32f4xx_ll_usb.o
                0x000000000800acc8                USB_EPStartXfer
 .text.USB_EP0StartXfer
                0x000000000800b158      0x2b0 ./Drivers/STM32F4xx_HAL_Driver/Src/stm32f4xx_ll_usb.o
                0x000000000800b158                USB_EP0StartXfer
 .text.USB_EPStopXfer
                0x000000000800b408      0x154 ./Drivers/STM32F4xx_HAL_Driver/Src/stm32f4xx_ll_usb.o
                0x000000000800b408                USB_EPStopXfer
 .text.USB_WritePacket
                0x000000000800b55c       0x7c ./Drivers/STM32F4xx_HAL_Driver/Src/stm32f4xx_ll_usb.o
                0x000000000800b55c                USB_WritePacket
 .text.USB_ReadPacket
                0x000000000800b5d8       0xb0 ./Drivers/STM32F4xx_HAL_Driver/Src/stm32f4xx_ll_usb.o
                0x000000000800b5d8                USB_ReadPacket
 .text.USB_EPSetStall
                0x000000000800b688       0xdc ./Drivers/STM32F4xx_HAL_Driver/Src/stm32f4xx_ll_usb.o
                0x000000000800b688                USB_EPSetStall
 .text.USB_EPClearStall
                0x000000000800b764       0xcc ./Drivers/STM32F4xx_HAL_Driver/Src/stm32f4xx_ll_usb.o
                0x000000000800b764                USB_EPClearStall
 .text.USB_SetDevAddress
                0x000000000800b830       0x4c ./Drivers/STM32F4xx_HAL_Driver/Src/stm32f4xx_ll_usb.o
                0x000000000800b830                USB_SetDevAddress
 .text.USB_DevConnect
                0x000000000800b87c       0x42 ./Drivers/STM32F4xx_HAL_Driver/Src/stm32f4xx_ll_usb.o
                0x000000000800b87c                USB_DevConnect
 .text.USB_DevDisconnect
                0x000000000800b8be       0x42 ./Drivers/STM32F4xx_HAL_Driver/Src/stm32f4xx_ll_usb.o
                0x000000000800b8be                USB_DevDisconnect
 .text.USB_ReadInterrupts
                0x000000000800b900       0x26 ./Drivers/STM32F4xx_HAL_Driver/Src/stm32f4xx_ll_usb.o
                0x000000000800b900                USB_ReadInterrupts
 .text.USB_ReadDevAllOutEpInterrupt
                0x000000000800b926       0x34 ./Drivers/STM32F4xx_HAL_Driver/Src/stm32f4xx_ll_usb.o
                0x000000000800b926                USB_ReadDevAllOutEpInterrupt
 .text.USB_ReadDevAllInEpInterrupt
                0x000000000800b95a       0x34 ./Drivers/STM32F4xx_HAL_Driver/Src/stm32f4xx_ll_usb.o
                0x000000000800b95a                USB_ReadDevAllInEpInterrupt
 .text.USB_ReadDevOutEPInterrupt
                0x000000000800b98e       0x3c ./Drivers/STM32F4xx_HAL_Driver/Src/stm32f4xx_ll_usb.o
                0x000000000800b98e                USB_ReadDevOutEPInterrupt
 .text.USB_ReadDevInEPInterrupt
                0x000000000800b9ca       0x5c ./Drivers/STM32F4xx_HAL_Driver/Src/stm32f4xx_ll_usb.o
                0x000000000800b9ca                USB_ReadDevInEPInterrupt
 .text.USB_GetMode
                0x000000000800ba26       0x1c ./Drivers/STM32F4xx_HAL_Driver/Src/stm32f4xx_ll_usb.o
                0x000000000800ba26                USB_GetMode
 .text.USB_ActivateSetup
                0x000000000800ba42       0x46 ./Drivers/STM32F4xx_HAL_Driver/Src/stm32f4xx_ll_usb.o
                0x000000000800ba42                USB_ActivateSetup
 .text.USB_EP0_OutStart
                0x000000000800ba88       0xbc ./Drivers/STM32F4xx_HAL_Driver/Src/stm32f4xx_ll_usb.o
                0x000000000800ba88                USB_EP0_OutStart
 .text.USB_CoreReset
                0x000000000800bb44       0x68 ./Drivers/STM32F4xx_HAL_Driver/Src/stm32f4xx_ll_usb.o
 .text.USBD_HID_Init
                0x000000000800bbac       0x6c ./Middlewares/ST/STM32_USB_Device_Library/Class/HID/Src/usbd_hid.o
 .text.USBD_HID_DeInit
                0x000000000800bc18       0x42 ./Middlewares/ST/STM32_USB_Device_Library/Class/HID/Src/usbd_hid.o
 *fill*         0x000000000800bc5a        0x2 
 .text.USBD_HID_Setup
                0x000000000800bc5c      0x200 ./Middlewares/ST/STM32_USB_Device_Library/Class/HID/Src/usbd_hid.o
 .text.USBD_HID_SendReport
                0x000000000800be5c       0x46 ./Middlewares/ST/STM32_USB_Device_Library/Class/HID/Src/usbd_hid.o
                0x000000000800be5c                USBD_HID_SendReport
 .text.USBD_HID_GetPollingInterval
                0x000000000800bea2       0x2c ./Middlewares/ST/STM32_USB_Device_Library/Class/HID/Src/usbd_hid.o
                0x000000000800bea2                USBD_HID_GetPollingInterval
 *fill*         0x000000000800bece        0x2 
 .text.USBD_HID_GetFSCfgDesc
                0x000000000800bed0       0x20 ./Middlewares/ST/STM32_USB_Device_Library/Class/HID/Src/usbd_hid.o
 .text.USBD_HID_GetHSCfgDesc
                0x000000000800bef0       0x20 ./Middlewares/ST/STM32_USB_Device_Library/Class/HID/Src/usbd_hid.o
 .text.USBD_HID_GetOtherSpeedCfgDesc
                0x000000000800bf10       0x20 ./Middlewares/ST/STM32_USB_Device_Library/Class/HID/Src/usbd_hid.o
 .text.USBD_HID_DataIn
                0x000000000800bf30       0x24 ./Middlewares/ST/STM32_USB_Device_Library/Class/HID/Src/usbd_hid.o
 .text.USBD_HID_DataOut
                0x000000000800bf54       0x2c ./Middlewares/ST/STM32_USB_Device_Library/Class/HID/Src/usbd_hid.o
 .text.USBD_HID_GetData
                0x000000000800bf80       0x14 ./Middlewares/ST/STM32_USB_Device_Library/Class/HID/Src/usbd_hid.o
                0x000000000800bf80                USBD_HID_GetData
 .text.USBD_HID_GetDeviceQualifierDesc
                0x000000000800bf94       0x20 ./Middlewares/ST/STM32_USB_Device_Library/Class/HID/Src/usbd_hid.o
 .text.USBD_Init
                0x000000000800bfb4       0x60 ./Middlewares/ST/STM32_USB_Device_Library/Core/Src/usbd_core.o
                0x000000000800bfb4                USBD_Init
 .text.USBD_RegisterClass
                0x000000000800c014       0x6c ./Middlewares/ST/STM32_USB_Device_Library/Core/Src/usbd_core.o
                0x000000000800c014                USBD_RegisterClass
 .text.USBD_Start
                0x000000000800c080       0x18 ./Middlewares/ST/STM32_USB_Device_Library/Core/Src/usbd_core.o
                0x000000000800c080                USBD_Start
 .text.USBD_RunTestMode
                0x000000000800c098       0x16 ./Middlewares/ST/STM32_USB_Device_Library/Core/Src/usbd_core.o
                0x000000000800c098                USBD_RunTestMode
 .text.USBD_SetClassConfig
                0x000000000800c0ae       0x38 ./Middlewares/ST/STM32_USB_Device_Library/Core/Src/usbd_core.o
                0x000000000800c0ae                USBD_SetClassConfig
 .text.USBD_ClrClassConfig
                0x000000000800c0e6       0x34 ./Middlewares/ST/STM32_USB_Device_Library/Core/Src/usbd_core.o
                0x000000000800c0e6                USBD_ClrClassConfig
 .text.USBD_LL_SetupStage
                0x000000000800c11a       0xaa ./Middlewares/ST/STM32_USB_Device_Library/Core/Src/usbd_core.o
                0x000000000800c11a                USBD_LL_SetupStage
 .text.USBD_LL_DataOutStage
                0x000000000800c1c4      0x166 ./Middlewares/ST/STM32_USB_Device_Library/Core/Src/usbd_core.o
                0x000000000800c1c4                USBD_LL_DataOutStage
 .text.USBD_LL_DataInStage
                0x000000000800c32a      0x164 ./Middlewares/ST/STM32_USB_Device_Library/Core/Src/usbd_core.o
                0x000000000800c32a                USBD_LL_DataInStage
 .text.USBD_LL_Reset
                0x000000000800c48e       0xa4 ./Middlewares/ST/STM32_USB_Device_Library/Core/Src/usbd_core.o
                0x000000000800c48e                USBD_LL_Reset
 .text.USBD_LL_SetSpeed
                0x000000000800c532       0x20 ./Middlewares/ST/STM32_USB_Device_Library/Core/Src/usbd_core.o
                0x000000000800c532                USBD_LL_SetSpeed
 .text.USBD_LL_Suspend
                0x000000000800c552       0x2c ./Middlewares/ST/STM32_USB_Device_Library/Core/Src/usbd_core.o
                0x000000000800c552                USBD_LL_Suspend
 .text.USBD_LL_Resume
                0x000000000800c57e       0x30 ./Middlewares/ST/STM32_USB_Device_Library/Core/Src/usbd_core.o
                0x000000000800c57e                USBD_LL_Resume
 .text.USBD_LL_SOF
                0x000000000800c5ae       0x40 ./Middlewares/ST/STM32_USB_Device_Library/Core/Src/usbd_core.o
                0x000000000800c5ae                USBD_LL_SOF
 .text.USBD_LL_IsoINIncomplete
                0x000000000800c5ee       0x64 ./Middlewares/ST/STM32_USB_Device_Library/Core/Src/usbd_core.o
                0x000000000800c5ee                USBD_LL_IsoINIncomplete
 .text.USBD_LL_IsoOUTIncomplete
                0x000000000800c652       0x64 ./Middlewares/ST/STM32_USB_Device_Library/Core/Src/usbd_core.o
                0x000000000800c652                USBD_LL_IsoOUTIncomplete
 .text.USBD_LL_DevConnected
                0x000000000800c6b6       0x16 ./Middlewares/ST/STM32_USB_Device_Library/Core/Src/usbd_core.o
                0x000000000800c6b6                USBD_LL_DevConnected
 .text.USBD_LL_DevDisconnected
                0x000000000800c6cc       0x46 ./Middlewares/ST/STM32_USB_Device_Library/Core/Src/usbd_core.o
                0x000000000800c6cc                USBD_LL_DevDisconnected
 .text.USBD_CoreFindIF
                0x000000000800c712       0x1a ./Middlewares/ST/STM32_USB_Device_Library/Core/Src/usbd_core.o
                0x000000000800c712                USBD_CoreFindIF
 .text.USBD_CoreFindEP
                0x000000000800c72c       0x1a ./Middlewares/ST/STM32_USB_Device_Library/Core/Src/usbd_core.o
                0x000000000800c72c                USBD_CoreFindEP
 .text.SWAPBYTE
                0x000000000800c746       0x3c ./Middlewares/ST/STM32_USB_Device_Library/Core/Src/usbd_ctlreq.o
 *fill*         0x000000000800c782        0x2 
 .text.USBD_StdDevReq
                0x000000000800c784       0xe4 ./Middlewares/ST/STM32_USB_Device_Library/Core/Src/usbd_ctlreq.o
                0x000000000800c784                USBD_StdDevReq
 .text.USBD_StdItfReq
                0x000000000800c868       0xd8 ./Middlewares/ST/STM32_USB_Device_Library/Core/Src/usbd_ctlreq.o
                0x000000000800c868                USBD_StdItfReq
 .text.USBD_StdEPReq
                0x000000000800c940      0x33a ./Middlewares/ST/STM32_USB_Device_Library/Core/Src/usbd_ctlreq.o
                0x000000000800c940                USBD_StdEPReq
 *fill*         0x000000000800cc7a        0x2 
 .text.USBD_GetDescriptor
                0x000000000800cc7c      0x2d4 ./Middlewares/ST/STM32_USB_Device_Library/Core/Src/usbd_ctlreq.o
 .text.USBD_SetAddress
                0x000000000800cf50       0x88 ./Middlewares/ST/STM32_USB_Device_Library/Core/Src/usbd_ctlreq.o
 .text.USBD_SetConfig
                0x000000000800cfd8      0x154 ./Middlewares/ST/STM32_USB_Device_Library/Core/Src/usbd_ctlreq.o
 .text.USBD_GetConfig
                0x000000000800d12c       0x6c ./Middlewares/ST/STM32_USB_Device_Library/Core/Src/usbd_ctlreq.o
 .text.USBD_GetStatus
                0x000000000800d198       0x68 ./Middlewares/ST/STM32_USB_Device_Library/Core/Src/usbd_ctlreq.o
 .text.USBD_SetFeature
                0x000000000800d200       0x52 ./Middlewares/ST/STM32_USB_Device_Library/Core/Src/usbd_ctlreq.o
 .text.USBD_ClrFeature
                0x000000000800d252       0x44 ./Middlewares/ST/STM32_USB_Device_Library/Core/Src/usbd_ctlreq.o
 .text.USBD_ParseSetupRequest
                0x000000000800d296       0x74 ./Middlewares/ST/STM32_USB_Device_Library/Core/Src/usbd_ctlreq.o
                0x000000000800d296                USBD_ParseSetupRequest
 .text.USBD_CtlError
                0x000000000800d30a       0x22 ./Middlewares/ST/STM32_USB_Device_Library/Core/Src/usbd_ctlreq.o
                0x000000000800d30a                USBD_CtlError
 .text.USBD_GetString
                0x000000000800d32c       0x8c ./Middlewares/ST/STM32_USB_Device_Library/Core/Src/usbd_ctlreq.o
                0x000000000800d32c                USBD_GetString
 .text.USBD_GetLen
                0x000000000800d3b8       0x34 ./Middlewares/ST/STM32_USB_Device_Library/Core/Src/usbd_ctlreq.o
 .text.USBD_CtlSendData
                0x000000000800d3ec       0x36 ./Middlewares/ST/STM32_USB_Device_Library/Core/Src/usbd_ioreq.o
                0x000000000800d3ec                USBD_CtlSendData
 .text.USBD_CtlContinueSendData
                0x000000000800d422       0x22 ./Middlewares/ST/STM32_USB_Device_Library/Core/Src/usbd_ioreq.o
                0x000000000800d422                USBD_CtlContinueSendData
 .text.USBD_CtlContinueRx
                0x000000000800d444       0x22 ./Middlewares/ST/STM32_USB_Device_Library/Core/Src/usbd_ioreq.o
                0x000000000800d444                USBD_CtlContinueRx
 .text.USBD_CtlSendStatus
                0x000000000800d466       0x26 ./Middlewares/ST/STM32_USB_Device_Library/Core/Src/usbd_ioreq.o
                0x000000000800d466                USBD_CtlSendStatus
 .text.USBD_CtlReceiveStatus
                0x000000000800d48c       0x26 ./Middlewares/ST/STM32_USB_Device_Library/Core/Src/usbd_ioreq.o
                0x000000000800d48c                USBD_CtlReceiveStatus
 *fill*         0x000000000800d4b2        0x2 
 .text.MX_USB_DEVICE_Init
                0x000000000800d4b4       0x4c ./USB_DEVICE/App/usb_device.o
                0x000000000800d4b4                MX_USB_DEVICE_Init
 .text.USBD_FS_DeviceDescriptor
                0x000000000800d500       0x24 ./USB_DEVICE/App/usbd_desc.o
                0x000000000800d500                USBD_FS_DeviceDescriptor
 .text.USBD_FS_LangIDStrDescriptor
                0x000000000800d524       0x24 ./USB_DEVICE/App/usbd_desc.o
                0x000000000800d524                USBD_FS_LangIDStrDescriptor
 .text.USBD_FS_ProductStrDescriptor
                0x000000000800d548       0x3c ./USB_DEVICE/App/usbd_desc.o
                0x000000000800d548                USBD_FS_ProductStrDescriptor
 .text.USBD_FS_ManufacturerStrDescriptor
                0x000000000800d584       0x28 ./USB_DEVICE/App/usbd_desc.o
                0x000000000800d584                USBD_FS_ManufacturerStrDescriptor
 .text.USBD_FS_SerialStrDescriptor
                0x000000000800d5ac       0x24 ./USB_DEVICE/App/usbd_desc.o
                0x000000000800d5ac                USBD_FS_SerialStrDescriptor
 .text.USBD_FS_ConfigStrDescriptor
                0x000000000800d5d0       0x3c ./USB_DEVICE/App/usbd_desc.o
                0x000000000800d5d0                USBD_FS_ConfigStrDescriptor
 .text.USBD_FS_InterfaceStrDescriptor
                0x000000000800d60c       0x3c ./USB_DEVICE/App/usbd_desc.o
                0x000000000800d60c                USBD_FS_InterfaceStrDescriptor
 .text.Get_SerialNum
                0x000000000800d648       0x58 ./USB_DEVICE/App/usbd_desc.o
 .text.IntToUnicode
                0x000000000800d6a0       0x7e ./USB_DEVICE/App/usbd_desc.o
 *fill*         0x000000000800d71e        0x2 
 .text.HAL_PCD_MspInit
                0x000000000800d720       0xa8 ./USB_DEVICE/Target/usbd_conf.o
                0x000000000800d720                HAL_PCD_MspInit
 .text.HAL_PCD_SetupStageCallback
                0x000000000800d7c8       0x24 ./USB_DEVICE/Target/usbd_conf.o
                0x000000000800d7c8                HAL_PCD_SetupStageCallback
 .text.HAL_PCD_DataOutStageCallback
                0x000000000800d7ec       0x36 ./USB_DEVICE/Target/usbd_conf.o
                0x000000000800d7ec                HAL_PCD_DataOutStageCallback
 .text.HAL_PCD_DataInStageCallback
                0x000000000800d822       0x34 ./USB_DEVICE/Target/usbd_conf.o
                0x000000000800d822                HAL_PCD_DataInStageCallback
 .text.HAL_PCD_SOFCallback
                0x000000000800d856       0x1c ./USB_DEVICE/Target/usbd_conf.o
                0x000000000800d856                HAL_PCD_SOFCallback
 .text.HAL_PCD_ResetCallback
                0x000000000800d872       0x3c ./USB_DEVICE/Target/usbd_conf.o
                0x000000000800d872                HAL_PCD_ResetCallback
 *fill*         0x000000000800d8ae        0x2 
 .text.HAL_PCD_SuspendCallback
                0x000000000800d8b0       0x4c ./USB_DEVICE/Target/usbd_conf.o
                0x000000000800d8b0                HAL_PCD_SuspendCallback
 .text.HAL_PCD_ResumeCallback
                0x000000000800d8fc       0x1c ./USB_DEVICE/Target/usbd_conf.o
                0x000000000800d8fc                HAL_PCD_ResumeCallback
 .text.HAL_PCD_ISOOUTIncompleteCallback
                0x000000000800d918       0x24 ./USB_DEVICE/Target/usbd_conf.o
                0x000000000800d918                HAL_PCD_ISOOUTIncompleteCallback
 .text.HAL_PCD_ISOINIncompleteCallback
                0x000000000800d93c       0x24 ./USB_DEVICE/Target/usbd_conf.o
                0x000000000800d93c                HAL_PCD_ISOINIncompleteCallback
 .text.HAL_PCD_ConnectCallback
                0x000000000800d960       0x1c ./USB_DEVICE/Target/usbd_conf.o
                0x000000000800d960                HAL_PCD_ConnectCallback
 .text.HAL_PCD_DisconnectCallback
                0x000000000800d97c       0x1c ./USB_DEVICE/Target/usbd_conf.o
                0x000000000800d97c                HAL_PCD_DisconnectCallback
 .text.USBD_LL_Init
                0x000000000800d998       0x98 ./USB_DEVICE/Target/usbd_conf.o
                0x000000000800d998                USBD_LL_Init
 .text.USBD_LL_Start
                0x000000000800da30       0x36 ./USB_DEVICE/Target/usbd_conf.o
                0x000000000800da30                USBD_LL_Start
 .text.USBD_LL_OpenEP
                0x000000000800da66       0x4c ./USB_DEVICE/Target/usbd_conf.o
                0x000000000800da66                USBD_LL_OpenEP
 .text.USBD_LL_CloseEP
                0x000000000800dab2       0x3e ./USB_DEVICE/Target/usbd_conf.o
                0x000000000800dab2                USBD_LL_CloseEP
 .text.USBD_LL_StallEP
                0x000000000800daf0       0x3e ./USB_DEVICE/Target/usbd_conf.o
                0x000000000800daf0                USBD_LL_StallEP
 .text.USBD_LL_ClearStallEP
                0x000000000800db2e       0x3e ./USB_DEVICE/Target/usbd_conf.o
                0x000000000800db2e                USBD_LL_ClearStallEP
 .text.USBD_LL_IsStallEP
                0x000000000800db6c       0x58 ./USB_DEVICE/Target/usbd_conf.o
                0x000000000800db6c                USBD_LL_IsStallEP
 .text.USBD_LL_SetUSBAddress
                0x000000000800dbc4       0x3e ./USB_DEVICE/Target/usbd_conf.o
                0x000000000800dbc4                USBD_LL_SetUSBAddress
 .text.USBD_LL_Transmit
                0x000000000800dc02       0x42 ./USB_DEVICE/Target/usbd_conf.o
                0x000000000800dc02                USBD_LL_Transmit
 .text.USBD_LL_PrepareReceive
                0x000000000800dc44       0x42 ./USB_DEVICE/Target/usbd_conf.o
                0x000000000800dc44                USBD_LL_PrepareReceive
 *fill*         0x000000000800dc86        0x2 
 .text.USBD_static_malloc
                0x000000000800dc88       0x1c ./USB_DEVICE/Target/usbd_conf.o
                0x000000000800dc88                USBD_static_malloc
 .text.USBD_static_free
                0x000000000800dca4       0x14 ./USB_DEVICE/Target/usbd_conf.o
                0x000000000800dca4                USBD_static_free
 .text.USBD_Get_USB_Status
                0x000000000800dcb8       0x58 ./USB_DEVICE/Target/usbd_conf.o
                0x000000000800dcb8                USBD_Get_USB_Status
 .text.sprintf  0x000000000800dd10       0x40 C:/Program Files/STMicroelectronics/STM32Cube/STM32CubeIDE/STM32CubeIDE/plugins/com.st.stm32cube.ide.mcu.externaltools.gnu-tools-for-stm32.11.3.rel1.win32_1.1.100.202309141235/tools/bin/../lib/gcc/arm-none-eabi/11.3.1/../../../../arm-none-eabi/lib/thumb/v7e-m+fp/hard\libc_nano.a(libc_a-sprintf.o)
                0x000000000800dd10                siprintf
                0x000000000800dd10                sprintf
 .text.memset   0x000000000800dd50       0x10 C:/Program Files/STMicroelectronics/STM32Cube/STM32CubeIDE/STM32CubeIDE/plugins/com.st.stm32cube.ide.mcu.externaltools.gnu-tools-for-stm32.11.3.rel1.win32_1.1.100.202309141235/tools/bin/../lib/gcc/arm-none-eabi/11.3.1/../../../../arm-none-eabi/lib/thumb/v7e-m+fp/hard\libc_nano.a(libc_a-memset.o)
                0x000000000800dd50                memset
 .text.__errno  0x000000000800dd60        0xc C:/Program Files/STMicroelectronics/STM32Cube/STM32CubeIDE/STM32CubeIDE/plugins/com.st.stm32cube.ide.mcu.externaltools.gnu-tools-for-stm32.11.3.rel1.win32_1.1.100.202309141235/tools/bin/../lib/gcc/arm-none-eabi/11.3.1/../../../../arm-none-eabi/lib/thumb/v7e-m+fp/hard\libc_nano.a(libc_a-errno.o)
                0x000000000800dd60                __errno
 .text.__libc_init_array
                0x000000000800dd6c       0x48 C:/Program Files/STMicroelectronics/STM32Cube/STM32CubeIDE/STM32CubeIDE/plugins/com.st.stm32cube.ide.mcu.externaltools.gnu-tools-for-stm32.11.3.rel1.win32_1.1.100.202309141235/tools/bin/../lib/gcc/arm-none-eabi/11.3.1/../../../../arm-none-eabi/lib/thumb/v7e-m+fp/hard\libc_nano.a(libc_a-init.o)
                0x000000000800dd6c                __libc_init_array
 .text.__retarget_lock_acquire_recursive
                0x000000000800ddb4        0x2 C:/Program Files/STMicroelectronics/STM32Cube/STM32CubeIDE/STM32CubeIDE/plugins/com.st.stm32cube.ide.mcu.externaltools.gnu-tools-for-stm32.11.3.rel1.win32_1.1.100.202309141235/tools/bin/../lib/gcc/arm-none-eabi/11.3.1/../../../../arm-none-eabi/lib/thumb/v7e-m+fp/hard\libc_nano.a(libc_a-lock.o)
                0x000000000800ddb4                __retarget_lock_acquire_recursive
 .text.__retarget_lock_release_recursive
                0x000000000800ddb6        0x2 C:/Program Files/STMicroelectronics/STM32Cube/STM32CubeIDE/STM32CubeIDE/plugins/com.st.stm32cube.ide.mcu.externaltools.gnu-tools-for-stm32.11.3.rel1.win32_1.1.100.202309141235/tools/bin/../lib/gcc/arm-none-eabi/11.3.1/../../../../arm-none-eabi/lib/thumb/v7e-m+fp/hard\libc_nano.a(libc_a-lock.o)
                0x000000000800ddb6                __retarget_lock_release_recursive
 .text._free_r  0x000000000800ddb8       0x98 C:/Program Files/STMicroelectronics/STM32Cube/STM32CubeIDE/STM32CubeIDE/plugins/com.st.stm32cube.ide.mcu.externaltools.gnu-tools-for-stm32.11.3.rel1.win32_1.1.100.202309141235/tools/bin/../lib/gcc/arm-none-eabi/11.3.1/../../../../arm-none-eabi/lib/thumb/v7e-m+fp/hard\libc_nano.a(libc_a-freer.o)
                0x000000000800ddb8                _free_r
 .text.sbrk_aligned
                0x000000000800de50       0x40 C:/Program Files/STMicroelectronics/STM32Cube/STM32CubeIDE/STM32CubeIDE/plugins/com.st.stm32cube.ide.mcu.externaltools.gnu-tools-for-stm32.11.3.rel1.win32_1.1.100.202309141235/tools/bin/../lib/gcc/arm-none-eabi/11.3.1/../../../../arm-none-eabi/lib/thumb/v7e-m+fp/hard\libc_nano.a(libc_a-mallocr.o)
 .text._malloc_r
                0x000000000800de90      0x100 C:/Program Files/STMicroelectronics/STM32Cube/STM32CubeIDE/STM32CubeIDE/plugins/com.st.stm32cube.ide.mcu.externaltools.gnu-tools-for-stm32.11.3.rel1.win32_1.1.100.202309141235/tools/bin/../lib/gcc/arm-none-eabi/11.3.1/../../../../arm-none-eabi/lib/thumb/v7e-m+fp/hard\libc_nano.a(libc_a-mallocr.o)
                0x000000000800de90                _malloc_r
 .text.__malloc_lock
                0x000000000800df90        0xc C:/Program Files/STMicroelectronics/STM32Cube/STM32CubeIDE/STM32CubeIDE/plugins/com.st.stm32cube.ide.mcu.externaltools.gnu-tools-for-stm32.11.3.rel1.win32_1.1.100.202309141235/tools/bin/../lib/gcc/arm-none-eabi/11.3.1/../../../../arm-none-eabi/lib/thumb/v7e-m+fp/hard\libc_nano.a(libc_a-mlock.o)
                0x000000000800df90                __malloc_lock
 .text.__malloc_unlock
                0x000000000800df9c        0xc C:/Program Files/STMicroelectronics/STM32Cube/STM32CubeIDE/STM32CubeIDE/plugins/com.st.stm32cube.ide.mcu.externaltools.gnu-tools-for-stm32.11.3.rel1.win32_1.1.100.202309141235/tools/bin/../lib/gcc/arm-none-eabi/11.3.1/../../../../arm-none-eabi/lib/thumb/v7e-m+fp/hard\libc_nano.a(libc_a-mlock.o)
                0x000000000800df9c                __malloc_unlock
 .text.__ssputs_r
                0x000000000800dfa8       0xb4 C:/Program Files/STMicroelectronics/STM32Cube/STM32CubeIDE/STM32CubeIDE/plugins/com.st.stm32cube.ide.mcu.externaltools.gnu-tools-for-stm32.11.3.rel1.win32_1.1.100.202309141235/tools/bin/../lib/gcc/arm-none-eabi/11.3.1/../../../../arm-none-eabi/lib/thumb/v7e-m+fp/hard\libc_nano.a(libc_a-nano-svfprintf.o)
                0x000000000800dfa8                __ssputs_r
 .text._svfprintf_r
                0x000000000800e05c      0x1fc C:/Program Files/STMicroelectronics/STM32Cube/STM32CubeIDE/STM32CubeIDE/plugins/com.st.stm32cube.ide.mcu.externaltools.gnu-tools-for-stm32.11.3.rel1.win32_1.1.100.202309141235/tools/bin/../lib/gcc/arm-none-eabi/11.3.1/../../../../arm-none-eabi/lib/thumb/v7e-m+fp/hard\libc_nano.a(libc_a-nano-svfprintf.o)
                0x000000000800e05c                _svfiprintf_r
                0x000000000800e05c                _svfprintf_r
 .text._printf_common
                0x000000000800e258       0xda C:/Program Files/STMicroelectronics/STM32Cube/STM32CubeIDE/STM32CubeIDE/plugins/com.st.stm32cube.ide.mcu.externaltools.gnu-tools-for-stm32.11.3.rel1.win32_1.1.100.202309141235/tools/bin/../lib/gcc/arm-none-eabi/11.3.1/../../../../arm-none-eabi/lib/thumb/v7e-m+fp/hard\libc_nano.a(libc_a-nano-vfprintf_i.o)
                0x000000000800e258                _printf_common
 *fill*         0x000000000800e332        0x2 
 .text._printf_i
                0x000000000800e334      0x244 C:/Program Files/STMicroelectronics/STM32Cube/STM32CubeIDE/STM32CubeIDE/plugins/com.st.stm32cube.ide.mcu.externaltools.gnu-tools-for-stm32.11.3.rel1.win32_1.1.100.202309141235/tools/bin/../lib/gcc/arm-none-eabi/11.3.1/../../../../arm-none-eabi/lib/thumb/v7e-m+fp/hard\libc_nano.a(libc_a-nano-vfprintf_i.o)
                0x000000000800e334                _printf_i
 .text.memmove  0x000000000800e578       0x34 C:/Program Files/STMicroelectronics/STM32Cube/STM32CubeIDE/STM32CubeIDE/plugins/com.st.stm32cube.ide.mcu.externaltools.gnu-tools-for-stm32.11.3.rel1.win32_1.1.100.202309141235/tools/bin/../lib/gcc/arm-none-eabi/11.3.1/../../../../arm-none-eabi/lib/thumb/v7e-m+fp/hard\libc_nano.a(libc_a-memmove.o)
                0x000000000800e578                memmove
 .text._sbrk_r  0x000000000800e5ac       0x20 C:/Program Files/STMicroelectronics/STM32Cube/STM32CubeIDE/STM32CubeIDE/plugins/com.st.stm32cube.ide.mcu.externaltools.gnu-tools-for-stm32.11.3.rel1.win32_1.1.100.202309141235/tools/bin/../lib/gcc/arm-none-eabi/11.3.1/../../../../arm-none-eabi/lib/thumb/v7e-m+fp/hard\libc_nano.a(libc_a-sbrkr.o)
                0x000000000800e5ac                _sbrk_r
 .text.memcpy   0x000000000800e5cc       0x1c C:/Program Files/STMicroelectronics/STM32Cube/STM32CubeIDE/STM32CubeIDE/plugins/com.st.stm32cube.ide.mcu.externaltools.gnu-tools-for-stm32.11.3.rel1.win32_1.1.100.202309141235/tools/bin/../lib/gcc/arm-none-eabi/11.3.1/../../../../arm-none-eabi/lib/thumb/v7e-m+fp/hard\libc_nano.a(libc_a-memcpy-stub.o)
                0x000000000800e5cc                memcpy
 .text._realloc_r
                0x000000000800e5e8       0x5e C:/Program Files/STMicroelectronics/STM32Cube/STM32CubeIDE/STM32CubeIDE/plugins/com.st.stm32cube.ide.mcu.externaltools.gnu-tools-for-stm32.11.3.rel1.win32_1.1.100.202309141235/tools/bin/../lib/gcc/arm-none-eabi/11.3.1/../../../../arm-none-eabi/lib/thumb/v7e-m+fp/hard\libc_nano.a(libc_a-reallocr.o)
                0x000000000800e5e8                _realloc_r
 .text._malloc_usable_size_r
                0x000000000800e646       0x10 C:/Program Files/STMicroelectronics/STM32Cube/STM32CubeIDE/STM32CubeIDE/plugins/com.st.stm32cube.ide.mcu.externaltools.gnu-tools-for-stm32.11.3.rel1.win32_1.1.100.202309141235/tools/bin/../lib/gcc/arm-none-eabi/11.3.1/../../../../arm-none-eabi/lib/thumb/v7e-m+fp/hard\libc_nano.a(libc_a-msizer.o)
                0x000000000800e646                _malloc_usable_size_r
 *(.glue_7)
 .glue_7        0x000000000800e656        0x0 linker stubs
 *(.glue_7t)
 .glue_7t       0x000000000800e656        0x0 linker stubs
 *(.eh_frame)
 *fill*         0x000000000800e656        0x2 
 .eh_frame      0x000000000800e658        0x0 C:/Program Files/STMicroelectronics/STM32Cube/STM32CubeIDE/STM32CubeIDE/plugins/com.st.stm32cube.ide.mcu.externaltools.gnu-tools-for-stm32.11.3.rel1.win32_1.1.100.202309141235/tools/bin/../lib/gcc/arm-none-eabi/11.3.1/thumb/v7e-m+fp/hard/crtbegin.o
 *(.init)
 .init          0x000000000800e658        0x4 C:/Program Files/STMicroelectronics/STM32Cube/STM32CubeIDE/STM32CubeIDE/plugins/com.st.stm32cube.ide.mcu.externaltools.gnu-tools-for-stm32.11.3.rel1.win32_1.1.100.202309141235/tools/bin/../lib/gcc/arm-none-eabi/11.3.1/thumb/v7e-m+fp/hard/crti.o
                0x000000000800e658                _init
 .init          0x000000000800e65c        0x8 C:/Program Files/STMicroelectronics/STM32Cube/STM32CubeIDE/STM32CubeIDE/plugins/com.st.stm32cube.ide.mcu.externaltools.gnu-tools-for-stm32.11.3.rel1.win32_1.1.100.202309141235/tools/bin/../lib/gcc/arm-none-eabi/11.3.1/thumb/v7e-m+fp/hard/crtn.o
 *(.fini)
 .fini          0x000000000800e664        0x4 C:/Program Files/STMicroelectronics/STM32Cube/STM32CubeIDE/STM32CubeIDE/plugins/com.st.stm32cube.ide.mcu.externaltools.gnu-tools-for-stm32.11.3.rel1.win32_1.1.100.202309141235/tools/bin/../lib/gcc/arm-none-eabi/11.3.1/thumb/v7e-m+fp/hard/crti.o
                0x000000000800e664                _fini
 .fini          0x000000000800e668        0x8 C:/Program Files/STMicroelectronics/STM32Cube/STM32CubeIDE/STM32CubeIDE/plugins/com.st.stm32cube.ide.mcu.externaltools.gnu-tools-for-stm32.11.3.rel1.win32_1.1.100.202309141235/tools/bin/../lib/gcc/arm-none-eabi/11.3.1/thumb/v7e-m+fp/hard/crtn.o
                0x000000000800e670                . = ALIGN (0x4)
                0x000000000800e670                _etext = .

.vfp11_veneer   0x000000000800e670        0x0
 .vfp11_veneer  0x000000000800e670        0x0 linker stubs

.v4_bx          0x000000000800e670        0x0
 .v4_bx         0x000000000800e670        0x0 linker stubs

.iplt           0x000000000800e670        0x0
 .iplt          0x000000000800e670        0x0 C:/Program Files/STMicroelectronics/STM32Cube/STM32CubeIDE/STM32CubeIDE/plugins/com.st.stm32cube.ide.mcu.externaltools.gnu-tools-for-stm32.11.3.rel1.win32_1.1.100.202309141235/tools/bin/../lib/gcc/arm-none-eabi/11.3.1/thumb/v7e-m+fp/hard/crtbegin.o

.rodata         0x000000000800e670      0xae4
                0x000000000800e670                . = ALIGN (0x4)
 *(.rodata)
 .rodata        0x000000000800e670       0x81 ./Core/Src/main.o
 *fill*         0x000000000800e6f1        0x3 
 .rodata        0x000000000800e6f4       0x3a ./USB_DEVICE/App/usbd_desc.o
 *(.rodata*)
 *fill*         0x000000000800e72e        0x2 
 .rodata.Font7x10
                0x000000000800e730      0x76c ./Core/Src/fonts.o
                0x000000000800e730                Font7x10
 .rodata.StartLogo
                0x000000000800ee9c      0x200 ./Core/Src/main.o
                0x000000000800ee9c                StartLogo
 .rodata.HEX_Map
                0x000000000800f09c       0x61 ./Core/Src/main.o
                0x000000000800f09c                HEX_Map
 *fill*         0x000000000800f0fd        0x3 
 .rodata.AHBPrescTable
                0x000000000800f100       0x10 ./Core/Src/system_stm32f4xx.o
                0x000000000800f100                AHBPrescTable
 .rodata.APBPrescTable
                0x000000000800f110        0x8 ./Core/Src/system_stm32f4xx.o
                0x000000000800f110                APBPrescTable
 .rodata.flagBitshiftOffset.0
                0x000000000800f118        0x8 ./Drivers/STM32F4xx_HAL_Driver/Src/stm32f4xx_hal_dma.o
 .rodata._svfprintf_r.str1.1
                0x000000000800f120       0x11 C:/Program Files/STMicroelectronics/STM32Cube/STM32CubeIDE/STM32CubeIDE/plugins/com.st.stm32cube.ide.mcu.externaltools.gnu-tools-for-stm32.11.3.rel1.win32_1.1.100.202309141235/tools/bin/../lib/gcc/arm-none-eabi/11.3.1/../../../../arm-none-eabi/lib/thumb/v7e-m+fp/hard\libc_nano.a(libc_a-nano-svfprintf.o)
 .rodata._printf_i.str1.1
                0x000000000800f131       0x22 C:/Program Files/STMicroelectronics/STM32Cube/STM32CubeIDE/STM32CubeIDE/plugins/com.st.stm32cube.ide.mcu.externaltools.gnu-tools-for-stm32.11.3.rel1.win32_1.1.100.202309141235/tools/bin/../lib/gcc/arm-none-eabi/11.3.1/../../../../arm-none-eabi/lib/thumb/v7e-m+fp/hard\libc_nano.a(libc_a-nano-vfprintf_i.o)
                0x000000000800f154                . = ALIGN (0x4)
 *fill*         0x000000000800f153        0x1 

.ARM.extab      0x000000000800f154        0x0
                0x000000000800f154                . = ALIGN (0x4)
 *(.ARM.extab* .gnu.linkonce.armextab.*)
                0x000000000800f154                . = ALIGN (0x4)

.ARM            0x000000000800f154        0x8
                0x000000000800f154                . = ALIGN (0x4)
                0x000000000800f154                __exidx_start = .
 *(.ARM.exidx*)
 .ARM.exidx     0x000000000800f154        0x8 C:/Program Files/STMicroelectronics/STM32Cube/STM32CubeIDE/STM32CubeIDE/plugins/com.st.stm32cube.ide.mcu.externaltools.gnu-tools-for-stm32.11.3.rel1.win32_1.1.100.202309141235/tools/bin/../lib/gcc/arm-none-eabi/11.3.1/thumb/v7e-m+fp/hard\libgcc.a(_udivmoddi4.o)
                0x000000000800f15c                __exidx_end = .
                0x000000000800f15c                . = ALIGN (0x4)

.rel.dyn        0x000000000800f15c        0x0
 .rel.iplt      0x000000000800f15c        0x0 C:/Program Files/STMicroelectronics/STM32Cube/STM32CubeIDE/STM32CubeIDE/plugins/com.st.stm32cube.ide.mcu.externaltools.gnu-tools-for-stm32.11.3.rel1.win32_1.1.100.202309141235/tools/bin/../lib/gcc/arm-none-eabi/11.3.1/thumb/v7e-m+fp/hard/crtbegin.o

.preinit_array  0x000000000800f15c        0x0
                0x000000000800f15c                . = ALIGN (0x4)
                0x000000000800f15c                PROVIDE (__preinit_array_start = .)
 *(.preinit_array*)
                0x000000000800f15c                PROVIDE (__preinit_array_end = .)
                0x000000000800f15c                . = ALIGN (0x4)

.init_array     0x000000000800f15c        0x4
                0x000000000800f15c                . = ALIGN (0x4)
                0x000000000800f15c                PROVIDE (__init_array_start = .)
 *(SORT_BY_NAME(.init_array.*))
 *(.init_array*)
 .init_array    0x000000000800f15c        0x4 C:/Program Files/STMicroelectronics/STM32Cube/STM32CubeIDE/STM32CubeIDE/plugins/com.st.stm32cube.ide.mcu.externaltools.gnu-tools-for-stm32.11.3.rel1.win32_1.1.100.202309141235/tools/bin/../lib/gcc/arm-none-eabi/11.3.1/thumb/v7e-m+fp/hard/crtbegin.o
                0x000000000800f160                PROVIDE (__init_array_end = .)
                0x000000000800f160                . = ALIGN (0x4)

.fini_array     0x000000000800f160        0x4
                0x000000000800f160                . = ALIGN (0x4)
                [!provide]                        PROVIDE (__fini_array_start = .)
 *(SORT_BY_NAME(.fini_array.*))
 *(.fini_array*)
 .fini_array    0x000000000800f160        0x4 C:/Program Files/STMicroelectronics/STM32Cube/STM32CubeIDE/STM32CubeIDE/plugins/com.st.stm32cube.ide.mcu.externaltools.gnu-tools-for-stm32.11.3.rel1.win32_1.1.100.202309141235/tools/bin/../lib/gcc/arm-none-eabi/11.3.1/thumb/v7e-m+fp/hard/crtbegin.o
                [!provide]                        PROVIDE (__fini_array_end = .)
                0x000000000800f164                . = ALIGN (0x4)
                0x000000000800f164                _sidata = LOADADDR (.data)

.data           0x0000000020000000      0x1ec load address 0x000000000800f164
                0x0000000020000000                . = ALIGN (0x4)
                0x0000000020000000                _sdata = .
 *(.data)
 *(.data*)
 .data.ARGB_BR  0x0000000020000000        0x1 ./Core/Src/ARGB.o
                0x0000000020000000                ARGB_BR
 *fill*         0x0000000020000001        0x3 
 .data.Font_7x10
                0x0000000020000004        0x8 ./Core/Src/fonts.o
                0x0000000020000004                Font_7x10
 .data.SystemCoreClock
                0x000000002000000c        0x4 ./Core/Src/system_stm32f4xx.o
                0x000000002000000c                SystemCoreClock
 .data.uwTickPrio
                0x0000000020000010        0x4 ./Drivers/STM32F4xx_HAL_Driver/Src/stm32f4xx_hal.o
                0x0000000020000010                uwTickPrio
 .data.uwTickFreq
                0x0000000020000014        0x1 ./Drivers/STM32F4xx_HAL_Driver/Src/stm32f4xx_hal.o
                0x0000000020000014                uwTickFreq
 *fill*         0x0000000020000015        0x3 
 .data.USBD_HID
                0x0000000020000018       0x38 ./Middlewares/ST/STM32_USB_Device_Library/Class/HID/Src/usbd_hid.o
                0x0000000020000018                USBD_HID
 .data.USBD_HID_CfgFSDesc
                0x0000000020000050       0x29 ./Middlewares/ST/STM32_USB_Device_Library/Class/HID/Src/usbd_hid.o
 *fill*         0x0000000020000079        0x3 
 .data.USBD_HID_CfgHSDesc
                0x000000002000007c       0x29 ./Middlewares/ST/STM32_USB_Device_Library/Class/HID/Src/usbd_hid.o
 *fill*         0x00000000200000a5        0x3 
 .data.USBD_HID_OtherSpeedCfgDesc
                0x00000000200000a8       0x29 ./Middlewares/ST/STM32_USB_Device_Library/Class/HID/Src/usbd_hid.o
 *fill*         0x00000000200000d1        0x3 
 .data.USBD_HID_Desc
                0x00000000200000d4        0x9 ./Middlewares/ST/STM32_USB_Device_Library/Class/HID/Src/usbd_hid.o
 *fill*         0x00000000200000dd        0x3 
 .data.USBD_HID_DeviceQualifierDesc
                0x00000000200000e0        0xa ./Middlewares/ST/STM32_USB_Device_Library/Class/HID/Src/usbd_hid.o
 *fill*         0x00000000200000ea        0x2 
 .data.HID_KEYBOARD_ReportDesc
                0x00000000200000ec       0x5e ./Middlewares/ST/STM32_USB_Device_Library/Class/HID/Src/usbd_hid.o
 *fill*         0x000000002000014a        0x2 
 .data.FS_Desc  0x000000002000014c       0x1c ./USB_DEVICE/App/usbd_desc.o
                0x000000002000014c                FS_Desc
 .data.USBD_FS_DeviceDesc
                0x0000000020000168       0x12 ./USB_DEVICE/App/usbd_desc.o
                0x0000000020000168                USBD_FS_DeviceDesc
 *fill*         0x000000002000017a        0x2 
 .data.USBD_LangIDDesc
                0x000000002000017c        0x4 ./USB_DEVICE/App/usbd_desc.o
                0x000000002000017c                USBD_LangIDDesc
 .data.USBD_StringSerial
                0x0000000020000180       0x1a ./USB_DEVICE/App/usbd_desc.o
                0x0000000020000180                USBD_StringSerial
 *fill*         0x000000002000019a        0x2 
 .data._impure_data
                0x000000002000019c       0x4c C:/Program Files/STMicroelectronics/STM32Cube/STM32CubeIDE/STM32CubeIDE/plugins/com.st.stm32cube.ide.mcu.externaltools.gnu-tools-for-stm32.11.3.rel1.win32_1.1.100.202309141235/tools/bin/../lib/gcc/arm-none-eabi/11.3.1/../../../../arm-none-eabi/lib/thumb/v7e-m+fp/hard\libc_nano.a(libc_a-impure.o)
                0x000000002000019c                _impure_data
 .data._impure_ptr
                0x00000000200001e8        0x4 C:/Program Files/STMicroelectronics/STM32Cube/STM32CubeIDE/STM32CubeIDE/plugins/com.st.stm32cube.ide.mcu.externaltools.gnu-tools-for-stm32.11.3.rel1.win32_1.1.100.202309141235/tools/bin/../lib/gcc/arm-none-eabi/11.3.1/../../../../arm-none-eabi/lib/thumb/v7e-m+fp/hard\libc_nano.a(libc_a-impure.o)
                0x00000000200001e8                _impure_ptr
 *(.RamFunc)
 *(.RamFunc*)
                0x00000000200001ec                . = ALIGN (0x4)
                0x00000000200001ec                _edata = .

.igot.plt       0x00000000200001ec        0x0 load address 0x000000000800f350
 .igot.plt      0x00000000200001ec        0x0 C:/Program Files/STMicroelectronics/STM32Cube/STM32CubeIDE/STM32CubeIDE/plugins/com.st.stm32cube.ide.mcu.externaltools.gnu-tools-for-stm32.11.3.rel1.win32_1.1.100.202309141235/tools/bin/../lib/gcc/arm-none-eabi/11.3.1/thumb/v7e-m+fp/hard/crtbegin.o
                0x00000000200001ec                . = ALIGN (0x4)

.bss            0x00000000200001ec     0x1200 load address 0x000000000800f350
                0x00000000200001ec                _sbss = .
                0x00000000200001ec                __bss_start__ = _sbss
 *(.bss)
 .bss           0x00000000200001ec       0x1c C:/Program Files/STMicroelectronics/STM32Cube/STM32CubeIDE/STM32CubeIDE/plugins/com.st.stm32cube.ide.mcu.externaltools.gnu-tools-for-stm32.11.3.rel1.win32_1.1.100.202309141235/tools/bin/../lib/gcc/arm-none-eabi/11.3.1/thumb/v7e-m+fp/hard/crtbegin.o
 *(.bss*)
 .bss.PWM_HI    0x0000000020000208        0x1 ./Core/Src/ARGB.o
                0x0000000020000208                PWM_HI
 .bss.PWM_LO    0x0000000020000209        0x1 ./Core/Src/ARGB.o
                0x0000000020000209                PWM_LO
 *fill*         0x000000002000020a        0x2 
 .bss.RGB_BUF   0x000000002000020c      0x12c ./Core/Src/ARGB.o
                0x000000002000020c                RGB_BUF
 .bss.PWM_BUF   0x0000000020000338       0xc0 ./Core/Src/ARGB.o
                0x0000000020000338                PWM_BUF
 .bss.BUF_COUNTER
                0x00000000200003f8        0x2 ./Core/Src/ARGB.o
                0x00000000200003f8                BUF_COUNTER
 .bss.ARGB_LOC_ST
                0x00000000200003fa        0x1 ./Core/Src/ARGB.o
                0x00000000200003fa                ARGB_LOC_ST
 *fill*         0x00000000200003fb        0x1 
 .bss.hadc1     0x00000000200003fc       0x48 ./Core/Src/main.o
                0x00000000200003fc                hadc1
 .bss.hdma_adc1
                0x0000000020000444       0x60 ./Core/Src/main.o
                0x0000000020000444                hdma_adc1
 .bss.hi2c1     0x00000000200004a4       0x54 ./Core/Src/main.o
                0x00000000200004a4                hi2c1
 .bss.hdma_i2c1_tx
                0x00000000200004f8       0x60 ./Core/Src/main.o
                0x00000000200004f8                hdma_i2c1_tx
 .bss.htim1     0x0000000020000558       0x48 ./Core/Src/main.o
                0x0000000020000558                htim1
 .bss.htim3     0x00000000200005a0       0x48 ./Core/Src/main.o
                0x00000000200005a0                htim3
 .bss.hdma_tim1_ch2
                0x00000000200005e8       0x60 ./Core/Src/main.o
                0x00000000200005e8                hdma_tim1_ch2
 .bss.EncRotRig
                0x0000000020000648        0x1 ./Core/Src/main.o
                0x0000000020000648                EncRotRig
 .bss.EncRotLft
                0x0000000020000649        0x1 ./Core/Src/main.o
                0x0000000020000649                EncRotLft
 .bss.FnBtnState
                0x000000002000064a        0x1 ./Core/Src/main.o
                0x000000002000064a                FnBtnState
 *fill*         0x000000002000064b        0x1 
 .bss.keycodes  0x000000002000064c        0xa ./Core/Src/main.o
                0x000000002000064c                keycodes
 *fill*         0x0000000020000656        0x2 
 .bss.MediaReport
                0x0000000020000658        0x2 ./Core/Src/main.o
                0x0000000020000658                MediaReport
 *fill*         0x000000002000065a        0x2 
 .bss.DisplayText
                0x000000002000065c        0x8 ./Core/Src/main.o
                0x000000002000065c                DisplayText
 .bss.Red       0x0000000020000664        0x1 ./Core/Src/main.o
                0x0000000020000664                Red
 .bss.Green     0x0000000020000665        0x1 ./Core/Src/main.o
                0x0000000020000665                Green
 .bss.Blue      0x0000000020000666        0x1 ./Core/Src/main.o
                0x0000000020000666                Blue
 .bss.LedBrightness
                0x0000000020000667        0x1 ./Core/Src/main.o
                0x0000000020000667                LedBrightness
 .bss.ArgbMode  0x0000000020000668        0x1 ./Core/Src/main.o
                0x0000000020000668                ArgbMode
 .bss.SwitchMode
                0x0000000020000669        0x1 ./Core/Src/main.o
                0x0000000020000669                SwitchMode
 .bss.MenuOpenFlag
                0x000000002000066a        0x1 ./Core/Src/main.o
                0x000000002000066a                MenuOpenFlag
 .bss.MenuDeniedFlag
                0x000000002000066b        0x1 ./Core/Src/main.o
                0x000000002000066b                MenuDeniedFlag
 .bss.RedMenu   0x000000002000066c        0x1 ./Core/Src/main.o
                0x000000002000066c                RedMenu
 .bss.GreenMenu
                0x000000002000066d        0x1 ./Core/Src/main.o
                0x000000002000066d                GreenMenu
 .bss.BlueMenu  0x000000002000066e        0x1 ./Core/Src/main.o
                0x000000002000066e                BlueMenu
 .bss.BrMenu    0x000000002000066f        0x1 ./Core/Src/main.o
                0x000000002000066f                BrMenu
 .bss.SubMenu   0x0000000020000670        0x1 ./Core/Src/main.o
                0x0000000020000670                SubMenu
 .bss.SubMenuDeniedFlag
                0x0000000020000671        0x1 ./Core/Src/main.o
                0x0000000020000671                SubMenuDeniedFlag
 .bss.MenuEncCounter
                0x0000000020000672        0x1 ./Core/Src/main.o
                0x0000000020000672                MenuEncCounter
 .bss.SubMenuEncCounter
                0x0000000020000673        0x1 ./Core/Src/main.o
                0x0000000020000673                SubMenuEncCounter
 .bss.SSD1306_Buffer
                0x0000000020000674      0x200 ./Core/Src/ssd1306.o
 .bss.SSD1306   0x0000000020000874        0x6 ./Core/Src/ssd1306.o
 *fill*         0x000000002000087a        0x2 
 .bss.__sbrk_heap_end
                0x000000002000087c        0x4 ./Core/Src/sysmem.o
 .bss.uwTick    0x0000000020000880        0x4 ./Drivers/STM32F4xx_HAL_Driver/Src/stm32f4xx_hal.o
                0x0000000020000880                uwTick
 .bss.pFlash    0x0000000020000884       0x20 ./Drivers/STM32F4xx_HAL_Driver/Src/stm32f4xx_hal_flash.o
                0x0000000020000884                pFlash
 .bss.rx_buf    0x00000000200008a4        0x1 ./Middlewares/ST/STM32_USB_Device_Library/Class/HID/Src/usbd_hid.o
 .bss.cfgidx.0  0x00000000200008a5        0x1 ./Middlewares/ST/STM32_USB_Device_Library/Core/Src/usbd_ctlreq.o
 *fill*         0x00000000200008a6        0x2 
 .bss.hUsbDeviceFS