../Core/Src/main.c:253:6:HID_LedsInit	4	static
../Core/Src/main.c:262:9:READ_FLASH	16	static
../Core/Src/main.c:269:6:WRITE_FLASH	88	static
../Core/Src/main.c:328:6:ADC_SELECTOR	32	static
../Core/Src/main.c:342:10:ADC_GET_VALUE	8	static
../Core/Src/main.c:352:6:SELECT_MUX_CH	16	static
../Core/Src/main.c:367:6:KEY_PRESS	24	static
../Core/Src/main.c:426:5:main	40	static
../Core/Src/main.c:906:6:SystemClock_Config	88	static
../Core/Src/main.c:952:13:MX_ADC1_Init	24	static
../Core/Src/main.c:1004:13:MX_I2C1_Init	8	static
../Core/Src/main.c:1038:13:MX_TIM1_Init	96	static
../Core/Src/main.c:1113:13:MX_TIM3_Init	56	static
../Core/Src/main.c:1160:13:MX_DMA_Init	16	static
../Core/Src/main.c:1185:13:MX_GPIO_Init	40	static
../Core/Src/main.c:1224:6:Error_Handler	4	static,ignoring_inline_asm
