09:18:04 **** Clean-only build of configuration Debug for project KBRD ****
make -j8 clean 
makefile:67: *** multiple target patterns.  Stop.
"make -j8 clean" terminated with exit code 2. Build might be incomplete.
09:18:04 **** Build of configuration Debug for project KBRD ****
make -j8 all 
arm-none-eabi-gcc "../USB_DEVICE/Target/usbd_conf.c" -mcpu=cortex-m4 -std=gnu11 -g3 -DDEBUG -DUSE_HAL_DRIVER -DSTM32F411xE -c -I../Core/Inc -I../Drivers/STM32F4xx_HAL_Driver/Inc -I../Drivers/STM32F4xx_HAL_Driver/Inc/Legacy -I../Drivers/CMSIS/Device/ST/STM32F4xx/Include -I../Drivers/CMSIS/Include -I../USB_DEVICE/App -I../USB_DEVICE/Target -I../Middlewares/ST/STM32_USB_Device_Library/Core/Inc -I../Middlewares/ST/STM32_USB_Device_Library/Class/HID/Inc -O0 -ffunction-sections -fdata-sections -Wall -fstack-usage -fcyclomatic-complexity -MMD -MP -MF"USB_DEVICE/Target/usbd_conf.d" -MT"USB_DEVICE/Target/usbd_conf.o" --specs=nano.specs -mfpu=fpv4-sp-d16 -mfloat-abi=hard -mthumb -o "USB_DEVICE/Target/usbd_conf.o"
arm-none-eabi-gcc "../USB_DEVICE/App/usb_device.c" -mcpu=cortex-m4 -std=gnu11 -g3 -DDEBUG -DUSE_HAL_DRIVER -DSTM32F411xE -c -I../Core/Inc -I../Drivers/STM32F4xx_HAL_Driver/Inc -I../Drivers/STM32F4xx_HAL_Driver/Inc/Legacy -I../Drivers/CMSIS/Device/ST/STM32F4xx/Include -I../Drivers/CMSIS/Include -I../USB_DEVICE/App -I../USB_DEVICE/Target -I../Middlewares/ST/STM32_USB_Device_Library/Core/Inc -I../Middlewares/ST/STM32_USB_Device_Library/Class/HID/Inc -O0 -ffunction-sections -fdata-sections -Wall -fstack-usage -fcyclomatic-complexity -MMD -MP -MF"USB_DEVICE/App/usb_device.d" -MT"USB_DEVICE/App/usb_device.o" --specs=nano.specs -mfpu=fpv4-sp-d16 -mfloat-abi=hard -mthumb -o "USB_DEVICE/App/usb_device.o"
arm-none-eabi-gcc "../USB_DEVICE/App/usbd_desc.c" -mcpu=cortex-m4 -std=gnu11 -g3 -DDEBUG -DUSE_HAL_DRIVER -DSTM32F411xE -c -I../Core/Inc -I../Drivers/STM32F4xx_HAL_Driver/Inc -I../Drivers/STM32F4xx_HAL_Driver/Inc/Legacy -I../Drivers/CMSIS/Device/ST/STM32F4xx/Include -I../Drivers/CMSIS/Include -I../USB_DEVICE/App -I../USB_DEVICE/Target -I../Middlewares/ST/STM32_USB_Device_Library/Core/Inc -I../Middlewares/ST/STM32_USB_Device_Library/Class/HID/Inc -O0 -ffunction-sections -fdata-sections -Wall -fstack-usage -fcyclomatic-complexity -MMD -MP -MF"USB_DEVICE/App/usbd_desc.d" -MT"USB_DEVICE/App/usbd_desc.o" --specs=nano.specs -mfpu=fpv4-sp-d16 -mfloat-abi=hard -mthumb -o "USB_DEVICE/App/usbd_desc.o"
arm-none-eabi-gcc "../Middlewares/ST/STM32_USB_Device_Library/Core/Src/usbd_core.c" -mcpu=cortex-m4 -std=gnu11 -g3 -DDEBUG -DUSE_HAL_DRIVER -DSTM32F411xE -c -I../Core/Inc -I../Drivers/STM32F4xx_HAL_Driver/Inc -I../Drivers/STM32F4xx_HAL_Driver/Inc/Legacy -I../Drivers/CMSIS/Device/ST/STM32F4xx/Include -I../Drivers/CMSIS/Include -I../USB_DEVICE/App -I../USB_DEVICE/Target -I../Middlewares/ST/STM32_USB_Device_Library/Core/Inc -I../Middlewares/ST/STM32_USB_Device_Library/Class/HID/Inc -O0 -ffunction-sections -fdata-sections -Wall -fstack-usage -fcyclomatic-complexity -MMD -MP -MF"Middlewares/ST/STM32_USB_Device_Library/Core/Src/usbd_core.d" -MT"Middlewares/ST/STM32_USB_Device_Library/Core/Src/usbd_core.o" --specs=nano.specs -mfpu=fpv4-sp-d16 -mfloat-abi=hard -mthumb -o "Middlewares/ST/STM32_USB_Device_Library/Core/Src/usbd_core.o"
arm-none-eabi-gcc "../Middlewares/ST/STM32_USB_Device_Library/Core/Src/usbd_ctlreq.c" -mcpu=cortex-m4 -std=gnu11 -g3 -DDEBUG -DUSE_HAL_DRIVER -DSTM32F411xE -c -I../Core/Inc -I../Drivers/STM32F4xx_HAL_Driver/Inc -I../Drivers/STM32F4xx_HAL_Driver/Inc/Legacy -I../Drivers/CMSIS/Device/ST/STM32F4xx/Include -I../Drivers/CMSIS/Include -I../USB_DEVICE/App -I../USB_DEVICE/Target -I../Middlewares/ST/STM32_USB_Device_Library/Core/Inc -I../Middlewares/ST/STM32_USB_Device_Library/Class/HID/Inc -O0 -ffunction-sections -fdata-sections -Wall -fstack-usage -fcyclomatic-complexity -MMD -MP -MF"Middlewares/ST/STM32_USB_Device_Library/Core/Src/usbd_ctlreq.d" -MT"Middlewares/ST/STM32_USB_Device_Library/Core/Src/usbd_ctlreq.o" --specs=nano.specs -mfpu=fpv4-sp-d16 -mfloat-abi=hard -mthumb -o "Middlewares/ST/STM32_USB_Device_Library/Core/Src/usbd_ctlreq.o"
arm-none-eabi-gcc "../Middlewares/ST/STM32_USB_Device_Library/Core/Src/usbd_ioreq.c" -mcpu=cortex-m4 -std=gnu11 -g3 -DDEBUG -DUSE_HAL_DRIVER -DSTM32F411xE -c -I../Core/Inc -I../Drivers/STM32F4xx_HAL_Driver/Inc -I../Drivers/STM32F4xx_HAL_Driver/Inc/Legacy -I../Drivers/CMSIS/Device/ST/STM32F4xx/Include -I../Drivers/CMSIS/Include -I../USB_DEVICE/App -I../USB_DEVICE/Target -I../Middlewares/ST/STM32_USB_Device_Library/Core/Inc -I../Middlewares/ST/STM32_USB_Device_Library/Class/HID/Inc -O0 -ffunction-sections -fdata-sections -Wall -fstack-usage -fcyclomatic-complexity -MMD -MP -MF"Middlewares/ST/STM32_USB_Device_Library/Core/Src/usbd_ioreq.d" -MT"Middlewares/ST/STM32_USB_Device_Library/Core/Src/usbd_ioreq.o" --specs=nano.specs -mfpu=fpv4-sp-d16 -mfloat-abi=hard -mthumb -o "Middlewares/ST/STM32_USB_Device_Library/Core/Src/usbd_ioreq.o"
arm-none-eabi-gcc "../Middlewares/ST/STM32_USB_Device_Library/Class/HID/Src/usbd_hid.c" -mcpu=cortex-m4 -std=gnu11 -g3 -DDEBUG -DUSE_HAL_DRIVER -DSTM32F411xE -c -I../Core/Inc -I../Drivers/STM32F4xx_HAL_Driver/Inc -I../Drivers/STM32F4xx_HAL_Driver/Inc/Legacy -I../Drivers/CMSIS/Device/ST/STM32F4xx/Include -I../Drivers/CMSIS/Include -I../USB_DEVICE/App -I../USB_DEVICE/Target -I../Middlewares/ST/STM32_USB_Device_Library/Core/Inc -I../Middlewares/ST/STM32_USB_Device_Library/Class/HID/Inc -O0 -ffunction-sections -fdata-sections -Wall -fstack-usage -fcyclomatic-complexity -MMD -MP -MF"Middlewares/ST/STM32_USB_Device_Library/Class/HID/Src/usbd_hid.d" -MT"Middlewares/ST/STM32_USB_Device_Library/Class/HID/Src/usbd_hid.o" --specs=nano.specs -mfpu=fpv4-sp-d16 -mfloat-abi=hard -mthumb -o "Middlewares/ST/STM32_USB_Device_Library/Class/HID/Src/usbd_hid.o"
arm-none-eabi-gcc "../Drivers/STM32F4xx_HAL_Driver/Src/stm32f4xx_hal.c" -mcpu=cortex-m4 -std=gnu11 -g3 -DDEBUG -DUSE_HAL_DRIVER -DSTM32F411xE -c -I../Core/Inc -I../Drivers/STM32F4xx_HAL_Driver/Inc -I../Drivers/STM32F4xx_HAL_Driver/Inc/Legacy -I../Drivers/CMSIS/Device/ST/STM32F4xx/Include -I../Drivers/CMSIS/Include -I../USB_DEVICE/App -I../USB_DEVICE/Target -I../Middlewares/ST/STM32_USB_Device_Library/Core/Inc -I../Middlewares/ST/STM32_USB_Device_Library/Class/HID/Inc -O0 -ffunction-sections -fdata-sections -Wall -fstack-usage -fcyclomatic-complexity -MMD -MP -MF"Drivers/STM32F4xx_HAL_Driver/Src/stm32f4xx_hal.d" -MT"Drivers/STM32F4xx_HAL_Driver/Src/stm32f4xx_hal.o" --specs=nano.specs -mfpu=fpv4-sp-d16 -mfloat-abi=hard -mthumb -o "Drivers/STM32F4xx_HAL_Driver/Src/stm32f4xx_hal.o"
arm-none-eabi-gcc "../Drivers/STM32F4xx_HAL_Driver/Src/stm32f4xx_hal_adc.c" -mcpu=cortex-m4 -std=gnu11 -g3 -DDEBUG -DUSE_HAL_DRIVER -DSTM32F411xE -c -I../Core/Inc -I../Drivers/STM32F4xx_HAL_Driver/Inc -I../Drivers/STM32F4xx_HAL_Driver/Inc/Legacy -I../Drivers/CMSIS/Device/ST/STM32F4xx/Include -I../Drivers/CMSIS/Include -I../USB_DEVICE/App -I../USB_DEVICE/Target -I../Middlewares/ST/STM32_USB_Device_Library/Core/Inc -I../Middlewares/ST/STM32_USB_Device_Library/Class/HID/Inc -O0 -ffunction-sections -fdata-sections -Wall -fstack-usage -fcyclomatic-complexity -MMD -MP -MF"Drivers/STM32F4xx_HAL_Driver/Src/stm32f4xx_hal_adc.d" -MT"Drivers/STM32F4xx_HAL_Driver/Src/stm32f4xx_hal_adc.o" --specs=nano.specs -mfpu=fpv4-sp-d16 -mfloat-abi=hard -mthumb -o "Drivers/STM32F4xx_HAL_Driver/Src/stm32f4xx_hal_adc.o"
arm-none-eabi-gcc "../Drivers/STM32F4xx_HAL_Driver/Src/stm32f4xx_hal_adc_ex.c" -mcpu=cortex-m4 -std=gnu11 -g3 -DDEBUG -DUSE_HAL_DRIVER -DSTM32F411xE -c -I../Core/Inc -I../Drivers/STM32F4xx_HAL_Driver/Inc -I../Drivers/STM32F4xx_HAL_Driver/Inc/Legacy -I../Drivers/CMSIS/Device/ST/STM32F4xx/Include -I../Drivers/CMSIS/Include -I../USB_DEVICE/App -I../USB_DEVICE/Target -I../Middlewares/ST/STM32_USB_Device_Library/Core/Inc -I../Middlewares/ST/STM32_USB_Device_Library/Class/HID/Inc -O0 -ffunction-sections -fdata-sections -Wall -fstack-usage -fcyclomatic-complexity -MMD -MP -MF"Drivers/STM32F4xx_HAL_Driver/Src/stm32f4xx_hal_adc_ex.d" -MT"Drivers/STM32F4xx_HAL_Driver/Src/stm32f4xx_hal_adc_ex.o" --specs=nano.specs -mfpu=fpv4-sp-d16 -mfloat-abi=hard -mthumb -o "Drivers/STM32F4xx_HAL_Driver/Src/stm32f4xx_hal_adc_ex.o"
arm-none-eabi-gcc "../Drivers/STM32F4xx_HAL_Driver/Src/stm32f4xx_hal_cortex.c" -mcpu=cortex-m4 -std=gnu11 -g3 -DDEBUG -DUSE_HAL_DRIVER -DSTM32F411xE -c -I../Core/Inc -I../Drivers/STM32F4xx_HAL_Driver/Inc -I../Drivers/STM32F4xx_HAL_Driver/Inc/Legacy -I../Drivers/CMSIS/Device/ST/STM32F4xx/Include -I../Drivers/CMSIS/Include -I../USB_DEVICE/App -I../USB_DEVICE/Target -I../Middlewares/ST/STM32_USB_Device_Library/Core/Inc -I../Middlewares/ST/STM32_USB_Device_Library/Class/HID/Inc -O0 -ffunction-sections -fdata-sections -Wall -fstack-usage -fcyclomatic-complexity -MMD -MP -MF"Drivers/STM32F4xx_HAL_Driver/Src/stm32f4xx_hal_cortex.d" -MT"Drivers/STM32F4xx_HAL_Driver/Src/stm32f4xx_hal_cortex.o" --specs=nano.specs -mfpu=fpv4-sp-d16 -mfloat-abi=hard -mthumb -o "Drivers/STM32F4xx_HAL_Driver/Src/stm32f4xx_hal_cortex.o"
arm-none-eabi-gcc "../Drivers/STM32F4xx_HAL_Driver/Src/stm32f4xx_hal_dma.c" -mcpu=cortex-m4 -std=gnu11 -g3 -DDEBUG -DUSE_HAL_DRIVER -DSTM32F411xE -c -I../Core/Inc -I../Drivers/STM32F4xx_HAL_Driver/Inc -I../Drivers/STM32F4xx_HAL_Driver/Inc/Legacy -I../Drivers/CMSIS/Device/ST/STM32F4xx/Include -I../Drivers/CMSIS/Include -I../USB_DEVICE/App -I../USB_DEVICE/Target -I../Middlewares/ST/STM32_USB_Device_Library/Core/Inc -I../Middlewares/ST/STM32_USB_Device_Library/Class/HID/Inc -O0 -ffunction-sections -fdata-sections -Wall -fstack-usage -fcyclomatic-complexity -MMD -MP -MF"Drivers/STM32F4xx_HAL_Driver/Src/stm32f4xx_hal_dma.d" -MT"Drivers/STM32F4xx_HAL_Driver/Src/stm32f4xx_hal_dma.o" --specs=nano.specs -mfpu=fpv4-sp-d16 -mfloat-abi=hard -mthumb -o "Drivers/STM32F4xx_HAL_Driver/Src/stm32f4xx_hal_dma.o"
arm-none-eabi-gcc "../Drivers/STM32F4xx_HAL_Driver/Src/stm32f4xx_hal_dma_ex.c" -mcpu=cortex-m4 -std=gnu11 -g3 -DDEBUG -DUSE_HAL_DRIVER -DSTM32F411xE -c -I../Core/Inc -I../Drivers/STM32F4xx_HAL_Driver/Inc -I../Drivers/STM32F4xx_HAL_Driver/Inc/Legacy -I../Drivers/CMSIS/Device/ST/STM32F4xx/Include -I../Drivers/CMSIS/Include -I../USB_DEVICE/App -I../USB_DEVICE/Target -I../Middlewares/ST/STM32_USB_Device_Library/Core/Inc -I../Middlewares/ST/STM32_USB_Device_Library/Class/HID/Inc -O0 -ffunction-sections -fdata-sections -Wall -fstack-usage -fcyclomatic-complexity -MMD -MP -MF"Drivers/STM32F4xx_HAL_Driver/Src/stm32f4xx_hal_dma_ex.d" -MT"Drivers/STM32F4xx_HAL_Driver/Src/stm32f4xx_hal_dma_ex.o" --specs=nano.specs -mfpu=fpv4-sp-d16 -mfloat-abi=hard -mthumb -o "Drivers/STM32F4xx_HAL_Driver/Src/stm32f4xx_hal_dma_ex.o"
arm-none-eabi-gcc "../Drivers/STM32F4xx_HAL_Driver/Src/stm32f4xx_hal_exti.c" -mcpu=cortex-m4 -std=gnu11 -g3 -DDEBUG -DUSE_HAL_DRIVER -DSTM32F411xE -c -I../Core/Inc -I../Drivers/STM32F4xx_HAL_Driver/Inc -I../Drivers/STM32F4xx_HAL_Driver/Inc/Legacy -I../Drivers/CMSIS/Device/ST/STM32F4xx/Include -I../Drivers/CMSIS/Include -I../USB_DEVICE/App -I../USB_DEVICE/Target -I../Middlewares/ST/STM32_USB_Device_Library/Core/Inc -I../Middlewares/ST/STM32_USB_Device_Library/Class/HID/Inc -O0 -ffunction-sections -fdata-sections -Wall -fstack-usage -fcyclomatic-complexity -MMD -MP -MF"Drivers/STM32F4xx_HAL_Driver/Src/stm32f4xx_hal_exti.d" -MT"Drivers/STM32F4xx_HAL_Driver/Src/stm32f4xx_hal_exti.o" --specs=nano.specs -mfpu=fpv4-sp-d16 -mfloat-abi=hard -mthumb -o "Drivers/STM32F4xx_HAL_Driver/Src/stm32f4xx_hal_exti.o"
arm-none-eabi-gcc "../Drivers/STM32F4xx_HAL_Driver/Src/stm32f4xx_hal_flash.c" -mcpu=cortex-m4 -std=gnu11 -g3 -DDEBUG -DUSE_HAL_DRIVER -DSTM32F411xE -c -I../Core/Inc -I../Drivers/STM32F4xx_HAL_Driver/Inc -I../Drivers/STM32F4xx_HAL_Driver/Inc/Legacy -I../Drivers/CMSIS/Device/ST/STM32F4xx/Include -I../Drivers/CMSIS/Include -I../USB_DEVICE/App -I../USB_DEVICE/Target -I../Middlewares/ST/STM32_USB_Device_Library/Core/Inc -I../Middlewares/ST/STM32_USB_Device_Library/Class/HID/Inc -O0 -ffunction-sections -fdata-sections -Wall -fstack-usage -fcyclomatic-complexity -MMD -MP -MF"Drivers/STM32F4xx_HAL_Driver/Src/stm32f4xx_hal_flash.d" -MT"Drivers/STM32F4xx_HAL_Driver/Src/stm32f4xx_hal_flash.o" --specs=nano.specs -mfpu=fpv4-sp-d16 -mfloat-abi=hard -mthumb -o "Drivers/STM32F4xx_HAL_Driver/Src/stm32f4xx_hal_flash.o"
arm-none-eabi-gcc "../Drivers/STM32F4xx_HAL_Driver/Src/stm32f4xx_hal_flash_ex.c" -mcpu=cortex-m4 -std=gnu11 -g3 -DDEBUG -DUSE_HAL_DRIVER -DSTM32F411xE -c -I../Core/Inc -I../Drivers/STM32F4xx_HAL_Driver/Inc -I../Drivers/STM32F4xx_HAL_Driver/Inc/Legacy -I../Drivers/CMSIS/Device/ST/STM32F4xx/Include -I../Drivers/CMSIS/Include -I../USB_DEVICE/App -I../USB_DEVICE/Target -I../Middlewares/ST/STM32_USB_Device_Library/Core/Inc -I../Middlewares/ST/STM32_USB_Device_Library/Class/HID/Inc -O0 -ffunction-sections -fdata-sections -Wall -fstack-usage -fcyclomatic-complexity -MMD -MP -MF"Drivers/STM32F4xx_HAL_Driver/Src/stm32f4xx_hal_flash_ex.d" -MT"Drivers/STM32F4xx_HAL_Driver/Src/stm32f4xx_hal_flash_ex.o" --specs=nano.specs -mfpu=fpv4-sp-d16 -mfloat-abi=hard -mthumb -o "Drivers/STM32F4xx_HAL_Driver/Src/stm32f4xx_hal_flash_ex.o"
arm-none-eabi-gcc "../Drivers/STM32F4xx_HAL_Driver/Src/stm32f4xx_hal_flash_ramfunc.c" -mcpu=cortex-m4 -std=gnu11 -g3 -DDEBUG -DUSE_HAL_DRIVER -DSTM32F411xE -c -I../Core/Inc -I../Drivers/STM32F4xx_HAL_Driver/Inc -I../Drivers/STM32F4xx_HAL_Driver/Inc/Legacy -I../Drivers/CMSIS/Device/ST/STM32F4xx/Include -I../Drivers/CMSIS/Include -I../USB_DEVICE/App -I../USB_DEVICE/Target -I../Middlewares/ST/STM32_USB_Device_Library/Core/Inc -I../Middlewares/ST/STM32_USB_Device_Library/Class/HID/Inc -O0 -ffunction-sections -fdata-sections -Wall -fstack-usage -fcyclomatic-complexity -MMD -MP -MF"Drivers/STM32F4xx_HAL_Driver/Src/stm32f4xx_hal_flash_ramfunc.d" -MT"Drivers/STM32F4xx_HAL_Driver/Src/stm32f4xx_hal_flash_ramfunc.o" --specs=nano.specs -mfpu=fpv4-sp-d16 -mfloat-abi=hard -mthumb -o "Drivers/STM32F4xx_HAL_Driver/Src/stm32f4xx_hal_flash_ramfunc.o"
arm-none-eabi-gcc "../Drivers/STM32F4xx_HAL_Driver/Src/stm32f4xx_hal_gpio.c" -mcpu=cortex-m4 -std=gnu11 -g3 -DDEBUG -DUSE_HAL_DRIVER -DSTM32F411xE -c -I../Core/Inc -I../Drivers/STM32F4xx_HAL_Driver/Inc -I../Drivers/STM32F4xx_HAL_Driver/Inc/Legacy -I../Drivers/CMSIS/Device/ST/STM32F4xx/Include -I../Drivers/CMSIS/Include -I../USB_DEVICE/App -I../USB_DEVICE/Target -I../Middlewares/ST/STM32_USB_Device_Library/Core/Inc -I../Middlewares/ST/STM32_USB_Device_Library/Class/HID/Inc -O0 -ffunction-sections -fdata-sections -Wall -fstack-usage -fcyclomatic-complexity -MMD -MP -MF"Drivers/STM32F4xx_HAL_Driver/Src/stm32f4xx_hal_gpio.d" -MT"Drivers/STM32F4xx_HAL_Driver/Src/stm32f4xx_hal_gpio.o" --specs=nano.specs -mfpu=fpv4-sp-d16 -mfloat-abi=hard -mthumb -o "Drivers/STM32F4xx_HAL_Driver/Src/stm32f4xx_hal_gpio.o"
arm-none-eabi-gcc "../Drivers/STM32F4xx_HAL_Driver/Src/stm32f4xx_hal_i2c.c" -mcpu=cortex-m4 -std=gnu11 -g3 -DDEBUG -DUSE_HAL_DRIVER -DSTM32F411xE -c -I../Core/Inc -I../Drivers/STM32F4xx_HAL_Driver/Inc -I../Drivers/STM32F4xx_HAL_Driver/Inc/Legacy -I../Drivers/CMSIS/Device/ST/STM32F4xx/Include -I../Drivers/CMSIS/Include -I../USB_DEVICE/App -I../USB_DEVICE/Target -I../Middlewares/ST/STM32_USB_Device_Library/Core/Inc -I../Middlewares/ST/STM32_USB_Device_Library/Class/HID/Inc -O0 -ffunction-sections -fdata-sections -Wall -fstack-usage -fcyclomatic-complexity -MMD -MP -MF"Drivers/STM32F4xx_HAL_Driver/Src/stm32f4xx_hal_i2c.d" -MT"Drivers/STM32F4xx_HAL_Driver/Src/stm32f4xx_hal_i2c.o" --specs=nano.specs -mfpu=fpv4-sp-d16 -mfloat-abi=hard -mthumb -o "Drivers/STM32F4xx_HAL_Driver/Src/stm32f4xx_hal_i2c.o"
arm-none-eabi-gcc "../Drivers/STM32F4xx_HAL_Driver/Src/stm32f4xx_hal_i2c_ex.c" -mcpu=cortex-m4 -std=gnu11 -g3 -DDEBUG -DUSE_HAL_DRIVER -DSTM32F411xE -c -I../Core/Inc -I../Drivers/STM32F4xx_HAL_Driver/Inc -I../Drivers/STM32F4xx_HAL_Driver/Inc/Legacy -I../Drivers/CMSIS/Device/ST/STM32F4xx/Include -I../Drivers/CMSIS/Include -I../USB_DEVICE/App -I../USB_DEVICE/Target -I../Middlewares/ST/STM32_USB_Device_Library/Core/Inc -I../Middlewares/ST/STM32_USB_Device_Library/Class/HID/Inc -O0 -ffunction-sections -fdata-sections -Wall -fstack-usage -fcyclomatic-complexity -MMD -MP -MF"Drivers/STM32F4xx_HAL_Driver/Src/stm32f4xx_hal_i2c_ex.d" -MT"Drivers/STM32F4xx_HAL_Driver/Src/stm32f4xx_hal_i2c_ex.o" --specs=nano.specs -mfpu=fpv4-sp-d16 -mfloat-abi=hard -mthumb -o "Drivers/STM32F4xx_HAL_Driver/Src/stm32f4xx_hal_i2c_ex.o"
arm-none-eabi-gcc "../Drivers/STM32F4xx_HAL_Driver/Src/stm32f4xx_hal_pcd.c" -mcpu=cortex-m4 -std=gnu11 -g3 -DDEBUG -DUSE_HAL_DRIVER -DSTM32F411xE -c -I../Core/Inc -I../Drivers/STM32F4xx_HAL_Driver/Inc -I../Drivers/STM32F4xx_HAL_Driver/Inc/Legacy -I../Drivers/CMSIS/Device/ST/STM32F4xx/Include -I../Drivers/CMSIS/Include -I../USB_DEVICE/App -I../USB_DEVICE/Target -I../Middlewares/ST/STM32_USB_Device_Library/Core/Inc -I../Middlewares/ST/STM32_USB_Device_Library/Class/HID/Inc -O0 -ffunction-sections -fdata-sections -Wall -fstack-usage -fcyclomatic-complexity -MMD -MP -MF"Drivers/STM32F4xx_HAL_Driver/Src/stm32f4xx_hal_pcd.d" -MT"Drivers/STM32F4xx_HAL_Driver/Src/stm32f4xx_hal_pcd.o" --specs=nano.specs -mfpu=fpv4-sp-d16 -mfloat-abi=hard -mthumb -o "Drivers/STM32F4xx_HAL_Driver/Src/stm32f4xx_hal_pcd.o"
arm-none-eabi-gcc "../Drivers/STM32F4xx_HAL_Driver/Src/stm32f4xx_hal_pcd_ex.c" -mcpu=cortex-m4 -std=gnu11 -g3 -DDEBUG -DUSE_HAL_DRIVER -DSTM32F411xE -c -I../Core/Inc -I../Drivers/STM32F4xx_HAL_Driver/Inc -I../Drivers/STM32F4xx_HAL_Driver/Inc/Legacy -I../Drivers/CMSIS/Device/ST/STM32F4xx/Include -I../Drivers/CMSIS/Include -I../USB_DEVICE/App -I../USB_DEVICE/Target -I../Middlewares/ST/STM32_USB_Device_Library/Core/Inc -I../Middlewares/ST/STM32_USB_Device_Library/Class/HID/Inc -O0 -ffunction-sections -fdata-sections -Wall -fstack-usage -fcyclomatic-complexity -MMD -MP -MF"Drivers/STM32F4xx_HAL_Driver/Src/stm32f4xx_hal_pcd_ex.d" -MT"Drivers/STM32F4xx_HAL_Driver/Src/stm32f4xx_hal_pcd_ex.o" --specs=nano.specs -mfpu=fpv4-sp-d16 -mfloat-abi=hard -mthumb -o "Drivers/STM32F4xx_HAL_Driver/Src/stm32f4xx_hal_pcd_ex.o"
arm-none-eabi-gcc "../Drivers/STM32F4xx_HAL_Driver/Src/stm32f4xx_hal_pwr.c" -mcpu=cortex-m4 -std=gnu11 -g3 -DDEBUG -DUSE_HAL_DRIVER -DSTM32F411xE -c -I../Core/Inc -I../Drivers/STM32F4xx_HAL_Driver/Inc -I../Drivers/STM32F4xx_HAL_Driver/Inc/Legacy -I../Drivers/CMSIS/Device/ST/STM32F4xx/Include -I../Drivers/CMSIS/Include -I../USB_DEVICE/App -I../USB_DEVICE/Target -I../Middlewares/ST/STM32_USB_Device_Library/Core/Inc -I../Middlewares/ST/STM32_USB_Device_Library/Class/HID/Inc -O0 -ffunction-sections -fdata-sections -Wall -fstack-usage -fcyclomatic-complexity -MMD -MP -MF"Drivers/STM32F4xx_HAL_Driver/Src/stm32f4xx_hal_pwr.d" -MT"Drivers/STM32F4xx_HAL_Driver/Src/stm32f4xx_hal_pwr.o" --specs=nano.specs -mfpu=fpv4-sp-d16 -mfloat-abi=hard -mthumb -o "Drivers/STM32F4xx_HAL_Driver/Src/stm32f4xx_hal_pwr.o"
arm-none-eabi-gcc "../Drivers/STM32F4xx_HAL_Driver/Src/stm32f4xx_hal_pwr_ex.c" -mcpu=cortex-m4 -std=gnu11 -g3 -DDEBUG -DUSE_HAL_DRIVER -DSTM32F411xE -c -I../Core/Inc -I../Drivers/STM32F4xx_HAL_Driver/Inc -I../Drivers/STM32F4xx_HAL_Driver/Inc/Legacy -I../Drivers/CMSIS/Device/ST/STM32F4xx/Include -I../Drivers/CMSIS/Include -I../USB_DEVICE/App -I../USB_DEVICE/Target -I../Middlewares/ST/STM32_USB_Device_Library/Core/Inc -I../Middlewares/ST/STM32_USB_Device_Library/Class/HID/Inc -O0 -ffunction-sections -fdata-sections -Wall -fstack-usage -fcyclomatic-complexity -MMD -MP -MF"Drivers/STM32F4xx_HAL_Driver/Src/stm32f4xx_hal_pwr_ex.d" -MT"Drivers/STM32F4xx_HAL_Driver/Src/stm32f4xx_hal_pwr_ex.o" --specs=nano.specs -mfpu=fpv4-sp-d16 -mfloat-abi=hard -mthumb -o "Drivers/STM32F4xx_HAL_Driver/Src/stm32f4xx_hal_pwr_ex.o"
arm-none-eabi-gcc "../Drivers/STM32F4xx_HAL_Driver/Src/stm32f4xx_hal_rcc.c" -mcpu=cortex-m4 -std=gnu11 -g3 -DDEBUG -DUSE_HAL_DRIVER -DSTM32F411xE -c -I../Core/Inc -I../Drivers/STM32F4xx_HAL_Driver/Inc -I../Drivers/STM32F4xx_HAL_Driver/Inc/Legacy -I../Drivers/CMSIS/Device/ST/STM32F4xx/Include -I../Drivers/CMSIS/Include -I../USB_DEVICE/App -I../USB_DEVICE/Target -I../Middlewares/ST/STM32_USB_Device_Library/Core/Inc -I../Middlewares/ST/STM32_USB_Device_Library/Class/HID/Inc -O0 -ffunction-sections -fdata-sections -Wall -fstack-usage -fcyclomatic-complexity -MMD -MP -MF"Drivers/STM32F4xx_HAL_Driver/Src/stm32f4xx_hal_rcc.d" -MT"Drivers/STM32F4xx_HAL_Driver/Src/stm32f4xx_hal_rcc.o" --specs=nano.specs -mfpu=fpv4-sp-d16 -mfloat-abi=hard -mthumb -o "Drivers/STM32F4xx_HAL_Driver/Src/stm32f4xx_hal_rcc.o"
arm-none-eabi-gcc "../Drivers/STM32F4xx_HAL_Driver/Src/stm32f4xx_hal_rcc_ex.c" -mcpu=cortex-m4 -std=gnu11 -g3 -DDEBUG -DUSE_HAL_DRIVER -DSTM32F411xE -c -I../Core/Inc -I../Drivers/STM32F4xx_HAL_Driver/Inc -I../Drivers/STM32F4xx_HAL_Driver/Inc/Legacy -I../Drivers/CMSIS/Device/ST/STM32F4xx/Include -I../Drivers/CMSIS/Include -I../USB_DEVICE/App -I../USB_DEVICE/Target -I../Middlewares/ST/STM32_USB_Device_Library/Core/Inc -I../Middlewares/ST/STM32_USB_Device_Library/Class/HID/Inc -O0 -ffunction-sections -fdata-sections -Wall -fstack-usage -fcyclomatic-complexity -MMD -MP -MF"Drivers/STM32F4xx_HAL_Driver/Src/stm32f4xx_hal_rcc_ex.d" -MT"Drivers/STM32F4xx_HAL_Driver/Src/stm32f4xx_hal_rcc_ex.o" --specs=nano.specs -mfpu=fpv4-sp-d16 -mfloat-abi=hard -mthumb -o "Drivers/STM32F4xx_HAL_Driver/Src/stm32f4xx_hal_rcc_ex.o"
arm-none-eabi-gcc "../Drivers/STM32F4xx_HAL_Driver/Src/stm32f4xx_hal_tim.c" -mcpu=cortex-m4 -std=gnu11 -g3 -DDEBUG -DUSE_HAL_DRIVER -DSTM32F411xE -c -I../Core/Inc -I../Drivers/STM32F4xx_HAL_Driver/Inc -I../Drivers/STM32F4xx_HAL_Driver/Inc/Legacy -I../Drivers/CMSIS/Device/ST/STM32F4xx/Include -I../Drivers/CMSIS/Include -I../USB_DEVICE/App -I../USB_DEVICE/Target -I../Middlewares/ST/STM32_USB_Device_Library/Core/Inc -I../Middlewares/ST/STM32_USB_Device_Library/Class/HID/Inc -O0 -ffunction-sections -fdata-sections -Wall -fstack-usage -fcyclomatic-complexity -MMD -MP -MF"Drivers/STM32F4xx_HAL_Driver/Src/stm32f4xx_hal_tim.d" -MT"Drivers/STM32F4xx_HAL_Driver/Src/stm32f4xx_hal_tim.o" --specs=nano.specs -mfpu=fpv4-sp-d16 -mfloat-abi=hard -mthumb -o "Drivers/STM32F4xx_HAL_Driver/Src/stm32f4xx_hal_tim.o"
arm-none-eabi-gcc "../Drivers/STM32F4xx_HAL_Driver/Src/stm32f4xx_hal_tim_ex.c" -mcpu=cortex-m4 -std=gnu11 -g3 -DDEBUG -DUSE_HAL_DRIVER -DSTM32F411xE -c -I../Core/Inc -I../Drivers/STM32F4xx_HAL_Driver/Inc -I../Drivers/STM32F4xx_HAL_Driver/Inc/Legacy -I../Drivers/CMSIS/Device/ST/STM32F4xx/Include -I../Drivers/CMSIS/Include -I../USB_DEVICE/App -I../USB_DEVICE/Target -I../Middlewares/ST/STM32_USB_Device_Library/Core/Inc -I../Middlewares/ST/STM32_USB_Device_Library/Class/HID/Inc -O0 -ffunction-sections -fdata-sections -Wall -fstack-usage -fcyclomatic-complexity -MMD -MP -MF"Drivers/STM32F4xx_HAL_Driver/Src/stm32f4xx_hal_tim_ex.d" -MT"Drivers/STM32F4xx_HAL_Driver/Src/stm32f4xx_hal_tim_ex.o" --specs=nano.specs -mfpu=fpv4-sp-d16 -mfloat-abi=hard -mthumb -o "Drivers/STM32F4xx_HAL_Driver/Src/stm32f4xx_hal_tim_ex.o"
arm-none-eabi-gcc "../Drivers/STM32F4xx_HAL_Driver/Src/stm32f4xx_ll_adc.c" -mcpu=cortex-m4 -std=gnu11 -g3 -DDEBUG -DUSE_HAL_DRIVER -DSTM32F411xE -c -I../Core/Inc -I../Drivers/STM32F4xx_HAL_Driver/Inc -I../Drivers/STM32F4xx_HAL_Driver/Inc/Legacy -I../Drivers/CMSIS/Device/ST/STM32F4xx/Include -I../Drivers/CMSIS/Include -I../USB_DEVICE/App -I../USB_DEVICE/Target -I../Middlewares/ST/STM32_USB_Device_Library/Core/Inc -I../Middlewares/ST/STM32_USB_Device_Library/Class/HID/Inc -O0 -ffunction-sections -fdata-sections -Wall -fstack-usage -fcyclomatic-complexity -MMD -MP -MF"Drivers/STM32F4xx_HAL_Driver/Src/stm32f4xx_ll_adc.d" -MT"Drivers/STM32F4xx_HAL_Driver/Src/stm32f4xx_ll_adc.o" --specs=nano.specs -mfpu=fpv4-sp-d16 -mfloat-abi=hard -mthumb -o "Drivers/STM32F4xx_HAL_Driver/Src/stm32f4xx_ll_adc.o"
arm-none-eabi-gcc "../Drivers/STM32F4xx_HAL_Driver/Src/stm32f4xx_ll_usb.c" -mcpu=cortex-m4 -std=gnu11 -g3 -DDEBUG -DUSE_HAL_DRIVER -DSTM32F411xE -c -I../Core/Inc -I../Drivers/STM32F4xx_HAL_Driver/Inc -I../Drivers/STM32F4xx_HAL_Driver/Inc/Legacy -I../Drivers/CMSIS/Device/ST/STM32F4xx/Include -I../Drivers/CMSIS/Include -I../USB_DEVICE/App -I../USB_DEVICE/Target -I../Middlewares/ST/STM32_USB_Device_Library/Core/Inc -I../Middlewares/ST/STM32_USB_Device_Library/Class/HID/Inc -O0 -ffunction-sections -fdata-sections -Wall -fstack-usage -fcyclomatic-complexity -MMD -MP -MF"Drivers/STM32F4xx_HAL_Driver/Src/stm32f4xx_ll_usb.d" -MT"Drivers/STM32F4xx_HAL_Driver/Src/stm32f4xx_ll_usb.o" --specs=nano.specs -mfpu=fpv4-sp-d16 -mfloat-abi=hard -mthumb -o "Drivers/STM32F4xx_HAL_Driver/Src/stm32f4xx_ll_usb.o"
arm-none-eabi-gcc -mcpu=cortex-m4 -g3 -DDEBUG -c -x assembler-with-cpp -MMD -MP -MF"Core/Startup/startup_stm32f411ceux.d" -MT"Core/Startup/startup_stm32f411ceux.o" --specs=nano.specs -mfpu=fpv4-sp-d16 -mfloat-abi=hard -mthumb -o "Core/Startup/startup_stm32f411ceux.o" "../Core/Startup/startup_stm32f411ceux.s"
arm-none-eabi-gcc "../Core/Src/ARGB.c" -mcpu=cortex-m4 -std=gnu11 -g3 -DDEBUG -DUSE_HAL_DRIVER -DSTM32F411xE -c -I../Core/Inc -I../Drivers/STM32F4xx_HAL_Driver/Inc -I../Drivers/STM32F4xx_HAL_Driver/Inc/Legacy -I../Drivers/CMSIS/Device/ST/STM32F4xx/Include -I../Drivers/CMSIS/Include -I../USB_DEVICE/App -I../USB_DEVICE/Target -I../Middlewares/ST/STM32_USB_Device_Library/Core/Inc -I../Middlewares/ST/STM32_USB_Device_Library/Class/HID/Inc -O0 -ffunction-sections -fdata-sections -Wall -fstack-usage -fcyclomatic-complexity -MMD -MP -MF"Core/Src/ARGB.d" -MT"Core/Src/ARGB.o" --specs=nano.specs -mfpu=fpv4-sp-d16 -mfloat-abi=hard -mthumb -o "Core/Src/ARGB.o"
arm-none-eabi-gcc "../Core/Src/MicroMenu.c" -mcpu=cortex-m4 -std=gnu11 -g3 -DDEBUG -DUSE_HAL_DRIVER -DSTM32F411xE -c -I../Core/Inc -I../Drivers/STM32F4xx_HAL_Driver/Inc -I../Drivers/STM32F4xx_HAL_Driver/Inc/Legacy -I../Drivers/CMSIS/Device/ST/STM32F4xx/Include -I../Drivers/CMSIS/Include -I../USB_DEVICE/App -I../USB_DEVICE/Target -I../Middlewares/ST/STM32_USB_Device_Library/Core/Inc -I../Middlewares/ST/STM32_USB_Device_Library/Class/HID/Inc -O0 -ffunction-sections -fdata-sections -Wall -fstack-usage -fcyclomatic-complexity -MMD -MP -MF"Core/Src/MicroMenu.d" -MT"Core/Src/MicroMenu.o" --specs=nano.specs -mfpu=fpv4-sp-d16 -mfloat-abi=hard -mthumb -o "Core/Src/MicroMenu.o"
arm-none-eabi-gcc "../Core/Src/fonts.c" -mcpu=cortex-m4 -std=gnu11 -g3 -DDEBUG -DUSE_HAL_DRIVER -DSTM32F411xE -c -I../Core/Inc -I../Drivers/STM32F4xx_HAL_Driver/Inc -I../Drivers/STM32F4xx_HAL_Driver/Inc/Legacy -I../Drivers/CMSIS/Device/ST/STM32F4xx/Include -I../Drivers/CMSIS/Include -I../USB_DEVICE/App -I../USB_DEVICE/Target -I../Middlewares/ST/STM32_USB_Device_Library/Core/Inc -I../Middlewares/ST/STM32_USB_Device_Library/Class/HID/Inc -O0 -ffunction-sections -fdata-sections -Wall -fstack-usage -fcyclomatic-complexity -MMD -MP -MF"Core/Src/fonts.d" -MT"Core/Src/fonts.o" --specs=nano.specs -mfpu=fpv4-sp-d16 -mfloat-abi=hard -mthumb -o "Core/Src/fonts.o"
arm-none-eabi-gcc "../Core/Src/main.c" -mcpu=cortex-m4 -std=gnu11 -g3 -DDEBUG -DUSE_HAL_DRIVER -DSTM32F411xE -c -I../Core/Inc -I../Drivers/STM32F4xx_HAL_Driver/Inc -I../Drivers/STM32F4xx_HAL_Driver/Inc/Legacy -I../Drivers/CMSIS/Device/ST/STM32F4xx/Include -I../Drivers/CMSIS/Include -I../USB_DEVICE/App -I../USB_DEVICE/Target -I../Middlewares/ST/STM32_USB_Device_Library/Core/Inc -I../Middlewares/ST/STM32_USB_Device_Library/Class/HID/Inc -O0 -ffunction-sections -fdata-sections -Wall -fstack-usage -fcyclomatic-complexity -MMD -MP -MF"Core/Src/main.d" -MT"Core/Src/main.o" --specs=nano.specs -mfpu=fpv4-sp-d16 -mfloat-abi=hard -mthumb -o "Core/Src/main.o"
arm-none-eabi-gcc "../Core/Src/ssd1306.c" -mcpu=cortex-m4 -std=gnu11 -g3 -DDEBUG -DUSE_HAL_DRIVER -DSTM32F411xE -c -I../Core/Inc -I../Drivers/STM32F4xx_HAL_Driver/Inc -I../Drivers/STM32F4xx_HAL_Driver/Inc/Legacy -I../Drivers/CMSIS/Device/ST/STM32F4xx/Include -I../Drivers/CMSIS/Include -I../USB_DEVICE/App -I../USB_DEVICE/Target -I../Middlewares/ST/STM32_USB_Device_Library/Core/Inc -I../Middlewares/ST/STM32_USB_Device_Library/Class/HID/Inc -O0 -ffunction-sections -fdata-sections -Wall -fstack-usage -fcyclomatic-complexity -MMD -MP -MF"Core/Src/ssd1306.d" -MT"Core/Src/ssd1306.o" --specs=nano.specs -mfpu=fpv4-sp-d16 -mfloat-abi=hard -mthumb -o "Core/Src/ssd1306.o"
arm-none-eabi-gcc "../Core/Src/stm32f4xx_hal_msp.c" -mcpu=cortex-m4 -std=gnu11 -g3 -DDEBUG -DUSE_HAL_DRIVER -DSTM32F411xE -c -I../Core/Inc -I../Drivers/STM32F4xx_HAL_Driver/Inc -I../Drivers/STM32F4xx_HAL_Driver/Inc/Legacy -I../Drivers/CMSIS/Device/ST/STM32F4xx/Include -I../Drivers/CMSIS/Include -I../USB_DEVICE/App -I../USB_DEVICE/Target -I../Middlewares/ST/STM32_USB_Device_Library/Core/Inc -I../Middlewares/ST/STM32_USB_Device_Library/Class/HID/Inc -O0 -ffunction-sections -fdata-sections -Wall -fstack-usage -fcyclomatic-complexity -MMD -MP -MF"Core/Src/stm32f4xx_hal_msp.d" -MT"Core/Src/stm32f4xx_hal_msp.o" --specs=nano.specs -mfpu=fpv4-sp-d16 -mfloat-abi=hard -mthumb -o "Core/Src/stm32f4xx_hal_msp.o"
../Core/Src/main.c: In function 'main':
../Core/Src/main.c:575:9: warning: implicit declaration of function 'USBD_HID_SendReport' [-Wimplicit-function-declaration]
  575 |         USBD_HID_SendReport(&hUsbDeviceFS, &keycodes, 9);                                                       // Send keys report
      |         ^~~~~~~~~~~~~~~~~~~
../Core/Src/main.c:651:41: warning: pointer targets in passing argument 1 of 'sprintf' differ in signedness [-Wpointer-sign]
  651 |                                 sprintf(DisplayText, "%d", Red);
      |                                         ^~~~~~~~~~~
      |                                         |
      |                                         uint8_t * {aka unsigned char *}
In file included from ../USB_DEVICE/Target/usbd_conf.h:30,
                 from ../Middlewares/ST/STM32_USB_Device_Library/Core/Inc/usbd_def.h:28,
                 from ../USB_DEVICE/App/usb_device.h:32,
                 from ../Core/Src/main.c:36:
/opt/st/stm32cubeide_1.15.1/plugins/com.st.stm32cube.ide.mcu.externaltools.gnu-tools-for-stm32.12.3.rel1.linux64_1.0.100.202403111256/tools/arm-none-eabi/include/stdio.h:250:18: note: expected 'char * restrict' but argument is of type 'uint8_t *' {aka 'unsigned char *'}
  250 | int     sprintf (char *__restrict, const char *__restrict, ...)
      |                  ^
../Core/Src/main.c:653:46: warning: pointer targets in passing argument 1 of 'SSD1306_Puts' differ in signedness [-Wpointer-sign]
  653 |                                 SSD1306_Puts(DisplayText, &Font_7x10, SSD1306_COLOR_WHITE);
      |                                              ^~~~~~~~~~~
      |                                              |
      |                                              uint8_t * {aka unsigned char *}
In file included from ../Core/Src/main.c:40:
../Core/Inc/ssd1306.h:134:25: note: expected 'char *' but argument is of type 'uint8_t *' {aka 'unsigned char *'}
  134 | char SSD1306_Puts(char* str, FontDef_t* Font, SSD1306_COLOR_t color);
      |                   ~~~~~~^~~
../Core/Src/main.c:657:41: warning: pointer targets in passing argument 1 of 'sprintf' differ in signedness [-Wpointer-sign]
  657 |                                 sprintf(DisplayText, "%d", Green);
      |                                         ^~~~~~~~~~~
      |                                         |
      |                                         uint8_t * {aka unsigned char *}
/opt/st/stm32cubeide_1.15.1/plugins/com.st.stm32cube.ide.mcu.externaltools.gnu-tools-for-stm32.12.3.rel1.linux64_1.0.100.202403111256/tools/arm-none-eabi/include/stdio.h:250:18: note: expected 'char * restrict' but argument is of type 'uint8_t *' {aka 'unsigned char *'}
  250 | int     sprintf (char *__restrict, const char *__restrict, ...)
      |                  ^
../Core/Src/main.c:659:46: warning: pointer targets in passing argument 1 of 'SSD1306_Puts' differ in signedness [-Wpointer-sign]
  659 |                                 SSD1306_Puts(DisplayText, &Font_7x10, SSD1306_COLOR_WHITE);
      |                                              ^~~~~~~~~~~
      |                                              |
      |                                              uint8_t * {aka unsigned char *}
../Core/Inc/ssd1306.h:134:25: note: expected 'char *' but argument is of type 'uint8_t *' {aka 'unsigned char *'}
  134 | char SSD1306_Puts(char* str, FontDef_t* Font, SSD1306_COLOR_t color);
      |                   ~~~~~~^~~
../Core/Src/main.c:663:41: warning: pointer targets in passing argument 1 of 'sprintf' differ in signedness [-Wpointer-sign]
  663 |                                 sprintf(DisplayText, "%d", Blue);
      |                                         ^~~~~~~~~~~
      |                                         |
      |                                         uint8_t * {aka unsigned char *}
/opt/st/stm32cubeide_1.15.1/plugins/com.st.stm32cube.ide.mcu.externaltools.gnu-tools-for-stm32.12.3.rel1.linux64_1.0.100.202403111256/tools/arm-none-eabi/include/stdio.h:250:18: note: expected 'char * restrict' but argument is of type 'uint8_t *' {aka 'unsigned char *'}
  250 | int     sprintf (char *__restrict, const char *__restrict, ...)
      |                  ^
../Core/Src/main.c:665:46: warning: pointer targets in passing argument 1 of 'SSD1306_Puts' differ in signedness [-Wpointer-sign]
  665 |                                 SSD1306_Puts(DisplayText, &Font_7x10, SSD1306_COLOR_WHITE);
      |                                              ^~~~~~~~~~~
      |                                              |
      |                                              uint8_t * {aka unsigned char *}
../Core/Inc/ssd1306.h:134:25: note: expected 'char *' but argument is of type 'uint8_t *' {aka 'unsigned char *'}
  134 | char SSD1306_Puts(char* str, FontDef_t* Font, SSD1306_COLOR_t color);
      |                   ~~~~~~^~~
../Core/Src/main.c:669:41: warning: pointer targets in passing argument 1 of 'sprintf' differ in signedness [-Wpointer-sign]
  669 |                                 sprintf(DisplayText, "%d", LedBrightness);
      |                                         ^~~~~~~~~~~
      |                                         |
      |                                         uint8_t * {aka unsigned char *}
/opt/st/stm32cubeide_1.15.1/plugins/com.st.stm32cube.ide.mcu.externaltools.gnu-tools-for-stm32.12.3.rel1.linux64_1.0.100.202403111256/tools/arm-none-eabi/include/stdio.h:250:18: note: expected 'char * restrict' but argument is of type 'uint8_t *' {aka 'unsigned char *'}
  250 | int     sprintf (char *__restrict, const char *__restrict, ...)
      |                  ^
../Core/Src/main.c:671:46: warning: pointer targets in passing argument 1 of 'SSD1306_Puts' differ in signedness [-Wpointer-sign]
  671 |                                 SSD1306_Puts(DisplayText, &Font_7x10, SSD1306_COLOR_WHITE);
      |                                              ^~~~~~~~~~~
      |                                              |
      |                                              uint8_t * {aka unsigned char *}
../Core/Inc/ssd1306.h:134:25: note: expected 'char *' but argument is of type 'uint8_t *' {aka 'unsigned char *'}
  134 | char SSD1306_Puts(char* str, FontDef_t* Font, SSD1306_COLOR_t color);
      |                   ~~~~~~^~~
../Core/Src/main.c:689:49: warning: pointer targets in passing argument 1 of 'sprintf' differ in signedness [-Wpointer-sign]
  689 |                                         sprintf(DisplayText, "%d", Red);
      |                                                 ^~~~~~~~~~~
      |                                                 |
      |                                                 uint8_t * {aka unsigned char *}
/opt/st/stm32cubeide_1.15.1/plugins/com.st.stm32cube.ide.mcu.externaltools.gnu-tools-for-stm32.12.3.rel1.linux64_1.0.100.202403111256/tools/arm-none-eabi/include/stdio.h:250:18: note: expected 'char * restrict' but argument is of type 'uint8_t *' {aka 'unsigned char *'}
arm-none-eabi-gcc "../Core/Src/stm32f4xx_it.c" -mcpu=cortex-m4 -std=gnu11 -g3 -DDEBUG -DUSE_HAL_DRIVER -DSTM32F411xE -c -I../Core/Inc -I../Drivers/STM32F4xx_HAL_Driver/Inc -I../Drivers/STM32F4xx_HAL_Driver/Inc/Legacy -I../Drivers/CMSIS/Device/ST/STM32F4xx/Include -I../Drivers/CMSIS/Include -I../USB_DEVICE/App -I../USB_DEVICE/Target -I../Middlewares/ST/STM32_USB_Device_Library/Core/Inc -I../Middlewares/ST/STM32_USB_Device_Library/Class/HID/Inc -O0 -ffunction-sections -fdata-sections -Wall -fstack-usage -fcyclomatic-complexity -MMD -MP -MF"Core/Src/stm32f4xx_it.d" -MT"Core/Src/stm32f4xx_it.o" --specs=nano.specs -mfpu=fpv4-sp-d16 -mfloat-abi=hard -mthumb -o "Core/Src/stm32f4xx_it.o"
  250 | int     sprintf (char *__restrict, const char *__restrict, ...)
      |                  ^
../Core/Src/main.c:691:54: warning: pointer targets in passing argument 1 of 'SSD1306_Puts' differ in signedness [-Wpointer-sign]
  691 |                                         SSD1306_Puts(DisplayText, &Font_7x10, SSD1306_COLOR_BLACK);
      |                                                      ^~~~~~~~~~~
      |                                                      |
      |                                                      uint8_t * {aka unsigned char *}
../Core/Inc/ssd1306.h:134:25: note: expected 'char *' but argument is of type 'uint8_t *' {aka 'unsigned char *'}
  134 | char SSD1306_Puts(char* str, FontDef_t* Font, SSD1306_COLOR_t color);
      |                   ~~~~~~^~~
../Core/Src/main.c:694:41: warning: this 'while' clause does not guard... [-Wmisleading-indentation]
  694 |                                         while(HAL_GPIO_ReadPin(GPIOA, GPIO_PIN_8) == GPIO_PIN_RESET);
      |                                         ^~~~~
../Core/Src/main.c:695:49: note: ...this statement, but the latter is misleadingly indented as if it were guarded by the 'while'
  695 |                                                 RedMenu = 1;
      |                                                 ^~~~~~~
../Core/Src/main.c:711:57: warning: pointer targets in passing argument 1 of 'sprintf' differ in signedness [-Wpointer-sign]
  711 |                                                 sprintf(DisplayText, "%d", Green);
      |                                                         ^~~~~~~~~~~
      |                                                         |
      |                                                         uint8_t * {aka unsigned char *}
/opt/st/stm32cubeide_1.15.1/plugins/com.st.stm32cube.ide.mcu.externaltools.gnu-tools-for-stm32.12.3.rel1.linux64_1.0.100.202403111256/tools/arm-none-eabi/include/stdio.h:250:18: note: expected 'char * restrict' but argument is of type 'uint8_t *' {aka 'unsigned char *'}
arm-none-eabi-gcc "../Core/Src/syscalls.c" -mcpu=cortex-m4 -std=gnu11 -g3 -DDEBUG -DUSE_HAL_DRIVER -DSTM32F411xE -c -I../Core/Inc -I../Drivers/STM32F4xx_HAL_Driver/Inc -I../Drivers/STM32F4xx_HAL_Driver/Inc/Legacy -I../Drivers/CMSIS/Device/ST/STM32F4xx/Include -I../Drivers/CMSIS/Include -I../USB_DEVICE/App -I../USB_DEVICE/Target -I../Middlewares/ST/STM32_USB_Device_Library/Core/Inc -I../Middlewares/ST/STM32_USB_Device_Library/Class/HID/Inc -O0 -ffunction-sections -fdata-sections -Wall -fstack-usage -fcyclomatic-complexity -MMD -MP -MF"Core/Src/syscalls.d" -MT"Core/Src/syscalls.o" --specs=nano.specs -mfpu=fpv4-sp-d16 -mfloat-abi=hard -mthumb -o "Core/Src/syscalls.o"
  250 | int     sprintf (char *__restrict, const char *__restrict, ...)
      |                  ^
../Core/Src/main.c:713:62: warning: pointer targets in passing argument 1 of 'SSD1306_Puts' differ in signedness [-Wpointer-sign]
  713 |                                                 SSD1306_Puts(DisplayText, &Font_7x10, SSD1306_COLOR_BLACK);
      |                                                              ^~~~~~~~~~~
      |                                                              |
      |                                                              uint8_t * {aka unsigned char *}
../Core/Inc/ssd1306.h:134:25: note: expected 'char *' but argument is of type 'uint8_t *' {aka 'unsigned char *'}
  134 | char SSD1306_Puts(char* str, FontDef_t* Font, SSD1306_COLOR_t color);
      |                   ~~~~~~^~~
../Core/Src/main.c:735:57: warning: pointer targets in passing argument 1 of 'sprintf' differ in signedness [-Wpointer-sign]
  735 |                                                 sprintf(DisplayText, "%d", Blue);
      |                                                         ^~~~~~~~~~~
      |                                                         |
      |                                                         uint8_t * {aka unsigned char *}
/opt/st/stm32cubeide_1.15.1/plugins/com.st.stm32cube.ide.mcu.externaltools.gnu-tools-for-stm32.12.3.rel1.linux64_1.0.100.202403111256/tools/arm-none-eabi/include/stdio.h:250:18: note: expected 'char * restrict' but argument is of type 'uint8_t *' {aka 'unsigned char *'}
  250 | int     sprintf (char *__restrict, const char *__restrict, ...)
      |                  ^
../Core/Src/main.c:737:62: warning: pointer targets in passing argument 1 of 'SSD1306_Puts' differ in signedness [-Wpointer-sign]
  737 |                                                 SSD1306_Puts(DisplayText, &Font_7x10, SSD1306_COLOR_BLACK);
      |                                                              ^~~~~~~~~~~
      |                                                              |
      |                                                              uint8_t * {aka unsigned char *}
../Core/Inc/ssd1306.h:134:25: note: expected 'char *' but argument is of type 'uint8_t *' {aka 'unsigned char *'}
  134 | char SSD1306_Puts(char* str, FontDef_t* Font, SSD1306_COLOR_t color);
      |                   ~~~~~~^~~
../Core/Src/main.c:758:57: warning: pointer targets in passing argument 1 of 'sprintf' differ in signedness [-Wpointer-sign]
  758 |                                                 sprintf(DisplayText, "%d", LedBrightness);
      |                                                         ^~~~~~~~~~~
      |                                                         |
      |                                                         uint8_t * {aka unsigned char *}
/opt/st/stm32cubeide_1.15.1/plugins/com.st.stm32cube.ide.mcu.externaltools.gnu-tools-for-stm32.12.3.rel1.linux64_1.0.100.202403111256/tools/arm-none-eabi/include/stdio.h:250:18: note: expected 'char * restrict' but argument is of type 'uint8_t *' {aka 'unsigned char *'}
  250 | int     sprintf (char *__restrict, const char *__restrict, ...)
      |                  ^
../Core/Src/main.c:760:62: warning: pointer targets in passing argument 1 of 'SSD1306_Puts' differ in signedness [-Wpointer-sign]
  760 |                                                 SSD1306_Puts(DisplayText, &Font_7x10, SSD1306_COLOR_BLACK);
      |                                                              ^~~~~~~~~~~
      |                                                              |
      |                                                              uint8_t * {aka unsigned char *}
../Core/Inc/ssd1306.h:134:25: note: expected 'char *' but argument is of type 'uint8_t *' {aka 'unsigned char *'}
  134 | char SSD1306_Puts(char* str, FontDef_t* Font, SSD1306_COLOR_t color);
      |                   ~~~~~~^~~
../Core/Src/main.c:833:36: warning: implicit declaration of function 'USBD_HID_GetData' [-Wimplicit-function-declaration]
  833 |                 uint8_t *getData = USBD_HID_GetData();
      |                                    ^~~~~~~~~~~~~~~~
../Core/Src/main.c:833:36: warning: initialization of 'uint8_t *' {aka 'unsigned char *'} from 'int' makes pointer from integer without a cast [-Wint-conversion]
../Core/Src/main.c:877:19: warning: implicit declaration of function 'USBD_HID_GetPollingInterval' [-Wimplicit-function-declaration]
  877 |         HAL_Delay(USBD_HID_GetPollingInterval());                                                                       // Wait some interval to avoid reports overlapping
      |                   ^~~~~~~~~~~~~~~~~~~~~~~~~~~
../Core/Src/main.c: In function 'MX_ADC1_Init':
../Core/Src/main.c:963:26: warning: unused variable 'sConfig' [-Wunused-variable]
  963 |   ADC_ChannelConfTypeDef sConfig = {0};
      |                          ^~~~~~~
arm-none-eabi-gcc "../Core/Src/sysmem.c" -mcpu=cortex-m4 -std=gnu11 -g3 -DDEBUG -DUSE_HAL_DRIVER -DSTM32F411xE -c -I../Core/Inc -I../Drivers/STM32F4xx_HAL_Driver/Inc -I../Drivers/STM32F4xx_HAL_Driver/Inc/Legacy -I../Drivers/CMSIS/Device/ST/STM32F4xx/Include -I../Drivers/CMSIS/Include -I../USB_DEVICE/App -I../USB_DEVICE/Target -I../Middlewares/ST/STM32_USB_Device_Library/Core/Inc -I../Middlewares/ST/STM32_USB_Device_Library/Class/HID/Inc -O0 -ffunction-sections -fdata-sections -Wall -fstack-usage -fcyclomatic-complexity -MMD -MP -MF"Core/Src/sysmem.d" -MT"Core/Src/sysmem.o" --specs=nano.specs -mfpu=fpv4-sp-d16 -mfloat-abi=hard -mthumb -o "Core/Src/sysmem.o"
arm-none-eabi-gcc "../Core/Src/system_stm32f4xx.c" -mcpu=cortex-m4 -std=gnu11 -g3 -DDEBUG -DUSE_HAL_DRIVER -DSTM32F411xE -c -I../Core/Inc -I../Drivers/STM32F4xx_HAL_Driver/Inc -I../Drivers/STM32F4xx_HAL_Driver/Inc/Legacy -I../Drivers/CMSIS/Device/ST/STM32F4xx/Include -I../Drivers/CMSIS/Include -I../USB_DEVICE/App -I../USB_DEVICE/Target -I../Middlewares/ST/STM32_USB_Device_Library/Core/Inc -I../Middlewares/ST/STM32_USB_Device_Library/Class/HID/Inc -O0 -ffunction-sections -fdata-sections -Wall -fstack-usage -fcyclomatic-complexity -MMD -MP -MF"Core/Src/system_stm32f4xx.d" -MT"Core/Src/system_stm32f4xx.o" --specs=nano.specs -mfpu=fpv4-sp-d16 -mfloat-abi=hard -mthumb -o "Core/Src/system_stm32f4xx.o"
arm-none-eabi-gcc -o "KBRD.elf" @"objects.list"   -mcpu=cortex-m4 -T"/home/vrch/Astrolate-Starling/KBRD/STM32F411CEUX_FLASH.ld" --specs=nosys.specs -Wl,-Map="KBRD.map" -Wl,--gc-sections -static --specs=nano.specs -mfpu=fpv4-sp-d16 -mfloat-abi=hard -mthumb -Wl,--start-group -lc -lm -Wl,--end-group
/opt/st/stm32cubeide_1.15.1/plugins/com.st.stm32cube.ide.mcu.externaltools.gnu-tools-for-stm32.12.3.rel1.linux64_1.0.100.202403111256/tools/bin/../lib/gcc/arm-none-eabi/12.3.1/../../../../arm-none-eabi/bin/ld: warning: KBRD.elf has a LOAD segment with RWX permissions
Finished building target: KBRD.elf
 
arm-none-eabi-size  KBRD.elf 
arm-none-eabi-objdump -h -S KBRD.elf  > "KBRD.list"
   text	   data	    bss	    dec	    hex	filename
  61768	    500	   6148	  68416	  10b40	KBRD.elf
Finished building: default.size.stdout
 
Finished building: KBRD.list
 
09:19:58 **** Incremental Build of configuration Debug for project KBRD ****
make -j8 all 
arm-none-eabi-gcc "../Core/Src/main.c" -mcpu=cortex-m4 -std=gnu11 -g3 -DDEBUG -DUSE_HAL_DRIVER -DSTM32F411xE -c -I../Core/Inc -I../Drivers/STM32F4xx_HAL_Driver/Inc -I../Drivers/STM32F4xx_HAL_Driver/Inc/Legacy -I../Drivers/CMSIS/Device/ST/STM32F4xx/Include -I../Drivers/CMSIS/Include -I../USB_DEVICE/App -I../USB_DEVICE/Target -I../Middlewares/ST/STM32_USB_Device_Library/Core/Inc -I../Middlewares/ST/STM32_USB_Device_Library/Class/HID/Inc -O0 -ffunction-sections -fdata-sections -Wall -fstack-usage -fcyclomatic-complexity -MMD -MP -MF"Core/Src/main.d" -MT"Core/Src/main.o" --specs=nano.specs -mfpu=fpv4-sp-d16 -mfloat-abi=hard -mthumb -o "Core/Src/main.o"
../Core/Src/main.c: In function 'main':
../Core/Src/main.c:575:9: warning: implicit declaration of function 'USBD_HID_SendReport' [-Wimplicit-function-declaration]
  575 |         USBD_HID_SendReport(&hUsbDeviceFS, &keycodes, 9);                                                       // Send keys report
      |         ^~~~~~~~~~~~~~~~~~~
../Core/Src/main.c:651:41: warning: pointer targets in passing argument 1 of 'sprintf' differ in signedness [-Wpointer-sign]
  651 |                                 sprintf(DisplayText, "%d", Red);
      |                                         ^~~~~~~~~~~
      |                                         |
      |                                         uint8_t * {aka unsigned char *}
In file included from ../USB_DEVICE/Target/usbd_conf.h:30,
                 from ../Middlewares/ST/STM32_USB_Device_Library/Core/Inc/usbd_def.h:28,
                 from ../USB_DEVICE/App/usb_device.h:32,
                 from ../Core/Src/main.c:36:
/opt/st/stm32cubeide_1.15.1/plugins/com.st.stm32cube.ide.mcu.externaltools.gnu-tools-for-stm32.12.3.rel1.linux64_1.0.100.202403111256/tools/arm-none-eabi/include/stdio.h:250:18: note: expected 'char * restrict' but argument is of type 'uint8_t *' {aka 'unsigned char *'}
  250 | int     sprintf (char *__restrict, const char *__restrict, ...)
      |                  ^
../Core/Src/main.c:653:46: warning: pointer targets in passing argument 1 of 'SSD1306_Puts' differ in signedness [-Wpointer-sign]
  653 |                                 SSD1306_Puts(DisplayText, &Font_7x10, SSD1306_COLOR_WHITE);
      |                                              ^~~~~~~~~~~
      |                                              |
      |                                              uint8_t * {aka unsigned char *}
In file included from ../Core/Src/main.c:40:
../Core/Inc/ssd1306.h:134:25: note: expected 'char *' but argument is of type 'uint8_t *' {aka 'unsigned char *'}
  134 | char SSD1306_Puts(char* str, FontDef_t* Font, SSD1306_COLOR_t color);
      |                   ~~~~~~^~~
../Core/Src/main.c:657:41: warning: pointer targets in passing argument 1 of 'sprintf' differ in signedness [-Wpointer-sign]
  657 |                                 sprintf(DisplayText, "%d", Green);
      |                                         ^~~~~~~~~~~
      |                                         |
      |                                         uint8_t * {aka unsigned char *}
/opt/st/stm32cubeide_1.15.1/plugins/com.st.stm32cube.ide.mcu.externaltools.gnu-tools-for-stm32.12.3.rel1.linux64_1.0.100.202403111256/tools/arm-none-eabi/include/stdio.h:250:18: note: expected 'char * restrict' but argument is of type 'uint8_t *' {aka 'unsigned char *'}
  250 | int     sprintf (char *__restrict, const char *__restrict, ...)
      |                  ^
../Core/Src/main.c:659:46: warning: pointer targets in passing argument 1 of 'SSD1306_Puts' differ in signedness [-Wpointer-sign]
  659 |                                 SSD1306_Puts(DisplayText, &Font_7x10, SSD1306_COLOR_WHITE);
      |                                              ^~~~~~~~~~~
      |                                              |
      |                                              uint8_t * {aka unsigned char *}
../Core/Inc/ssd1306.h:134:25: note: expected 'char *' but argument is of type 'uint8_t *' {aka 'unsigned char *'}
  134 | char SSD1306_Puts(char* str, FontDef_t* Font, SSD1306_COLOR_t color);
      |                   ~~~~~~^~~
../Core/Src/main.c:663:41: warning: pointer targets in passing argument 1 of 'sprintf' differ in signedness [-Wpointer-sign]
  663 |                                 sprintf(DisplayText, "%d", Blue);
      |                                         ^~~~~~~~~~~
      |                                         |
      |                                         uint8_t * {aka unsigned char *}
/opt/st/stm32cubeide_1.15.1/plugins/com.st.stm32cube.ide.mcu.externaltools.gnu-tools-for-stm32.12.3.rel1.linux64_1.0.100.202403111256/tools/arm-none-eabi/include/stdio.h:250:18: note: expected 'char * restrict' but argument is of type 'uint8_t *' {aka 'unsigned char *'}
  250 | int     sprintf (char *__restrict, const char *__restrict, ...)
      |                  ^
../Core/Src/main.c:665:46: warning: pointer targets in passing argument 1 of 'SSD1306_Puts' differ in signedness [-Wpointer-sign]
  665 |                                 SSD1306_Puts(DisplayText, &Font_7x10, SSD1306_COLOR_WHITE);
      |                                              ^~~~~~~~~~~
      |                                              |
      |                                              uint8_t * {aka unsigned char *}
../Core/Inc/ssd1306.h:134:25: note: expected 'char *' but argument is of type 'uint8_t *' {aka 'unsigned char *'}
  134 | char SSD1306_Puts(char* str, FontDef_t* Font, SSD1306_COLOR_t color);
      |                   ~~~~~~^~~
../Core/Src/main.c:669:41: warning: pointer targets in passing argument 1 of 'sprintf' differ in signedness [-Wpointer-sign]
  669 |                                 sprintf(DisplayText, "%d", LedBrightness);
      |                                         ^~~~~~~~~~~
      |                                         |
      |                                         uint8_t * {aka unsigned char *}
/opt/st/stm32cubeide_1.15.1/plugins/com.st.stm32cube.ide.mcu.externaltools.gnu-tools-for-stm32.12.3.rel1.linux64_1.0.100.202403111256/tools/arm-none-eabi/include/stdio.h:250:18: note: expected 'char * restrict' but argument is of type 'uint8_t *' {aka 'unsigned char *'}
  250 | int     sprintf (char *__restrict, const char *__restrict, ...)
      |                  ^
../Core/Src/main.c:671:46: warning: pointer targets in passing argument 1 of 'SSD1306_Puts' differ in signedness [-Wpointer-sign]
  671 |                                 SSD1306_Puts(DisplayText, &Font_7x10, SSD1306_COLOR_WHITE);
      |                                              ^~~~~~~~~~~
      |                                              |
      |                                              uint8_t * {aka unsigned char *}
../Core/Inc/ssd1306.h:134:25: note: expected 'char *' but argument is of type 'uint8_t *' {aka 'unsigned char *'}
  134 | char SSD1306_Puts(char* str, FontDef_t* Font, SSD1306_COLOR_t color);
      |                   ~~~~~~^~~
../Core/Src/main.c:689:49: warning: pointer targets in passing argument 1 of 'sprintf' differ in signedness [-Wpointer-sign]
  689 |                                         sprintf(DisplayText, "%d", Red);
      |                                                 ^~~~~~~~~~~
      |                                                 |
      |                                                 uint8_t * {aka unsigned char *}
/opt/st/stm32cubeide_1.15.1/plugins/com.st.stm32cube.ide.mcu.externaltools.gnu-tools-for-stm32.12.3.rel1.linux64_1.0.100.202403111256/tools/arm-none-eabi/include/stdio.h:250:18: note: expected 'char * restrict' but argument is of type 'uint8_t *' {aka 'unsigned char *'}
  250 | int     sprintf (char *__restrict, const char *__restrict, ...)
      |                  ^
../Core/Src/main.c:691:54: warning: pointer targets in passing argument 1 of 'SSD1306_Puts' differ in signedness [-Wpointer-sign]
  691 |                                         SSD1306_Puts(DisplayText, &Font_7x10, SSD1306_COLOR_BLACK);
      |                                                      ^~~~~~~~~~~
      |                                                      |
      |                                                      uint8_t * {aka unsigned char *}
../Core/Inc/ssd1306.h:134:25: note: expected 'char *' but argument is of type 'uint8_t *' {aka 'unsigned char *'}
  134 | char SSD1306_Puts(char* str, FontDef_t* Font, SSD1306_COLOR_t color);
      |                   ~~~~~~^~~
../Core/Src/main.c:694:41: warning: this 'while' clause does not guard... [-Wmisleading-indentation]
  694 |                                         while(HAL_GPIO_ReadPin(GPIOA, GPIO_PIN_8) == GPIO_PIN_RESET);
      |                                         ^~~~~
../Core/Src/main.c:695:49: note: ...this statement, but the latter is misleadingly indented as if it were guarded by the 'while'
  695 |                                                 RedMenu = 1;
      |                                                 ^~~~~~~
../Core/Src/main.c:711:57: warning: pointer targets in passing argument 1 of 'sprintf' differ in signedness [-Wpointer-sign]
  711 |                                                 sprintf(DisplayText, "%d", Green);
      |                                                         ^~~~~~~~~~~
      |                                                         |
      |                                                         uint8_t * {aka unsigned char *}
/opt/st/stm32cubeide_1.15.1/plugins/com.st.stm32cube.ide.mcu.externaltools.gnu-tools-for-stm32.12.3.rel1.linux64_1.0.100.202403111256/tools/arm-none-eabi/include/stdio.h:250:18: note: expected 'char * restrict' but argument is of type 'uint8_t *' {aka 'unsigned char *'}
  250 | int     sprintf (char *__restrict, const char *__restrict, ...)
      |                  ^
../Core/Src/main.c:713:62: warning: pointer targets in passing argument 1 of 'SSD1306_Puts' differ in signedness [-Wpointer-sign]
  713 |                                                 SSD1306_Puts(DisplayText, &Font_7x10, SSD1306_COLOR_BLACK);
      |                                                              ^~~~~~~~~~~
      |                                                              |
      |                                                              uint8_t * {aka unsigned char *}
../Core/Inc/ssd1306.h:134:25: note: expected 'char *' but argument is of type 'uint8_t *' {aka 'unsigned char *'}
  134 | char SSD1306_Puts(char* str, FontDef_t* Font, SSD1306_COLOR_t color);
      |                   ~~~~~~^~~
../Core/Src/main.c:735:57: warning: pointer targets in passing argument 1 of 'sprintf' differ in signedness [-Wpointer-sign]
  735 |                                                 sprintf(DisplayText, "%d", Blue);
      |                                                         ^~~~~~~~~~~
      |                                                         |
      |                                                         uint8_t * {aka unsigned char *}
/opt/st/stm32cubeide_1.15.1/plugins/com.st.stm32cube.ide.mcu.externaltools.gnu-tools-for-stm32.12.3.rel1.linux64_1.0.100.202403111256/tools/arm-none-eabi/include/stdio.h:250:18: note: expected 'char * restrict' but argument is of type 'uint8_t *' {aka 'unsigned char *'}
  250 | int     sprintf (char *__restrict, const char *__restrict, ...)
      |                  ^
../Core/Src/main.c:737:62: warning: pointer targets in passing argument 1 of 'SSD1306_Puts' differ in signedness [-Wpointer-sign]
  737 |                                                 SSD1306_Puts(DisplayText, &Font_7x10, SSD1306_COLOR_BLACK);
      |                                                              ^~~~~~~~~~~
      |                                                              |
      |                                                              uint8_t * {aka unsigned char *}
../Core/Inc/ssd1306.h:134:25: note: expected 'char *' but argument is of type 'uint8_t *' {aka 'unsigned char *'}
  134 | char SSD1306_Puts(char* str, FontDef_t* Font, SSD1306_COLOR_t color);
      |                   ~~~~~~^~~
../Core/Src/main.c:758:57: warning: pointer targets in passing argument 1 of 'sprintf' differ in signedness [-Wpointer-sign]
  758 |                                                 sprintf(DisplayText, "%d", LedBrightness);
      |                                                         ^~~~~~~~~~~
      |                                                         |
      |                                                         uint8_t * {aka unsigned char *}
/opt/st/stm32cubeide_1.15.1/plugins/com.st.stm32cube.ide.mcu.externaltools.gnu-tools-for-stm32.12.3.rel1.linux64_1.0.100.202403111256/tools/arm-none-eabi/include/stdio.h:250:18: note: expected 'char * restrict' but argument is of type 'uint8_t *' {aka 'unsigned char *'}
  250 | int     sprintf (char *__restrict, const char *__restrict, ...)
      |                  ^
../Core/Src/main.c:760:62: warning: pointer targets in passing argument 1 of 'SSD1306_Puts' differ in signedness [-Wpointer-sign]
  760 |                                                 SSD1306_Puts(DisplayText, &Font_7x10, SSD1306_COLOR_BLACK);
      |                                                              ^~~~~~~~~~~
      |                                                              |
      |                                                              uint8_t * {aka unsigned char *}
../Core/Inc/ssd1306.h:134:25: note: expected 'char *' but argument is of type 'uint8_t *' {aka 'unsigned char *'}
  134 | char SSD1306_Puts(char* str, FontDef_t* Font, SSD1306_COLOR_t color);
      |                   ~~~~~~^~~
../Core/Src/main.c:833:36: warning: implicit declaration of function 'USBD_HID_GetData' [-Wimplicit-function-declaration]
  833 |                 uint8_t *getData = USBD_HID_GetData();
      |                                    ^~~~~~~~~~~~~~~~
../Core/Src/main.c:833:36: warning: initialization of 'uint8_t *' {aka 'unsigned char *'} from 'int' makes pointer from integer without a cast [-Wint-conversion]
../Core/Src/main.c:877:19: warning: implicit declaration of function 'USBD_HID_GetPollingInterval' [-Wimplicit-function-declaration]
  877 |         HAL_Delay(USBD_HID_GetPollingInterval());                                                                       // Wait some interval to avoid reports overlapping
      |                   ^~~~~~~~~~~~~~~~~~~~~~~~~~~
../Core/Src/main.c: In function 'MX_ADC1_Init':
../Core/Src/main.c:963:26: warning: unused variable 'sConfig' [-Wunused-variable]
  963 |   ADC_ChannelConfTypeDef sConfig = {0};
      |                          ^~~~~~~
arm-none-eabi-gcc -o "KBRD.elf" @"objects.list"   -mcpu=cortex-m4 -T"/home/vrch/Astrolate-Starling/KBRD/STM32F411CEUX_FLASH.ld" --specs=nosys.specs -Wl,-Map="KBRD.map" -Wl,--gc-sections -static --specs=nano.specs -mfpu=fpv4-sp-d16 -mfloat-abi=hard -mthumb -Wl,--start-group -lc -lm -Wl,--end-group
/opt/st/stm32cubeide_1.15.1/plugins/com.st.stm32cube.ide.mcu.externaltools.gnu-tools-for-stm32.12.3.rel1.linux64_1.0.100.202403111256/tools/bin/../lib/gcc/arm-none-eabi/12.3.1/../../../../arm-none-eabi/bin/ld: warning: KBRD.elf has a LOAD segment with RWX permissions
Finished building target: KBRD.elf
 
arm-none-eabi-size  KBRD.elf 
arm-none-eabi-objdump -h -S KBRD.elf  > "KBRD.list"
   text	   data	    bss	    dec	    hex	filename
  61772	    500	   6148	  68420	  10b44	KBRD.elf
Finished building: default.size.stdout
 
Finished building: KBRD.list
 
09:27:44 **** Incremental Build of configuration Debug for project KBRD ****
make -j8 all 
arm-none-eabi-gcc "../Core/Src/main.c" -mcpu=cortex-m4 -std=gnu11 -g3 -DDEBUG -DUSE_HAL_DRIVER -DSTM32F411xE -c -I../Core/Inc -I../Drivers/STM32F4xx_HAL_Driver/Inc -I../Drivers/STM32F4xx_HAL_Driver/Inc/Legacy -I../Drivers/CMSIS/Device/ST/STM32F4xx/Include -I../Drivers/CMSIS/Include -I../USB_DEVICE/App -I../USB_DEVICE/Target -I../Middlewares/ST/STM32_USB_Device_Library/Core/Inc -I../Middlewares/ST/STM32_USB_Device_Library/Class/HID/Inc -O0 -ffunction-sections -fdata-sections -Wall -fstack-usage -fcyclomatic-complexity -MMD -MP -MF"Core/Src/main.d" -MT"Core/Src/main.o" --specs=nano.specs -mfpu=fpv4-sp-d16 -mfloat-abi=hard -mthumb -o "Core/Src/main.o"
../Core/Src/main.c: In function 'main':
../Core/Src/main.c:579:9: warning: implicit declaration of function 'USBD_HID_SendReport' [-Wimplicit-function-declaration]
  579 |         USBD_HID_SendReport(&hUsbDeviceFS, &keycodes, 9);                                                       // Send keys report
      |         ^~~~~~~~~~~~~~~~~~~
../Core/Src/main.c:655:41: warning: pointer targets in passing argument 1 of 'sprintf' differ in signedness [-Wpointer-sign]
  655 |                                 sprintf(DisplayText, "%d", Red);
      |                                         ^~~~~~~~~~~
      |                                         |
      |                                         uint8_t * {aka unsigned char *}
In file included from ../USB_DEVICE/Target/usbd_conf.h:30,
                 from ../Middlewares/ST/STM32_USB_Device_Library/Core/Inc/usbd_def.h:28,
                 from ../USB_DEVICE/App/usb_device.h:32,
                 from ../Core/Src/main.c:36:
/opt/st/stm32cubeide_1.15.1/plugins/com.st.stm32cube.ide.mcu.externaltools.gnu-tools-for-stm32.12.3.rel1.linux64_1.0.100.202403111256/tools/arm-none-eabi/include/stdio.h:250:18: note: expected 'char * restrict' but argument is of type 'uint8_t *' {aka 'unsigned char *'}
  250 | int     sprintf (char *__restrict, const char *__restrict, ...)
      |                  ^
../Core/Src/main.c:657:46: warning: pointer targets in passing argument 1 of 'SSD1306_Puts' differ in signedness [-Wpointer-sign]
  657 |                                 SSD1306_Puts(DisplayText, &Font_7x10, SSD1306_COLOR_WHITE);
      |                                              ^~~~~~~~~~~
      |                                              |
      |                                              uint8_t * {aka unsigned char *}
In file included from ../Core/Src/main.c:40:
../Core/Inc/ssd1306.h:134:25: note: expected 'char *' but argument is of type 'uint8_t *' {aka 'unsigned char *'}
  134 | char SSD1306_Puts(char* str, FontDef_t* Font, SSD1306_COLOR_t color);
      |                   ~~~~~~^~~
../Core/Src/main.c:661:41: warning: pointer targets in passing argument 1 of 'sprintf' differ in signedness [-Wpointer-sign]
  661 |                                 sprintf(DisplayText, "%d", Green);
      |                                         ^~~~~~~~~~~
      |                                         |
      |                                         uint8_t * {aka unsigned char *}
/opt/st/stm32cubeide_1.15.1/plugins/com.st.stm32cube.ide.mcu.externaltools.gnu-tools-for-stm32.12.3.rel1.linux64_1.0.100.202403111256/tools/arm-none-eabi/include/stdio.h:250:18: note: expected 'char * restrict' but argument is of type 'uint8_t *' {aka 'unsigned char *'}
  250 | int     sprintf (char *__restrict, const char *__restrict, ...)
      |                  ^
../Core/Src/main.c:663:46: warning: pointer targets in passing argument 1 of 'SSD1306_Puts' differ in signedness [-Wpointer-sign]
  663 |                                 SSD1306_Puts(DisplayText, &Font_7x10, SSD1306_COLOR_WHITE);
      |                                              ^~~~~~~~~~~
      |                                              |
      |                                              uint8_t * {aka unsigned char *}
../Core/Inc/ssd1306.h:134:25: note: expected 'char *' but argument is of type 'uint8_t *' {aka 'unsigned char *'}
  134 | char SSD1306_Puts(char* str, FontDef_t* Font, SSD1306_COLOR_t color);
      |                   ~~~~~~^~~
../Core/Src/main.c:667:41: warning: pointer targets in passing argument 1 of 'sprintf' differ in signedness [-Wpointer-sign]
  667 |                                 sprintf(DisplayText, "%d", Blue);
      |                                         ^~~~~~~~~~~
      |                                         |
      |                                         uint8_t * {aka unsigned char *}
/opt/st/stm32cubeide_1.15.1/plugins/com.st.stm32cube.ide.mcu.externaltools.gnu-tools-for-stm32.12.3.rel1.linux64_1.0.100.202403111256/tools/arm-none-eabi/include/stdio.h:250:18: note: expected 'char * restrict' but argument is of type 'uint8_t *' {aka 'unsigned char *'}
  250 | int     sprintf (char *__restrict, const char *__restrict, ...)
      |                  ^
../Core/Src/main.c:669:46: warning: pointer targets in passing argument 1 of 'SSD1306_Puts' differ in signedness [-Wpointer-sign]
  669 |                                 SSD1306_Puts(DisplayText, &Font_7x10, SSD1306_COLOR_WHITE);
      |                                              ^~~~~~~~~~~
      |                                              |
      |                                              uint8_t * {aka unsigned char *}
../Core/Inc/ssd1306.h:134:25: note: expected 'char *' but argument is of type 'uint8_t *' {aka 'unsigned char *'}
  134 | char SSD1306_Puts(char* str, FontDef_t* Font, SSD1306_COLOR_t color);
      |                   ~~~~~~^~~
../Core/Src/main.c:673:41: warning: pointer targets in passing argument 1 of 'sprintf' differ in signedness [-Wpointer-sign]
  673 |                                 sprintf(DisplayText, "%d", LedBrightness);
      |                                         ^~~~~~~~~~~
      |                                         |
      |                                         uint8_t * {aka unsigned char *}
/opt/st/stm32cubeide_1.15.1/plugins/com.st.stm32cube.ide.mcu.externaltools.gnu-tools-for-stm32.12.3.rel1.linux64_1.0.100.202403111256/tools/arm-none-eabi/include/stdio.h:250:18: note: expected 'char * restrict' but argument is of type 'uint8_t *' {aka 'unsigned char *'}
  250 | int     sprintf (char *__restrict, const char *__restrict, ...)
      |                  ^
../Core/Src/main.c:675:46: warning: pointer targets in passing argument 1 of 'SSD1306_Puts' differ in signedness [-Wpointer-sign]
  675 |                                 SSD1306_Puts(DisplayText, &Font_7x10, SSD1306_COLOR_WHITE);
      |                                              ^~~~~~~~~~~
      |                                              |
      |                                              uint8_t * {aka unsigned char *}
../Core/Inc/ssd1306.h:134:25: note: expected 'char *' but argument is of type 'uint8_t *' {aka 'unsigned char *'}
  134 | char SSD1306_Puts(char* str, FontDef_t* Font, SSD1306_COLOR_t color);
      |                   ~~~~~~^~~
../Core/Src/main.c:693:49: warning: pointer targets in passing argument 1 of 'sprintf' differ in signedness [-Wpointer-sign]
  693 |                                         sprintf(DisplayText, "%d", Red);
      |                                                 ^~~~~~~~~~~
      |                                                 |
      |                                                 uint8_t * {aka unsigned char *}
/opt/st/stm32cubeide_1.15.1/plugins/com.st.stm32cube.ide.mcu.externaltools.gnu-tools-for-stm32.12.3.rel1.linux64_1.0.100.202403111256/tools/arm-none-eabi/include/stdio.h:250:18: note: expected 'char * restrict' but argument is of type 'uint8_t *' {aka 'unsigned char *'}
  250 | int     sprintf (char *__restrict, const char *__restrict, ...)
      |                  ^
../Core/Src/main.c:695:54: warning: pointer targets in passing argument 1 of 'SSD1306_Puts' differ in signedness [-Wpointer-sign]
  695 |                                         SSD1306_Puts(DisplayText, &Font_7x10, SSD1306_COLOR_BLACK);
      |                                                      ^~~~~~~~~~~
      |                                                      |
      |                                                      uint8_t * {aka unsigned char *}
../Core/Inc/ssd1306.h:134:25: note: expected 'char *' but argument is of type 'uint8_t *' {aka 'unsigned char *'}
  134 | char SSD1306_Puts(char* str, FontDef_t* Font, SSD1306_COLOR_t color);
      |                   ~~~~~~^~~
../Core/Src/main.c:698:41: warning: this 'while' clause does not guard... [-Wmisleading-indentation]
  698 |                                         while(HAL_GPIO_ReadPin(GPIOA, GPIO_PIN_8) == GPIO_PIN_RESET);
      |                                         ^~~~~
../Core/Src/main.c:699:49: note: ...this statement, but the latter is misleadingly indented as if it were guarded by the 'while'
  699 |                                                 RedMenu = 1;
      |                                                 ^~~~~~~
../Core/Src/main.c:714:57: warning: pointer targets in passing argument 1 of 'sprintf' differ in signedness [-Wpointer-sign]
  714 |                                                 sprintf(DisplayText, "%d", Green);
      |                                                         ^~~~~~~~~~~
      |                                                         |
      |                                                         uint8_t * {aka unsigned char *}
/opt/st/stm32cubeide_1.15.1/plugins/com.st.stm32cube.ide.mcu.externaltools.gnu-tools-for-stm32.12.3.rel1.linux64_1.0.100.202403111256/tools/arm-none-eabi/include/stdio.h:250:18: note: expected 'char * restrict' but argument is of type 'uint8_t *' {aka 'unsigned char *'}
  250 | int     sprintf (char *__restrict, const char *__restrict, ...)
      |                  ^
../Core/Src/main.c:716:62: warning: pointer targets in passing argument 1 of 'SSD1306_Puts' differ in signedness [-Wpointer-sign]
  716 |                                                 SSD1306_Puts(DisplayText, &Font_7x10, SSD1306_COLOR_BLACK);
      |                                                              ^~~~~~~~~~~
      |                                                              |
      |                                                              uint8_t * {aka unsigned char *}
../Core/Inc/ssd1306.h:134:25: note: expected 'char *' but argument is of type 'uint8_t *' {aka 'unsigned char *'}
  134 | char SSD1306_Puts(char* str, FontDef_t* Font, SSD1306_COLOR_t color);
      |                   ~~~~~~^~~
../Core/Src/main.c:737:57: warning: pointer targets in passing argument 1 of 'sprintf' differ in signedness [-Wpointer-sign]
  737 |                                                 sprintf(DisplayText, "%d", Blue);
      |                                                         ^~~~~~~~~~~
      |                                                         |
      |                                                         uint8_t * {aka unsigned char *}
/opt/st/stm32cubeide_1.15.1/plugins/com.st.stm32cube.ide.mcu.externaltools.gnu-tools-for-stm32.12.3.rel1.linux64_1.0.100.202403111256/tools/arm-none-eabi/include/stdio.h:250:18: note: expected 'char * restrict' but argument is of type 'uint8_t *' {aka 'unsigned char *'}
  250 | int     sprintf (char *__restrict, const char *__restrict, ...)
      |                  ^
../Core/Src/main.c:739:62: warning: pointer targets in passing argument 1 of 'SSD1306_Puts' differ in signedness [-Wpointer-sign]
  739 |                                                 SSD1306_Puts(DisplayText, &Font_7x10, SSD1306_COLOR_BLACK);
      |                                                              ^~~~~~~~~~~
      |                                                              |
      |                                                              uint8_t * {aka unsigned char *}
../Core/Inc/ssd1306.h:134:25: note: expected 'char *' but argument is of type 'uint8_t *' {aka 'unsigned char *'}
  134 | char SSD1306_Puts(char* str, FontDef_t* Font, SSD1306_COLOR_t color);
      |                   ~~~~~~^~~
../Core/Src/main.c:759:57: warning: pointer targets in passing argument 1 of 'sprintf' differ in signedness [-Wpointer-sign]
  759 |                                                 sprintf(DisplayText, "%d", LedBrightness);
      |                                                         ^~~~~~~~~~~
      |                                                         |
      |                                                         uint8_t * {aka unsigned char *}
/opt/st/stm32cubeide_1.15.1/plugins/com.st.stm32cube.ide.mcu.externaltools.gnu-tools-for-stm32.12.3.rel1.linux64_1.0.100.202403111256/tools/arm-none-eabi/include/stdio.h:250:18: note: expected 'char * restrict' but argument is of type 'uint8_t *' {aka 'unsigned char *'}
  250 | int     sprintf (char *__restrict, const char *__restrict, ...)
      |                  ^
../Core/Src/main.c:761:62: warning: pointer targets in passing argument 1 of 'SSD1306_Puts' differ in signedness [-Wpointer-sign]
  761 |                                                 SSD1306_Puts(DisplayText, &Font_7x10, SSD1306_COLOR_BLACK);
      |                                                              ^~~~~~~~~~~
      |                                                              |
      |                                                              uint8_t * {aka unsigned char *}
../Core/Inc/ssd1306.h:134:25: note: expected 'char *' but argument is of type 'uint8_t *' {aka 'unsigned char *'}
  134 | char SSD1306_Puts(char* str, FontDef_t* Font, SSD1306_COLOR_t color);
      |                   ~~~~~~^~~
../Core/Src/main.c:829:36: warning: implicit declaration of function 'USBD_HID_GetData' [-Wimplicit-function-declaration]
  829 |                 uint8_t *getData = USBD_HID_GetData();
      |                                    ^~~~~~~~~~~~~~~~
../Core/Src/main.c:829:36: warning: initialization of 'uint8_t *' {aka 'unsigned char *'} from 'int' makes pointer from integer without a cast [-Wint-conversion]
../Core/Src/main.c:873:19: warning: implicit declaration of function 'USBD_HID_GetPollingInterval' [-Wimplicit-function-declaration]
  873 |         HAL_Delay(USBD_HID_GetPollingInterval());                                                                       // Wait some interval to avoid reports overlapping
      |                   ^~~~~~~~~~~~~~~~~~~~~~~~~~~
../Core/Src/main.c: In function 'MX_ADC1_Init':
../Core/Src/main.c:959:26: warning: unused variable 'sConfig' [-Wunused-variable]
  959 |   ADC_ChannelConfTypeDef sConfig = {0};
      |                          ^~~~~~~
arm-none-eabi-gcc -o "KBRD.elf" @"objects.list"   -mcpu=cortex-m4 -T"/home/vrch/Astrolate-Starling/KBRD/STM32F411CEUX_FLASH.ld" --specs=nosys.specs -Wl,-Map="KBRD.map" -Wl,--gc-sections -static --specs=nano.specs -mfpu=fpv4-sp-d16 -mfloat-abi=hard -mthumb -Wl,--start-group -lc -lm -Wl,--end-group
/opt/st/stm32cubeide_1.15.1/plugins/com.st.stm32cube.ide.mcu.externaltools.gnu-tools-for-stm32.12.3.rel1.linux64_1.0.100.202403111256/tools/bin/../lib/gcc/arm-none-eabi/12.3.1/../../../../arm-none-eabi/bin/ld: warning: KBRD.elf has a LOAD segment with RWX permissions
Finished building target: KBRD.elf
 
arm-none-eabi-size  KBRD.elf 
arm-none-eabi-objdump -h -S KBRD.elf  > "KBRD.list"
   text	   data	    bss	    dec	    hex	filename
  61772	    500	   6148	  68420	  10b44	KBRD.elf
Finished building: default.size.stdout
 
Finished building: KBRD.list
 
09:31:16 **** Incremental Build of configuration Debug for project KBRD ****
make -j8 all 
arm-none-eabi-gcc "../Core/Src/main.c" -mcpu=cortex-m4 -std=gnu11 -g3 -DDEBUG -DUSE_HAL_DRIVER -DSTM32F411xE -c -I../Core/Inc -I../Drivers/STM32F4xx_HAL_Driver/Inc -I../Drivers/STM32F4xx_HAL_Driver/Inc/Legacy -I../Drivers/CMSIS/Device/ST/STM32F4xx/Include -I../Drivers/CMSIS/Include -I../USB_DEVICE/App -I../USB_DEVICE/Target -I../Middlewares/ST/STM32_USB_Device_Library/Core/Inc -I../Middlewares/ST/STM32_USB_Device_Library/Class/HID/Inc -O0 -ffunction-sections -fdata-sections -Wall -fstack-usage -fcyclomatic-complexity -MMD -MP -MF"Core/Src/main.d" -MT"Core/Src/main.o" --specs=nano.specs -mfpu=fpv4-sp-d16 -mfloat-abi=hard -mthumb -o "Core/Src/main.o"
../Core/Src/main.c: In function 'main':
../Core/Src/main.c:579:9: warning: implicit declaration of function 'USBD_HID_SendReport' [-Wimplicit-function-declaration]
  579 |         USBD_HID_SendReport(&hUsbDeviceFS, &keycodes, 9);                                                       // Send keys report
      |         ^~~~~~~~~~~~~~~~~~~
../Core/Src/main.c:655:41: warning: pointer targets in passing argument 1 of 'sprintf' differ in signedness [-Wpointer-sign]
  655 |                                 sprintf(DisplayText, "%d", Red);
      |                                         ^~~~~~~~~~~
      |                                         |
      |                                         uint8_t * {aka unsigned char *}
In file included from ../USB_DEVICE/Target/usbd_conf.h:30,
                 from ../Middlewares/ST/STM32_USB_Device_Library/Core/Inc/usbd_def.h:28,
                 from ../USB_DEVICE/App/usb_device.h:32,
                 from ../Core/Src/main.c:36:
/opt/st/stm32cubeide_1.15.1/plugins/com.st.stm32cube.ide.mcu.externaltools.gnu-tools-for-stm32.12.3.rel1.linux64_1.0.100.202403111256/tools/arm-none-eabi/include/stdio.h:250:18: note: expected 'char * restrict' but argument is of type 'uint8_t *' {aka 'unsigned char *'}
  250 | int     sprintf (char *__restrict, const char *__restrict, ...)
      |                  ^
../Core/Src/main.c:657:46: warning: pointer targets in passing argument 1 of 'SSD1306_Puts' differ in signedness [-Wpointer-sign]
  657 |                                 SSD1306_Puts(DisplayText, &Font_7x10, SSD1306_COLOR_WHITE);
      |                                              ^~~~~~~~~~~
[...]
  250 | int     sprintf (char *__restrict, const char *__restrict, ...)
      |                  ^
../Core/Src/main.c:741:62: warning: pointer targets in passing argument 1 of 'SSD1306_Puts' differ in signedness [-Wpointer-sign]
  741 |                                                 SSD1306_Puts(DisplayText, &Font_7x10, SSD1306_COLOR_BLACK);
      |                                                              ^~~~~~~~~~~
      |                                                              |
      |                                                              uint8_t * {aka unsigned char *}
../Core/Inc/ssd1306.h:134:25: note: expected 'char *' but argument is of type 'uint8_t *' {aka 'unsigned char *'}
  134 | char SSD1306_Puts(char* str, FontDef_t* Font, SSD1306_COLOR_t color);
      |                   ~~~~~~^~~
../Core/Src/main.c:761:57: warning: pointer targets in passing argument 1 of 'sprintf' differ in signedness [-Wpointer-sign]
  761 |                                                 sprintf(DisplayText, "%d", LedBrightness);
      |                                                         ^~~~~~~~~~~
      |                                                         |
      |                                                         uint8_t * {aka unsigned char *}
/opt/st/stm32cubeide_1.15.1/plugins/com.st.stm32cube.ide.mcu.externaltools.gnu-tools-for-stm32.12.3.rel1.linux64_1.0.100.202403111256/tools/arm-none-eabi/include/stdio.h:250:18: note: expected 'char * restrict' but argument is of type 'uint8_t *' {aka 'unsigned char *'}
  250 | int     sprintf (char *__restrict, const char *__restrict, ...)
      |                  ^
../Core/Src/main.c:763:62: warning: pointer targets in passing argument 1 of 'SSD1306_Puts' differ in signedness [-Wpointer-sign]
  763 |                                                 SSD1306_Puts(DisplayText, &Font_7x10, SSD1306_COLOR_BLACK);
      |                                                              ^~~~~~~~~~~
      |                                                              |
      |                                                              uint8_t * {aka unsigned char *}
../Core/Inc/ssd1306.h:134:25: note: expected 'char *' but argument is of type 'uint8_t *' {aka 'unsigned char *'}
  134 | char SSD1306_Puts(char* str, FontDef_t* Font, SSD1306_COLOR_t color);
      |                   ~~~~~~^~~
../Core/Src/main.c:831:36: warning: implicit declaration of function 'USBD_HID_GetData' [-Wimplicit-function-declaration]
  831 |                 uint8_t *getData = USBD_HID_GetData();
      |                                    ^~~~~~~~~~~~~~~~
../Core/Src/main.c:831:36: warning: initialization of 'uint8_t *' {aka 'unsigned char *'} from 'int' makes pointer from integer without a cast [-Wint-conversion]
../Core/Src/main.c:875:19: warning: implicit declaration of function 'USBD_HID_GetPollingInterval' [-Wimplicit-function-declaration]
  875 |         HAL_Delay(USBD_HID_GetPollingInterval());                                                                       // Wait some interval to avoid reports overlapping
      |                   ^~~~~~~~~~~~~~~~~~~~~~~~~~~
../Core/Src/main.c: In function 'MX_ADC1_Init':
../Core/Src/main.c:961:26: warning: unused variable 'sConfig' [-Wunused-variable]
  961 |   ADC_ChannelConfTypeDef sConfig = {0};
      |                          ^~~~~~~
make: *** [Core/Src/subdir.mk:46: Core/Src/main.o] Error 1
"make -j8 all" terminated with exit code 2. Build might be incomplete.
09:44:03 **** Incremental Build of configuration Debug for project KBRD ****
make -j8 all 
arm-none-eabi-gcc "../Core/Src/main.c" -mcpu=cortex-m4 -std=gnu11 -g3 -DDEBUG -DUSE_HAL_DRIVER -DSTM32F411xE -c -I../Core/Inc -I../Drivers/STM32F4xx_HAL_Driver/Inc -I../Drivers/STM32F4xx_HAL_Driver/Inc/Legacy -I../Drivers/CMSIS/Device/ST/STM32F4xx/Include -I../Drivers/CMSIS/Include -I../USB_DEVICE/App -I../USB_DEVICE/Target -I../Middlewares/ST/STM32_USB_Device_Library/Core/Inc -I../Middlewares/ST/STM32_USB_Device_Library/Class/HID/Inc -O0 -ffunction-sections -fdata-sections -Wall -fstack-usage -fcyclomatic-complexity -MMD -MP -MF"Core/Src/main.d" -MT"Core/Src/main.o" --specs=nano.specs -mfpu=fpv4-sp-d16 -mfloat-abi=hard -mthumb -o "Core/Src/main.o"
../Core/Src/main.c: In function 'main':
../Core/Src/main.c:581:9: warning: implicit declaration of function 'USBD_HID_SendReport' [-Wimplicit-function-declaration]
  581 |         USBD_HID_SendReport(&hUsbDeviceFS, &keycodes, 9);                                                       // Send keys report
      |         ^~~~~~~~~~~~~~~~~~~
../Core/Src/main.c:657:41: warning: pointer targets in passing argument 1 of 'sprintf' differ in signedness [-Wpointer-sign]
  657 |                                 sprintf(DisplayText, "%d", Red);
      |                                         ^~~~~~~~~~~
      |                                         |
      |                                         uint8_t * {aka unsigned char *}
In file included from ../USB_DEVICE/Target/usbd_conf.h:30,
                 from ../Middlewares/ST/STM32_USB_Device_Library/Core/Inc/usbd_def.h:28,
                 from ../USB_DEVICE/App/usb_device.h:32,
                 from ../Core/Src/main.c:36:
/opt/st/stm32cubeide_1.15.1/plugins/com.st.stm32cube.ide.mcu.externaltools.gnu-tools-for-stm32.12.3.rel1.linux64_1.0.100.202403111256/tools/arm-none-eabi/include/stdio.h:250:18: note: expected 'char * restrict' but argument is of type 'uint8_t *' {aka 'unsigned char *'}
  250 | int     sprintf (char *__restrict, const char *__restrict, ...)
      |                  ^
../Core/Src/main.c:659:46: warning: pointer targets in passing argument 1 of 'SSD1306_Puts' differ in signedness [-Wpointer-sign]
  659 |                                 SSD1306_Puts(DisplayText, &Font_7x10, SSD1306_COLOR_WHITE);
      |                                              ^~~~~~~~~~~
      |                                              |
      |                                              uint8_t * {aka unsigned char *}
In file included from ../Core/Src/main.c:40:
../Core/Inc/ssd1306.h:134:25: note: expected 'char *' but argument is of type 'uint8_t *' {aka 'unsigned char *'}
  134 | char SSD1306_Puts(char* str, FontDef_t* Font, SSD1306_COLOR_t color);
      |                   ~~~~~~^~~
../Core/Src/main.c:663:41: warning: pointer targets in passing argument 1 of 'sprintf' differ in signedness [-Wpointer-sign]
  663 |                                 sprintf(DisplayText, "%d", Green);
      |                                         ^~~~~~~~~~~
      |                                         |
      |                                         uint8_t * {aka unsigned char *}
/opt/st/stm32cubeide_1.15.1/plugins/com.st.stm32cube.ide.mcu.externaltools.gnu-tools-for-stm32.12.3.rel1.linux64_1.0.100.202403111256/tools/arm-none-eabi/include/stdio.h:250:18: note: expected 'char * restrict' but argument is of type 'uint8_t *' {aka 'unsigned char *'}
  250 | int     sprintf (char *__restrict, const char *__restrict, ...)
      |                  ^
../Core/Src/main.c:665:46: warning: pointer targets in passing argument 1 of 'SSD1306_Puts' differ in signedness [-Wpointer-sign]
  665 |                                 SSD1306_Puts(DisplayText, &Font_7x10, SSD1306_COLOR_WHITE);
      |                                              ^~~~~~~~~~~
      |                                              |
      |                                              uint8_t * {aka unsigned char *}
../Core/Inc/ssd1306.h:134:25: note: expected 'char *' but argument is of type 'uint8_t *' {aka 'unsigned char *'}
  134 | char SSD1306_Puts(char* str, FontDef_t* Font, SSD1306_COLOR_t color);
      |                   ~~~~~~^~~
../Core/Src/main.c:669:41: warning: pointer targets in passing argument 1 of 'sprintf' differ in signedness [-Wpointer-sign]
  669 |                                 sprintf(DisplayText, "%d", Blue);
      |                                         ^~~~~~~~~~~
      |                                         |
      |                                         uint8_t * {aka unsigned char *}
/opt/st/stm32cubeide_1.15.1/plugins/com.st.stm32cube.ide.mcu.externaltools.gnu-tools-for-stm32.12.3.rel1.linux64_1.0.100.202403111256/tools/arm-none-eabi/include/stdio.h:250:18: note: expected 'char * restrict' but argument is of type 'uint8_t *' {aka 'unsigned char *'}
  250 | int     sprintf (char *__restrict, const char *__restrict, ...)
      |                  ^
../Core/Src/main.c:671:46: warning: pointer targets in passing argument 1 of 'SSD1306_Puts' differ in signedness [-Wpointer-sign]
  671 |                                 SSD1306_Puts(DisplayText, &Font_7x10, SSD1306_COLOR_WHITE);
      |                                              ^~~~~~~~~~~
      |                                              |
      |                                              uint8_t * {aka unsigned char *}
../Core/Inc/ssd1306.h:134:25: note: expected 'char *' but argument is of type 'uint8_t *' {aka 'unsigned char *'}
  134 | char SSD1306_Puts(char* str, FontDef_t* Font, SSD1306_COLOR_t color);
      |                   ~~~~~~^~~
../Core/Src/main.c:675:41: warning: pointer targets in passing argument 1 of 'sprintf' differ in signedness [-Wpointer-sign]
  675 |                                 sprintf(DisplayText, "%d", LedBrightness);
      |                                         ^~~~~~~~~~~
      |                                         |
      |                                         uint8_t * {aka unsigned char *}
/opt/st/stm32cubeide_1.15.1/plugins/com.st.stm32cube.ide.mcu.externaltools.gnu-tools-for-stm32.12.3.rel1.linux64_1.0.100.202403111256/tools/arm-none-eabi/include/stdio.h:250:18: note: expected 'char * restrict' but argument is of type 'uint8_t *' {aka 'unsigned char *'}
  250 | int     sprintf (char *__restrict, const char *__restrict, ...)
      |                  ^
../Core/Src/main.c:677:46: warning: pointer targets in passing argument 1 of 'SSD1306_Puts' differ in signedness [-Wpointer-sign]
  677 |                                 SSD1306_Puts(DisplayText, &Font_7x10, SSD1306_COLOR_WHITE);
      |                                              ^~~~~~~~~~~
      |                                              |
      |                                              uint8_t * {aka unsigned char *}
../Core/Inc/ssd1306.h:134:25: note: expected 'char *' but argument is of type 'uint8_t *' {aka 'unsigned char *'}
  134 | char SSD1306_Puts(char* str, FontDef_t* Font, SSD1306_COLOR_t color);
      |                   ~~~~~~^~~
../Core/Src/main.c:695:49: warning: pointer targets in passing argument 1 of 'sprintf' differ in signedness [-Wpointer-sign]
  695 |                                         sprintf(DisplayText, "%d", Red);
      |                                                 ^~~~~~~~~~~
      |                                                 |
      |                                                 uint8_t * {aka unsigned char *}
/opt/st/stm32cubeide_1.15.1/plugins/com.st.stm32cube.ide.mcu.externaltools.gnu-tools-for-stm32.12.3.rel1.linux64_1.0.100.202403111256/tools/arm-none-eabi/include/stdio.h:250:18: note: expected 'char * restrict' but argument is of type 'uint8_t *' {aka 'unsigned char *'}
  250 | int     sprintf (char *__restrict, const char *__restrict, ...)
      |                  ^
../Core/Src/main.c:697:54: warning: pointer targets in passing argument 1 of 'SSD1306_Puts' differ in signedness [-Wpointer-sign]
  697 |                                         SSD1306_Puts(DisplayText, &Font_7x10, SSD1306_COLOR_BLACK);
      |                                                      ^~~~~~~~~~~
      |                                                      |
      |                                                      uint8_t * {aka unsigned char *}
../Core/Inc/ssd1306.h:134:25: note: expected 'char *' but argument is of type 'uint8_t *' {aka 'unsigned char *'}
  134 | char SSD1306_Puts(char* str, FontDef_t* Font, SSD1306_COLOR_t color);
      |                   ~~~~~~^~~
../Core/Src/main.c:700:41: warning: this 'while' clause does not guard... [-Wmisleading-indentation]
  700 |                                         while(HAL_GPIO_ReadPin(GPIOA, GPIO_PIN_8) == GPIO_PIN_RESET);
      |                                         ^~~~~
../Core/Src/main.c:701:49: note: ...this statement, but the latter is misleadingly indented as if it were guarded by the 'while'
  701 |                                                 RedMenu = 1;
      |                                                 ^~~~~~~
../Core/Src/main.c:716:57: warning: pointer targets in passing argument 1 of 'sprintf' differ in signedness [-Wpointer-sign]
  716 |                                                 sprintf(DisplayText, "%d", Green);
      |                                                         ^~~~~~~~~~~
      |                                                         |
      |                                                         uint8_t * {aka unsigned char *}
/opt/st/stm32cubeide_1.15.1/plugins/com.st.stm32cube.ide.mcu.externaltools.gnu-tools-for-stm32.12.3.rel1.linux64_1.0.100.202403111256/tools/arm-none-eabi/include/stdio.h:250:18: note: expected 'char * restrict' but argument is of type 'uint8_t *' {aka 'unsigned char *'}
  250 | int     sprintf (char *__restrict, const char *__restrict, ...)
      |                  ^
../Core/Src/main.c:718:62: warning: pointer targets in passing argument 1 of 'SSD1306_Puts' differ in signedness [-Wpointer-sign]
  718 |                                                 SSD1306_Puts(DisplayText, &Font_7x10, SSD1306_COLOR_BLACK);
      |                                                              ^~~~~~~~~~~
      |                                                              |
      |                                                              uint8_t * {aka unsigned char *}
../Core/Inc/ssd1306.h:134:25: note: expected 'char *' but argument is of type 'uint8_t *' {aka 'unsigned char *'}
  134 | char SSD1306_Puts(char* str, FontDef_t* Font, SSD1306_COLOR_t color);
      |                   ~~~~~~^~~
../Core/Src/main.c:739:57: warning: pointer targets in passing argument 1 of 'sprintf' differ in signedness [-Wpointer-sign]
  739 |                                                 sprintf(DisplayText, "%d", Blue);
      |                                                         ^~~~~~~~~~~
      |                                                         |
      |                                                         uint8_t * {aka unsigned char *}
/opt/st/stm32cubeide_1.15.1/plugins/com.st.stm32cube.ide.mcu.externaltools.gnu-tools-for-stm32.12.3.rel1.linux64_1.0.100.202403111256/tools/arm-none-eabi/include/stdio.h:250:18: note: expected 'char * restrict' but argument is of type 'uint8_t *' {aka 'unsigned char *'}
  250 | int     sprintf (char *__restrict, const char *__restrict, ...)
      |                  ^
../Core/Src/main.c:741:62: warning: pointer targets in passing argument 1 of 'SSD1306_Puts' differ in signedness [-Wpointer-sign]
  741 |                                                 SSD1306_Puts(DisplayText, &Font_7x10, SSD1306_COLOR_BLACK);
      |                                                              ^~~~~~~~~~~
      |                                                              |
      |                                                              uint8_t * {aka unsigned char *}
../Core/Inc/ssd1306.h:134:25: note: expected 'char *' but argument is of type 'uint8_t *' {aka 'unsigned char *'}
  134 | char SSD1306_Puts(char* str, FontDef_t* Font, SSD1306_COLOR_t color);
      |                   ~~~~~~^~~
../Core/Src/main.c:761:57: warning: pointer targets in passing argument 1 of 'sprintf' differ in signedness [-Wpointer-sign]
  761 |                                                 sprintf(DisplayText, "%d", LedBrightness);
      |                                                         ^~~~~~~~~~~
      |                                                         |
      |                                                         uint8_t * {aka unsigned char *}
/opt/st/stm32cubeide_1.15.1/plugins/com.st.stm32cube.ide.mcu.externaltools.gnu-tools-for-stm32.12.3.rel1.linux64_1.0.100.202403111256/tools/arm-none-eabi/include/stdio.h:250:18: note: expected 'char * restrict' but argument is of type 'uint8_t *' {aka 'unsigned char *'}
  250 | int     sprintf (char *__restrict, const char *__restrict, ...)
      |                  ^
../Core/Src/main.c:763:62: warning: pointer targets in passing argument 1 of 'SSD1306_Puts' differ in signedness [-Wpointer-sign]
  763 |                                                 SSD1306_Puts(DisplayText, &Font_7x10, SSD1306_COLOR_BLACK);
      |                                                              ^~~~~~~~~~~
      |                                                              |
      |                                                              uint8_t * {aka unsigned char *}
../Core/Inc/ssd1306.h:134:25: note: expected 'char *' but argument is of type 'uint8_t *' {aka 'unsigned char *'}
  134 | char SSD1306_Puts(char* str, FontDef_t* Font, SSD1306_COLOR_t color);
      |                   ~~~~~~^~~
../Core/Src/main.c:831:36: warning: implicit declaration of function 'USBD_HID_GetData' [-Wimplicit-function-declaration]
  831 |                 uint8_t *getData = USBD_HID_GetData();
      |                                    ^~~~~~~~~~~~~~~~
../Core/Src/main.c:831:36: warning: initialization of 'uint8_t *' {aka 'unsigned char *'} from 'int' makes pointer from integer without a cast [-Wint-conversion]
../Core/Src/main.c:875:19: warning: implicit declaration of function 'USBD_HID_GetPollingInterval' [-Wimplicit-function-declaration]
  875 |         HAL_Delay(USBD_HID_GetPollingInterval());                                                                       // Wait some interval to avoid reports overlapping
      |                   ^~~~~~~~~~~~~~~~~~~~~~~~~~~
../Core/Src/main.c: In function 'MX_ADC1_Init':
../Core/Src/main.c:961:26: warning: unused variable 'sConfig' [-Wunused-variable]
  961 |   ADC_ChannelConfTypeDef sConfig = {0};
      |                          ^~~~~~~
arm-none-eabi-gcc -o "KBRD.elf" @"objects.list"   -mcpu=cortex-m4 -T"/home/vrch/Astrolate-Starling/KBRD/STM32F411CEUX_FLASH.ld" --specs=nosys.specs -Wl,-Map="KBRD.map" -Wl,--gc-sections -static --specs=nano.specs -mfpu=fpv4-sp-d16 -mfloat-abi=hard -mthumb -Wl,--start-group -lc -lm -Wl,--end-group
/opt/st/stm32cubeide_1.15.1/plugins/com.st.stm32cube.ide.mcu.externaltools.gnu-tools-for-stm32.12.3.rel1.linux64_1.0.100.202403111256/tools/bin/../lib/gcc/arm-none-eabi/12.3.1/../../../../arm-none-eabi/bin/ld: warning: KBRD.elf has a LOAD segment with RWX permissions
Finished building target: KBRD.elf
 
arm-none-eabi-size  KBRD.elf 
arm-none-eabi-objdump -h -S KBRD.elf  > "KBRD.list"
   text	   data	    bss	    dec	    hex	filename
  61768	    500	   6148	  68416	  10b40	KBRD.elf
Finished building: default.size.stdout
 
Finished building: KBRD.list
 
09:54:03 **** Incremental Build of configuration Debug for project KBRD ****
make -j8 all 
arm-none-eabi-size  KBRD.elf 
   text	   data	    bss	    dec	    hex	filename
  61768	    500	   6148	  68416	  10b40	KBRD.elf
Finished building: default.size.stdout
 
09:55:16 **** Incremental Build of configuration Debug for project KBRD ****
make -j8 all 
arm-none-eabi-size  KBRD.elf 
   text	   data	    bss	    dec	    hex	filename
  61768	    500	   6148	  68416	  10b40	KBRD.elf
Finished building: default.size.stdout
 
09:55:30 **** Incremental Build of configuration Debug for project KBRD ****
make -j8 all 
arm-none-eabi-size  KBRD.elf 
   text	   data	    bss	    dec	    hex	filename
  61768	    500	   6148	  68416	  10b40	KBRD.elf
Finished building: default.size.stdout
 
